Archive member included to satisfy reference by file (symbol)

e:/_tool/arm-gnu-toolchain-12.2.mpacbti-rel1-mingw-w64-i686-arm-none-eabi/bin/../lib/gcc/arm-none-eabi/12.2.1/thumb/v7-m/nofp\libgcc.a(_arm_mulsf3.o)
                              CMakeFiles/WM8960-TEST.elf.dir/Code/WM8960Apps.c.obj (__aeabi_fmul)
e:/_tool/arm-gnu-toolchain-12.2.mpacbti-rel1-mingw-w64-i686-arm-none-eabi/bin/../lib/gcc/arm-none-eabi/12.2.1/thumb/v7-m/nofp\libgcc.a(_arm_fixsfsi.o)
                              CMakeFiles/WM8960-TEST.elf.dir/Code/WM8960Apps.c.obj (__aeabi_f2iz)
e:/_tool/arm-gnu-toolchain-12.2.mpacbti-rel1-mingw-w64-i686-arm-none-eabi/bin/../lib/gcc/arm-none-eabi/12.2.1/thumb/v7-m/nofp\libg.a(libc_a-exit.o)
                              e:/_tool/arm-gnu-toolchain-12.2.mpacbti-rel1-mingw-w64-i686-arm-none-eabi/bin/../lib/gcc/arm-none-eabi/12.2.1/thumb/v7-m/nofp/crt0.o (exit)
e:/_tool/arm-gnu-toolchain-12.2.mpacbti-rel1-mingw-w64-i686-arm-none-eabi/bin/../lib/gcc/arm-none-eabi/12.2.1/thumb/v7-m/nofp\libg.a(libc_a-findfp.o)
                              e:/_tool/arm-gnu-toolchain-12.2.mpacbti-rel1-mingw-w64-i686-arm-none-eabi/bin/../lib/gcc/arm-none-eabi/12.2.1/thumb/v7-m/nofp\libg.a(libc_a-exit.o) (__stdio_exit_handler)
e:/_tool/arm-gnu-toolchain-12.2.mpacbti-rel1-mingw-w64-i686-arm-none-eabi/bin/../lib/gcc/arm-none-eabi/12.2.1/thumb/v7-m/nofp\libg.a(libc_a-fwalk.o)
                              e:/_tool/arm-gnu-toolchain-12.2.mpacbti-rel1-mingw-w64-i686-arm-none-eabi/bin/../lib/gcc/arm-none-eabi/12.2.1/thumb/v7-m/nofp\libg.a(libc_a-findfp.o) (_fwalk_sglue)
e:/_tool/arm-gnu-toolchain-12.2.mpacbti-rel1-mingw-w64-i686-arm-none-eabi/bin/../lib/gcc/arm-none-eabi/12.2.1/thumb/v7-m/nofp\libg.a(libc_a-printf.o)
                              CMakeFiles/WM8960-TEST.elf.dir/Code/WM8960.c.obj (printf)
e:/_tool/arm-gnu-toolchain-12.2.mpacbti-rel1-mingw-w64-i686-arm-none-eabi/bin/../lib/gcc/arm-none-eabi/12.2.1/thumb/v7-m/nofp\libg.a(libc_a-puts.o)
                              CMakeFiles/WM8960-TEST.elf.dir/Code/WM8960.c.obj (puts)
e:/_tool/arm-gnu-toolchain-12.2.mpacbti-rel1-mingw-w64-i686-arm-none-eabi/bin/../lib/gcc/arm-none-eabi/12.2.1/thumb/v7-m/nofp\libg.a(libc_a-sprintf.o)
                              CMakeFiles/WM8960-TEST.elf.dir/Code/WM8960Apps.c.obj (sprintf)
e:/_tool/arm-gnu-toolchain-12.2.mpacbti-rel1-mingw-w64-i686-arm-none-eabi/bin/../lib/gcc/arm-none-eabi/12.2.1/thumb/v7-m/nofp\libg.a(libc_a-stdio.o)
                              e:/_tool/arm-gnu-toolchain-12.2.mpacbti-rel1-mingw-w64-i686-arm-none-eabi/bin/../lib/gcc/arm-none-eabi/12.2.1/thumb/v7-m/nofp\libg.a(libc_a-findfp.o) (__sread)
e:/_tool/arm-gnu-toolchain-12.2.mpacbti-rel1-mingw-w64-i686-arm-none-eabi/bin/../lib/gcc/arm-none-eabi/12.2.1/thumb/v7-m/nofp\libg.a(libc_a-memset.o)
                              e:/_tool/arm-gnu-toolchain-12.2.mpacbti-rel1-mingw-w64-i686-arm-none-eabi/bin/../lib/gcc/arm-none-eabi/12.2.1/thumb/v7-m/nofp/crt0.o (memset)
e:/_tool/arm-gnu-toolchain-12.2.mpacbti-rel1-mingw-w64-i686-arm-none-eabi/bin/../lib/gcc/arm-none-eabi/12.2.1/thumb/v7-m/nofp\libg.a(libc_a-strcat.o)
                              CMakeFiles/WM8960-TEST.elf.dir/Code/WM8960Apps.c.obj (strcat)
e:/_tool/arm-gnu-toolchain-12.2.mpacbti-rel1-mingw-w64-i686-arm-none-eabi/bin/../lib/gcc/arm-none-eabi/12.2.1/thumb/v7-m/nofp\libg.a(libc_a-closer.o)
                              e:/_tool/arm-gnu-toolchain-12.2.mpacbti-rel1-mingw-w64-i686-arm-none-eabi/bin/../lib/gcc/arm-none-eabi/12.2.1/thumb/v7-m/nofp\libg.a(libc_a-stdio.o) (_close_r)
e:/_tool/arm-gnu-toolchain-12.2.mpacbti-rel1-mingw-w64-i686-arm-none-eabi/bin/../lib/gcc/arm-none-eabi/12.2.1/thumb/v7-m/nofp\libg.a(libc_a-reent.o)
                              e:/_tool/arm-gnu-toolchain-12.2.mpacbti-rel1-mingw-w64-i686-arm-none-eabi/bin/../lib/gcc/arm-none-eabi/12.2.1/thumb/v7-m/nofp\libg.a(libc_a-closer.o) (errno)
e:/_tool/arm-gnu-toolchain-12.2.mpacbti-rel1-mingw-w64-i686-arm-none-eabi/bin/../lib/gcc/arm-none-eabi/12.2.1/thumb/v7-m/nofp\libg.a(libc_a-impure.o)
                              e:/_tool/arm-gnu-toolchain-12.2.mpacbti-rel1-mingw-w64-i686-arm-none-eabi/bin/../lib/gcc/arm-none-eabi/12.2.1/thumb/v7-m/nofp\libg.a(libc_a-printf.o) (_impure_ptr)
e:/_tool/arm-gnu-toolchain-12.2.mpacbti-rel1-mingw-w64-i686-arm-none-eabi/bin/../lib/gcc/arm-none-eabi/12.2.1/thumb/v7-m/nofp\libg.a(libc_a-lseekr.o)
                              e:/_tool/arm-gnu-toolchain-12.2.mpacbti-rel1-mingw-w64-i686-arm-none-eabi/bin/../lib/gcc/arm-none-eabi/12.2.1/thumb/v7-m/nofp\libg.a(libc_a-stdio.o) (_lseek_r)
e:/_tool/arm-gnu-toolchain-12.2.mpacbti-rel1-mingw-w64-i686-arm-none-eabi/bin/../lib/gcc/arm-none-eabi/12.2.1/thumb/v7-m/nofp\libg.a(libc_a-readr.o)
                              e:/_tool/arm-gnu-toolchain-12.2.mpacbti-rel1-mingw-w64-i686-arm-none-eabi/bin/../lib/gcc/arm-none-eabi/12.2.1/thumb/v7-m/nofp\libg.a(libc_a-stdio.o) (_read_r)
[...]
Memory Configuration

Name             Origin             Length             Attributes
RAM              0x20000000         0x00010000         xrw
FLASH            0x08000000         0x00080000         xr
*default*        0x00000000         0xffffffff

Linker script and memory map

LOAD e:/_tool/arm-gnu-toolchain-12.2.mpacbti-rel1-mingw-w64-i686-arm-none-eabi/bin/../lib/gcc/arm-none-eabi/12.2.1/thumb/v7-m/nofp/crti.o
LOAD e:/_tool/arm-gnu-toolchain-12.2.mpacbti-rel1-mingw-w64-i686-arm-none-eabi/bin/../lib/gcc/arm-none-eabi/12.2.1/thumb/v7-m/nofp/crtbegin.o
LOAD e:/_tool/arm-gnu-toolchain-12.2.mpacbti-rel1-mingw-w64-i686-arm-none-eabi/bin/../lib/gcc/arm-none-eabi/12.2.1/thumb/v7-m/nofp/crt0.o
LOAD CMakeFiles/WM8960-TEST.elf.dir/Code/WM8960.c.obj
LOAD CMakeFiles/WM8960-TEST.elf.dir/Code/WM8960Apps.c.obj
LOAD CMakeFiles/WM8960-TEST.elf.dir/Code/bsp_key.c.obj
LOAD CMakeFiles/WM8960-TEST.elf.dir/Core/Src/dma.c.obj
LOAD CMakeFiles/WM8960-TEST.elf.dir/Core/Src/freertos.c.obj
LOAD CMakeFiles/WM8960-TEST.elf.dir/Core/Src/gpio.c.obj
LOAD CMakeFiles/WM8960-TEST.elf.dir/Core/Src/i2c.c.obj
LOAD CMakeFiles/WM8960-TEST.elf.dir/Core/Src/i2s.c.obj
LOAD CMakeFiles/WM8960-TEST.elf.dir/Core/Src/main.c.obj
LOAD CMakeFiles/WM8960-TEST.elf.dir/Core/Src/sdio.c.obj
LOAD CMakeFiles/WM8960-TEST.elf.dir/Core/Src/stm32f1xx_hal_msp.c.obj
LOAD CMakeFiles/WM8960-TEST.elf.dir/Core/Src/stm32f1xx_hal_timebase_tim.c.obj
LOAD CMakeFiles/WM8960-TEST.elf.dir/Core/Src/stm32f1xx_it.c.obj
LOAD CMakeFiles/WM8960-TEST.elf.dir/Core/Src/syscalls.c.obj
LOAD CMakeFiles/WM8960-TEST.elf.dir/Core/Src/sysmem.c.obj
LOAD CMakeFiles/WM8960-TEST.elf.dir/Core/Src/system_stm32f1xx.c.obj
LOAD CMakeFiles/WM8960-TEST.elf.dir/Core/Src/usart.c.obj
LOAD CMakeFiles/WM8960-TEST.elf.dir/Core/Startup/startup_stm32f103vetx.s.obj
LOAD CMakeFiles/WM8960-TEST.elf.dir/Drivers/STM32F1xx_HAL_Driver/Src/stm32f1xx_hal.c.obj
LOAD CMakeFiles/WM8960-TEST.elf.dir/Drivers/STM32F1xx_HAL_Driver/Src/stm32f1xx_hal_cortex.c.obj
LOAD CMakeFiles/WM8960-TEST.elf.dir/Drivers/STM32F1xx_HAL_Driver/Src/stm32f1xx_hal_dma.c.obj
LOAD CMakeFiles/WM8960-TEST.elf.dir/Drivers/STM32F1xx_HAL_Driver/Src/stm32f1xx_hal_exti.c.obj
LOAD CMakeFiles/WM8960-TEST.elf.dir/Drivers/STM32F1xx_HAL_Driver/Src/stm32f1xx_hal_flash.c.obj
LOAD CMakeFiles/WM8960-TEST.elf.dir/Drivers/STM32F1xx_HAL_Driver/Src/stm32f1xx_hal_flash_ex.c.obj
LOAD CMakeFiles/WM8960-TEST.elf.dir/Drivers/STM32F1xx_HAL_Driver/Src/stm32f1xx_hal_gpio.c.obj
LOAD CMakeFiles/WM8960-TEST.elf.dir/Drivers/STM32F1xx_HAL_Driver/Src/stm32f1xx_hal_gpio_ex.c.obj
LOAD CMakeFiles/WM8960-TEST.elf.dir/Drivers/STM32F1xx_HAL_Driver/Src/stm32f1xx_hal_i2c.c.obj
LOAD CMakeFiles/WM8960-TEST.elf.dir/Drivers/STM32F1xx_HAL_Driver/Src/stm32f1xx_hal_i2s.c.obj
LOAD CMakeFiles/WM8960-TEST.elf.dir/Drivers/STM32F1xx_HAL_Driver/Src/stm32f1xx_hal_pcd.c.obj
LOAD CMakeFiles/WM8960-TEST.elf.dir/Drivers/STM32F1xx_HAL_Driver/Src/stm32f1xx_hal_pcd_ex.c.obj
LOAD CMakeFiles/WM8960-TEST.elf.dir/Drivers/STM32F1xx_HAL_Driver/Src/stm32f1xx_hal_pwr.c.obj
LOAD CMakeFiles/WM8960-TEST.elf.dir/Drivers/STM32F1xx_HAL_Driver/Src/stm32f1xx_hal_rcc.c.obj
LOAD CMakeFiles/WM8960-TEST.elf.dir/Drivers/STM32F1xx_HAL_Driver/Src/stm32f1xx_hal_rcc_ex.c.obj
LOAD CMakeFiles/WM8960-TEST.elf.dir/Drivers/STM32F1xx_HAL_Driver/Src/stm32f1xx_hal_sd.c.obj
LOAD CMakeFiles/WM8960-TEST.elf.dir/Drivers/STM32F1xx_HAL_Driver/Src/stm32f1xx_hal_tim.c.obj
LOAD CMakeFiles/WM8960-TEST.elf.dir/Drivers/STM32F1xx_HAL_Driver/Src/stm32f1xx_hal_tim_ex.c.obj
LOAD CMakeFiles/WM8960-TEST.elf.dir/Drivers/STM32F1xx_HAL_Driver/Src/stm32f1xx_hal_uart.c.obj
LOAD CMakeFiles/WM8960-TEST.elf.dir/Drivers/STM32F1xx_HAL_Driver/Src/stm32f1xx_ll_sdmmc.c.obj
LOAD CMakeFiles/WM8960-TEST.elf.dir/Drivers/STM32F1xx_HAL_Driver/Src/stm32f1xx_ll_usb.c.obj
LOAD CMakeFiles/WM8960-TEST.elf.dir/FATFS/App/fatfs.c.obj
LOAD CMakeFiles/WM8960-TEST.elf.dir/FATFS/Target/bsp_driver_sd.c.obj
LOAD CMakeFiles/WM8960-TEST.elf.dir/Middlewares/ST/STM32_USB_Device_Library/Class/MSC/Src/usbd_msc.c.obj
LOAD CMakeFiles/WM8960-TEST.elf.dir/Middlewares/ST/STM32_USB_Device_Library/Class/MSC/Src/usbd_msc_bot.c.obj
LOAD CMakeFiles/WM8960-TEST.elf.dir/Middlewares/ST/STM32_USB_Device_Library/Class/MSC/Src/usbd_msc_data.c.obj
LOAD CMakeFiles/WM8960-TEST.elf.dir/Middlewares/ST/STM32_USB_Device_Library/Class/MSC/Src/usbd_msc_scsi.c.obj
LOAD CMakeFiles/WM8960-TEST.elf.dir/Middlewares/ST/STM32_USB_Device_Library/Core/Src/usbd_core.c.obj
LOAD CMakeFiles/WM8960-TEST.elf.dir/Middlewares/ST/STM32_USB_Device_Library/Core/Src/usbd_ctlreq.c.obj
LOAD CMakeFiles/WM8960-TEST.elf.dir/Middlewares/ST/STM32_USB_Device_Library/Core/Src/usbd_ioreq.c.obj
LOAD CMakeFiles/WM8960-TEST.elf.dir/Middlewares/Third_Party/FatFs/src/diskio.c.obj
LOAD CMakeFiles/WM8960-TEST.elf.dir/Middlewares/Third_Party/FatFs/src/drivers/sd_diskio.c.obj
LOAD CMakeFiles/WM8960-TEST.elf.dir/Middlewares/Third_Party/FatFs/src/ff.c.obj
LOAD CMakeFiles/WM8960-TEST.elf.dir/Middlewares/Third_Party/FatFs/src/ff_gen_drv.c.obj
LOAD CMakeFiles/WM8960-TEST.elf.dir/Middlewares/Third_Party/FatFs/src/option/cc936.c.obj
LOAD CMakeFiles/WM8960-TEST.elf.dir/Middlewares/Third_Party/FatFs/src/option/syscall.c.obj
LOAD CMakeFiles/WM8960-TEST.elf.dir/Middlewares/Third_Party/FreeRTOS/Source/CMSIS_RTOS/cmsis_os.c.obj
LOAD CMakeFiles/WM8960-TEST.elf.dir/Middlewares/Third_Party/FreeRTOS/Source/croutine.c.obj
LOAD CMakeFiles/WM8960-TEST.elf.dir/Middlewares/Third_Party/FreeRTOS/Source/event_groups.c.obj
LOAD CMakeFiles/WM8960-TEST.elf.dir/Middlewares/Third_Party/FreeRTOS/Source/list.c.obj
LOAD CMakeFiles/WM8960-TEST.elf.dir/Middlewares/Third_Party/FreeRTOS/Source/portable/GCC/ARM_CM3/port.c.obj
LOAD CMakeFiles/WM8960-TEST.elf.dir/Middlewares/Third_Party/FreeRTOS/Source/queue.c.obj
LOAD CMakeFiles/WM8960-TEST.elf.dir/Middlewares/Third_Party/FreeRTOS/Source/stream_buffer.c.obj
LOAD CMakeFiles/WM8960-TEST.elf.dir/Middlewares/Third_Party/FreeRTOS/Source/tasks.c.obj
LOAD CMakeFiles/WM8960-TEST.elf.dir/Middlewares/Third_Party/FreeRTOS/Source/timers.c.obj
LOAD CMakeFiles/WM8960-TEST.elf.dir/USB_DEVICE/App/usb_device.c.obj
LOAD CMakeFiles/WM8960-TEST.elf.dir/USB_DEVICE/App/usbd_desc.c.obj
LOAD CMakeFiles/WM8960-TEST.elf.dir/USB_DEVICE/App/usbd_storage_if.c.obj
LOAD CMakeFiles/WM8960-TEST.elf.dir/USB_DEVICE/Target/usbd_conf.c.obj
START GROUP
LOAD e:/_tool/arm-gnu-toolchain-12.2.mpacbti-rel1-mingw-w64-i686-arm-none-eabi/bin/../lib/gcc/arm-none-eabi/12.2.1/thumb/v7-m/nofp\libgcc.a
LOAD e:/_tool/arm-gnu-toolchain-12.2.mpacbti-rel1-mingw-w64-i686-arm-none-eabi/bin/../lib/gcc/arm-none-eabi/12.2.1/thumb/v7-m/nofp\libg.a
LOAD e:/_tool/arm-gnu-toolchain-12.2.mpacbti-rel1-mingw-w64-i686-arm-none-eabi/bin/../lib/gcc/arm-none-eabi/12.2.1/thumb/v7-m/nofp\libc.a
END GROUP
LOAD e:/_tool/arm-gnu-toolchain-12.2.mpacbti-rel1-mingw-w64-i686-arm-none-eabi/bin/../lib/gcc/arm-none-eabi/12.2.1/thumb/v7-m/nofp/crtend.o
LOAD e:/_tool/arm-gnu-toolchain-12.2.mpacbti-rel1-mingw-w64-i686-arm-none-eabi/bin/../lib/gcc/arm-none-eabi/12.2.1/thumb/v7-m/nofp/crtn.o
                0x20010000                        _estack = (ORIGIN (RAM) + LENGTH (RAM))
                0x00001000                        _Min_Heap_Size = 0x1000
                0x00001000                        _Min_Stack_Size = 0x1000

.isr_vector     0x08000000      0x1e4
                0x08000000                        . = ALIGN (0x4)
 *(.isr_vector)
 .isr_vector    0x08000000      0x1e4 CMakeFiles/WM8960-TEST.elf.dir/Core/Startup/startup_stm32f103vetx.s.obj
                0x08000000                g_pfnVectors
                0x080001e4                        . = ALIGN (0x4)

.text           0x080001f0    0x14c40
                0x080001f0                        . = ALIGN (0x4)
 *(.text)
 .text          0x080001f0      0x168 e:/_tool/arm-gnu-toolchain-12.2.mpacbti-rel1-mingw-w64-i686-arm-none-eabi/bin/../lib/gcc/arm-none-eabi/12.2.1/thumb/v7-m/nofp\libgcc.a(_arm_mulsf3.o)
                0x080001f0                __aeabi_fmul
                0x080001f0                __mulsf3
 .text          0x08000358       0x4c e:/_tool/arm-gnu-toolchain-12.2.mpacbti-rel1-mingw-w64-i686-arm-none-eabi/bin/../lib/gcc/arm-none-eabi/12.2.1/thumb/v7-m/nofp\libgcc.a(_arm_fixsfsi.o)
                0x08000358                __aeabi_f2iz
                0x08000358                __fixsfsi
 .text          0x080003a4       0xec e:/_tool/arm-gnu-toolchain-12.2.mpacbti-rel1-mingw-w64-i686-arm-none-eabi/bin/../lib/gcc/arm-none-eabi/12.2.1/thumb/v7-m/nofp\libg.a(libc_a-memcpy.o)
                0x080003a4                memcpy
 .text          0x08000490      0x378 e:/_tool/arm-gnu-toolchain-12.2.mpacbti-rel1-mingw-w64-i686-arm-none-eabi/bin/../lib/gcc/arm-none-eabi/12.2.1/thumb/v7-m/nofp\libgcc.a(_arm_addsubdf3.o)
                0x08000490                __aeabi_drsub
                0x08000498                __aeabi_dsub
                0x08000498                __subdf3
                0x0800049c                __aeabi_dadd
                0x0800049c                __adddf3
                0x08000714                __floatunsidf
                0x08000714                __aeabi_ui2d
                0x08000734                __floatsidf
                0x08000734                __aeabi_i2d
                0x08000758                __aeabi_f2d
                0x08000758                __extendsfdf2
                0x0800079c                __floatundidf
                0x0800079c                __aeabi_ul2d
                0x080007ac                __floatdidf
                0x080007ac                __aeabi_l2d
 .text          0x08000808      0x424 e:/_tool/arm-gnu-toolchain-12.2.mpacbti-rel1-mingw-w64-i686-arm-none-eabi/bin/../lib/gcc/arm-none-eabi/12.2.1/thumb/v7-m/nofp\libgcc.a(_arm_muldivdf3.o)
                0x08000808                __aeabi_dmul
                0x08000808                __muldf3
                0x08000a5c                __divdf3
                0x08000a5c                __aeabi_ddiv
 .text          0x08000c2c      0x110 e:/_tool/arm-gnu-toolchain-12.2.mpacbti-rel1-mingw-w64-i686-arm-none-eabi/bin/../lib/gcc/arm-none-eabi/12.2.1/thumb/v7-m/nofp\libgcc.a(_arm_cmpdf2.o)
                0x08000c2c                __gtdf2
                0x08000c2c                __gedf2
                0x08000c34                __ltdf2
                0x08000c34                __ledf2
                0x08000c3c                __nedf2
                0x08000c3c                __eqdf2
                0x08000c3c                __cmpdf2
                0x08000cb8                __aeabi_cdrcmple
                0x08000cc8                __aeabi_cdcmpeq
                0x08000cc8                __aeabi_cdcmple
                0x08000cd8                __aeabi_dcmpeq
                0x08000cec                __aeabi_dcmplt
                0x08000d00                __aeabi_dcmple
                0x08000d14                __aeabi_dcmpge
                0x08000d28                __aeabi_dcmpgt
 .text          0x08000d3c       0x2c e:/_tool/arm-gnu-toolchain-12.2.mpacbti-rel1-mingw-w64-i686-arm-none-eabi/bin/../lib/gcc/arm-none-eabi/12.2.1/thumb/v7-m/nofp\libgcc.a(_arm_unorddf2.o)
                0x08000d3c                __unorddf2
                0x08000d3c                __aeabi_dcmpun
 .text          0x08000d68       0x50 e:/_tool/arm-gnu-toolchain-12.2.mpacbti-rel1-mingw-w64-i686-arm-none-eabi/bin/../lib/gcc/arm-none-eabi/12.2.1/thumb/v7-m/nofp\libgcc.a(_arm_fixdfsi.o)
                0x08000d68                __aeabi_d2iz
                0x08000d68                __fixdfsi
 *(.text*)
 .text.deregister_tm_clones
                0x08000db8       0x1c e:/_tool/arm-gnu-toolchain-12.2.mpacbti-rel1-mingw-w64-i686-arm-none-eabi/bin/../lib/gcc/arm-none-eabi/12.2.1/thumb/v7-m/nofp/crtbegin.o
 .text.register_tm_clones
                0x08000dd4       0x24 e:/_tool/arm-gnu-toolchain-12.2.mpacbti-rel1-mingw-w64-i686-arm-none-eabi/bin/../lib/gcc/arm-none-eabi/12.2.1/thumb/v7-m/nofp/crtbegin.o
 .text.__do_global_dtors_aux
                0x08000df8       0x28 e:/_tool/arm-gnu-toolchain-12.2.mpacbti-rel1-mingw-w64-i686-arm-none-eabi/bin/../lib/gcc/arm-none-eabi/12.2.1/thumb/v7-m/nofp/crtbegin.o
 .text.frame_dummy
                0x08000e20       0x24 e:/_tool/arm-gnu-toolchain-12.2.mpacbti-rel1-mingw-w64-i686-arm-none-eabi/bin/../lib/gcc/arm-none-eabi/12.2.1/thumb/v7-m/nofp/crtbegin.o
 .text.WM8960_Write_Reg
                0x08000e44       0x3c CMakeFiles/WM8960-TEST.elf.dir/Code/WM8960.c.obj
                0x08000e44                WM8960_Write_Reg
 .text.WM89060_Init
                0x08000e80      0x1a0 CMakeFiles/WM8960-TEST.elf.dir/Code/WM8960.c.obj
                0x08000e80                WM89060_Init
 .text.ScanWavefiles
                0x08001020      0x10c CMakeFiles/WM8960-TEST.elf.dir/Code/WM8960Apps.c.obj
                0x08001020                ScanWavefiles
 .text.Get_WAV_Message
                0x0800112c      0x15c CMakeFiles/WM8960-TEST.elf.dir/Code/WM8960Apps.c.obj
                0x0800112c                Get_WAV_Message
 .text.Fill_WAV_Buffer
                0x08001288      0x298 CMakeFiles/WM8960-TEST.elf.dir/Code/WM8960Apps.c.obj
                0x08001288                Fill_WAV_Buffer
 .text.IIS_FreqModify
                0x08001520       0x24 CMakeFiles/WM8960-TEST.elf.dir/Code/WM8960Apps.c.obj
                0x08001520                IIS_FreqModify
 .text.IIS_ModeModify
                0x08001544       0x58 CMakeFiles/WM8960-TEST.elf.dir/Code/WM8960Apps.c.obj
                0x08001544                IIS_ModeModify
 .text.PlayWaveFile
                0x0800159c      0x178 CMakeFiles/WM8960-TEST.elf.dir/Code/WM8960Apps.c.obj
                0x0800159c                PlayWaveFile
 .text.WAV_File_Init
                0x08001714      0x118 CMakeFiles/WM8960-TEST.elf.dir/Code/WM8960Apps.c.obj
                0x08001714                WAV_File_Init
 .text.RecordWaveFile
                0x0800182c      0x204 CMakeFiles/WM8960-TEST.elf.dir/Code/WM8960Apps.c.obj
                0x0800182c                RecordWaveFile
 .text.HAL_I2S_TxHalfCpltCallback
                0x08001a30        0xc CMakeFiles/WM8960-TEST.elf.dir/Code/WM8960Apps.c.obj
                0x08001a30                HAL_I2S_TxHalfCpltCallback
 .text.HAL_I2S_RxHalfCpltCallback
                0x08001a3c        0xc CMakeFiles/WM8960-TEST.elf.dir/Code/WM8960Apps.c.obj
                0x08001a3c                HAL_I2S_RxHalfCpltCallback
 .text.HAL_I2S_TxCpltCallback
                0x08001a48       0x3c CMakeFiles/WM8960-TEST.elf.dir/Code/WM8960Apps.c.obj
                0x08001a48                HAL_I2S_TxCpltCallback
 .text.HAL_I2S_RxCpltCallback
                0x08001a84       0x24 CMakeFiles/WM8960-TEST.elf.dir/Code/WM8960Apps.c.obj
                0x08001a84                HAL_I2S_RxCpltCallback
 .text.KeyHandlerCore
                0x08001aa8      0x118 CMakeFiles/WM8960-TEST.elf.dir/Code/bsp_key.c.obj
                0x08001aa8                KeyHandlerCore
 .text.MX_DMA_Init
                0x08001bc0       0x34 CMakeFiles/WM8960-TEST.elf.dir/Core/Src/dma.c.obj
                0x08001bc0                MX_DMA_Init
 .text.StartDefaultTask
                0x08001bf4       0x3c CMakeFiles/WM8960-TEST.elf.dir/Core/Src/freertos.c.obj
                0x08001bf4                StartDefaultTask
 .text.StartMainTask
                0x08001c30       0x3c CMakeFiles/WM8960-TEST.elf.dir/Core/Src/freertos.c.obj
                0x08001c30                StartMainTask
 .text.vApplicationGetIdleTaskMemory
                0x08001c6c       0x18 CMakeFiles/WM8960-TEST.elf.dir/Core/Src/freertos.c.obj
                0x08001c6c                vApplicationGetIdleTaskMemory
 .text.MX_FREERTOS_Init
                0x08001c84       0x60 CMakeFiles/WM8960-TEST.elf.dir/Core/Src/freertos.c.obj
                0x08001c84                MX_FREERTOS_Init
 .text.KeyProcessHandler
                0x08001ce4      0x1f8 CMakeFiles/WM8960-TEST.elf.dir/Core/Src/freertos.c.obj
                0x08001ce4                KeyProcessHandler
 .text.MX_GPIO_Init
                0x08001edc       0xb0 CMakeFiles/WM8960-TEST.elf.dir/Core/Src/gpio.c.obj
                0x08001edc                MX_GPIO_Init
 .text.MX_I2C1_Init
                0x08001f8c       0x3c CMakeFiles/WM8960-TEST.elf.dir/Core/Src/i2c.c.obj
                0x08001f8c                MX_I2C1_Init
 .text.HAL_I2C_MspInit
                0x08001fc8       0x64 CMakeFiles/WM8960-TEST.elf.dir/Core/Src/i2c.c.obj
                0x08001fc8                HAL_I2C_MspInit
 .text.MX_I2S2_Init
                0x0800202c       0x34 CMakeFiles/WM8960-TEST.elf.dir/Core/Src/i2s.c.obj
                0x0800202c                MX_I2S2_Init
 .text.HAL_I2S_MspInit
                0x08002060      0x100 CMakeFiles/WM8960-TEST.elf.dir/Core/Src/i2s.c.obj
                0x08002060                HAL_I2S_MspInit
 .text._write   0x08002160       0x18 CMakeFiles/WM8960-TEST.elf.dir/Core/Src/main.c.obj
                0x08002160                _write
 .text.HAL_TIM_PeriodElapsedCallback
                0x08002178       0x18 CMakeFiles/WM8960-TEST.elf.dir/Core/Src/main.c.obj
                0x08002178                HAL_TIM_PeriodElapsedCallback
 .text.Error_Handler
                0x08002190        0x4 CMakeFiles/WM8960-TEST.elf.dir/Core/Src/main.c.obj
                0x08002190                Error_Handler
 .text.SystemClock_Config
                0x08002194       0x86 CMakeFiles/WM8960-TEST.elf.dir/Core/Src/main.c.obj
                0x08002194                SystemClock_Config
 *fill*         0x0800221a        0x2 
 .text.main     0x0800221c       0x68 CMakeFiles/WM8960-TEST.elf.dir/Core/Src/main.c.obj
                0x0800221c                main
 .text.MX_SDIO_SD_Init
                0x08002284       0x24 CMakeFiles/WM8960-TEST.elf.dir/Core/Src/sdio.c.obj
                0x08002284                MX_SDIO_SD_Init
 .text.HAL_SD_MspInit
                0x080022a8       0x98 CMakeFiles/WM8960-TEST.elf.dir/Core/Src/sdio.c.obj
                0x080022a8                HAL_SD_MspInit
 .text.HAL_MspInit
                0x08002340       0x54 CMakeFiles/WM8960-TEST.elf.dir/Core/Src/stm32f1xx_hal_msp.c.obj
                0x08002340                HAL_MspInit
 .text.HAL_InitTick
                0x08002394       0x94 CMakeFiles/WM8960-TEST.elf.dir/Core/Src/stm32f1xx_hal_timebase_tim.c.obj
                0x08002394                HAL_InitTick
 .text.NMI_Handler
                0x08002428        0x2 CMakeFiles/WM8960-TEST.elf.dir/Core/Src/stm32f1xx_it.c.obj
                0x08002428                NMI_Handler
 .text.HardFault_Handler
                0x0800242a        0x2 CMakeFiles/WM8960-TEST.elf.dir/Core/Src/stm32f1xx_it.c.obj
                0x0800242a                HardFault_Handler
 .text.MemManage_Handler
                0x0800242c        0x2 CMakeFiles/WM8960-TEST.elf.dir/Core/Src/stm32f1xx_it.c.obj
                0x0800242c                MemManage_Handler
 .text.BusFault_Handler
                0x0800242e        0x2 CMakeFiles/WM8960-TEST.elf.dir/Core/Src/stm32f1xx_it.c.obj
                0x0800242e                BusFault_Handler
 .text.UsageFault_Handler
                0x08002430        0x2 CMakeFiles/WM8960-TEST.elf.dir/Core/Src/stm32f1xx_it.c.obj
                0x08002430                UsageFault_Handler
 .text.DebugMon_Handler
                0x08002432        0x2 CMakeFiles/WM8960-TEST.elf.dir/Core/Src/stm32f1xx_it.c.obj
                0x08002432                DebugMon_Handler
 .text.DMA1_Channel5_IRQHandler
                0x08002434       0x10 CMakeFiles/WM8960-TEST.elf.dir/Core/Src/stm32f1xx_it.c.obj
                0x08002434                DMA1_Channel5_IRQHandler
 .text.USB_LP_CAN1_RX0_IRQHandler
                0x08002444       0x10 CMakeFiles/WM8960-TEST.elf.dir/Core/Src/stm32f1xx_it.c.obj
                0x08002444                USB_LP_CAN1_RX0_IRQHandler
 .text.TIM1_UP_IRQHandler
                0x08002454       0x10 CMakeFiles/WM8960-TEST.elf.dir/Core/Src/stm32f1xx_it.c.obj
                0x08002454                TIM1_UP_IRQHandler
 .text.SDIO_IRQHandler
                0x08002464       0x10 CMakeFiles/WM8960-TEST.elf.dir/Core/Src/stm32f1xx_it.c.obj
                0x08002464                SDIO_IRQHandler
 .text.DMA1_Channel4_IRQHandler
                0x08002474       0x10 CMakeFiles/WM8960-TEST.elf.dir/Core/Src/stm32f1xx_it.c.obj
                0x08002474                DMA1_Channel4_IRQHandler
 .text._getpid  0x08002484        0x4 CMakeFiles/WM8960-TEST.elf.dir/Core/Src/syscalls.c.obj
                0x08002484                _getpid
 .text._kill    0x08002488       0x10 CMakeFiles/WM8960-TEST.elf.dir/Core/Src/syscalls.c.obj
                0x08002488                _kill
 .text._exit    0x08002498        0xc CMakeFiles/WM8960-TEST.elf.dir/Core/Src/syscalls.c.obj
                0x08002498                _exit
 .text._read    0x080024a4       0x20 CMakeFiles/WM8960-TEST.elf.dir/Core/Src/syscalls.c.obj
                0x080024a4                _read
 .text._close   0x080024c4        0x6 CMakeFiles/WM8960-TEST.elf.dir/Core/Src/syscalls.c.obj
                0x080024c4                _close
 .text._fstat   0x080024ca        0xa CMakeFiles/WM8960-TEST.elf.dir/Core/Src/syscalls.c.obj
                0x080024ca                _fstat
 .text._isatty  0x080024d4        0x4 CMakeFiles/WM8960-TEST.elf.dir/Core/Src/syscalls.c.obj
                0x080024d4                _isatty
 .text._lseek   0x080024d8        0x4 CMakeFiles/WM8960-TEST.elf.dir/Core/Src/syscalls.c.obj
                0x080024d8                _lseek
 .text._sbrk    0x080024dc       0x48 CMakeFiles/WM8960-TEST.elf.dir/Core/Src/sysmem.c.obj
                0x080024dc                _sbrk
 .text.SystemInit
                0x08002524        0x2 CMakeFiles/WM8960-TEST.elf.dir/Core/Src/system_stm32f1xx.c.obj
                0x08002524                SystemInit
 *fill*         0x08002526        0x2 
 .text.MX_USART1_UART_Init
                0x08002528       0x34 CMakeFiles/WM8960-TEST.elf.dir/Core/Src/usart.c.obj
                0x08002528                MX_USART1_UART_Init
 .text.HAL_UART_MspInit
                0x0800255c       0x78 CMakeFiles/WM8960-TEST.elf.dir/Core/Src/usart.c.obj
                0x0800255c                HAL_UART_MspInit
 .text.Reset_Handler
                0x080025d4       0x48 CMakeFiles/WM8960-TEST.elf.dir/Core/Startup/startup_stm32f103vetx.s.obj
                0x080025d4                Reset_Handler
 .text.Default_Handler
                0x0800261c        0x2 CMakeFiles/WM8960-TEST.elf.dir/Core/Startup/startup_stm32f103vetx.s.obj
                0x0800261c                RTC_Alarm_IRQHandler
                0x0800261c                EXTI2_IRQHandler
                0x0800261c                TIM8_TRG_COM_IRQHandler
                0x0800261c                TIM8_CC_IRQHandler
                0x0800261c                TIM1_CC_IRQHandler
                0x0800261c                TIM6_IRQHandler
                0x0800261c                PVD_IRQHandler
                0x0800261c                EXTI3_IRQHandler
                0x0800261c                EXTI0_IRQHandler
                0x0800261c                I2C2_EV_IRQHandler
                0x0800261c                ADC1_2_IRQHandler
                0x0800261c                SPI1_IRQHandler
                0x0800261c                TAMPER_IRQHandler
                0x0800261c                TIM8_UP_IRQHandler
                0x0800261c                DMA2_Channel2_IRQHandler
                0x0800261c                USART3_IRQHandler
                0x0800261c                RTC_IRQHandler
                0x0800261c                DMA1_Channel7_IRQHandler
                0x0800261c                CAN1_RX1_IRQHandler
                0x0800261c                UART5_IRQHandler
                0x0800261c                ADC3_IRQHandler
                0x0800261c                TIM4_IRQHandler
                0x0800261c                DMA2_Channel1_IRQHandler
                0x0800261c                I2C1_EV_IRQHandler
                0x0800261c                DMA1_Channel6_IRQHandler
                0x0800261c                UART4_IRQHandler
                0x0800261c                TIM3_IRQHandler
                0x0800261c                RCC_IRQHandler
                0x0800261c                TIM1_TRG_COM_IRQHandler
                0x0800261c                DMA1_Channel1_IRQHandler
                0x0800261c                Default_Handler
                0x0800261c                EXTI15_10_IRQHandler
                0x0800261c                TIM7_IRQHandler
                0x0800261c                TIM5_IRQHandler
                0x0800261c                EXTI9_5_IRQHandler
                0x0800261c                SPI2_IRQHandler
                0x0800261c                EXTI4_IRQHandler
                0x0800261c                USB_HP_CAN1_TX_IRQHandler
                0x0800261c                DMA1_Channel3_IRQHandler
                0x0800261c                FSMC_IRQHandler
                0x0800261c                WWDG_IRQHandler
                0x0800261c                TIM2_IRQHandler
                0x0800261c                TIM1_BRK_IRQHandler
                0x0800261c                EXTI1_IRQHandler
                0x0800261c                DMA2_Channel4_5_IRQHandler
                0x0800261c                USART2_IRQHandler
                0x0800261c                I2C2_ER_IRQHandler
                0x0800261c                DMA1_Channel2_IRQHandler
                0x0800261c                TIM8_BRK_IRQHandler
                0x0800261c                CAN1_SCE_IRQHandler
                0x0800261c                FLASH_IRQHandler
                0x0800261c                USART1_IRQHandler
                0x0800261c                SPI3_IRQHandler
                0x0800261c                I2C1_ER_IRQHandler
                0x0800261c                USBWakeUp_IRQHandler
                0x0800261c                DMA2_Channel3_IRQHandler
 *fill*         0x0800261e        0x2 
 .text.HAL_Init
                0x08002620       0x24 CMakeFiles/WM8960-TEST.elf.dir/Drivers/STM32F1xx_HAL_Driver/Src/stm32f1xx_hal.c.obj
                0x08002620                HAL_Init
 .text.HAL_IncTick
                0x08002644       0x18 CMakeFiles/WM8960-TEST.elf.dir/Drivers/STM32F1xx_HAL_Driver/Src/stm32f1xx_hal.c.obj
                0x08002644                HAL_IncTick
 .text.HAL_GetTick
                0x0800265c        0xc CMakeFiles/WM8960-TEST.elf.dir/Drivers/STM32F1xx_HAL_Driver/Src/stm32f1xx_hal.c.obj
                0x0800265c                HAL_GetTick
 .text.HAL_Delay
                0x08002668       0x28 CMakeFiles/WM8960-TEST.elf.dir/Drivers/STM32F1xx_HAL_Driver/Src/stm32f1xx_hal.c.obj
                0x08002668                HAL_Delay
 .text.__NVIC_SetPriority
                0x08002690       0x28 CMakeFiles/WM8960-TEST.elf.dir/Drivers/STM32F1xx_HAL_Driver/Src/stm32f1xx_hal_cortex.c.obj
 .text.NVIC_EncodePriority
                0x080026b8       0x3e CMakeFiles/WM8960-TEST.elf.dir/Drivers/STM32F1xx_HAL_Driver/Src/stm32f1xx_hal_cortex.c.obj
 *fill*         0x080026f6        0x2 
 .text.HAL_NVIC_SetPriorityGrouping
                0x080026f8       0x24 CMakeFiles/WM8960-TEST.elf.dir/Drivers/STM32F1xx_HAL_Driver/Src/stm32f1xx_hal_cortex.c.obj
                0x080026f8                HAL_NVIC_SetPriorityGrouping
 .text.HAL_NVIC_SetPriority
                0x0800271c       0x20 CMakeFiles/WM8960-TEST.elf.dir/Drivers/STM32F1xx_HAL_Driver/Src/stm32f1xx_hal_cortex.c.obj
                0x0800271c                HAL_NVIC_SetPriority
 .text.HAL_NVIC_EnableIRQ
                0x0800273c       0x1c CMakeFiles/WM8960-TEST.elf.dir/Drivers/STM32F1xx_HAL_Driver/Src/stm32f1xx_hal_cortex.c.obj
                0x0800273c                HAL_NVIC_EnableIRQ
 .text.DMA_SetConfig
                0x08002758       0x2c CMakeFiles/WM8960-TEST.elf.dir/Drivers/STM32F1xx_HAL_Driver/Src/stm32f1xx_hal_dma.c.obj
 .text.HAL_DMA_Init
                0x08002784       0x98 CMakeFiles/WM8960-TEST.elf.dir/Drivers/STM32F1xx_HAL_Driver/Src/stm32f1xx_hal_dma.c.obj
                0x08002784                HAL_DMA_Init
 .text.HAL_DMA_Start_IT
                0x0800281c       0x76 CMakeFiles/WM8960-TEST.elf.dir/Drivers/STM32F1xx_HAL_Driver/Src/stm32f1xx_hal_dma.c.obj
                0x0800281c                HAL_DMA_Start_IT
 .text.HAL_DMA_Abort
                0x08002892       0x46 CMakeFiles/WM8960-TEST.elf.dir/Drivers/STM32F1xx_HAL_Driver/Src/stm32f1xx_hal_dma.c.obj
                0x08002892                HAL_DMA_Abort
 .text.HAL_DMA_Abort_IT
                0x080028d8      0x16c CMakeFiles/WM8960-TEST.elf.dir/Drivers/STM32F1xx_HAL_Driver/Src/stm32f1xx_hal_dma.c.obj
                0x080028d8                HAL_DMA_Abort_IT
 .text.HAL_DMA_IRQHandler
                0x08002a44      0x2ec CMakeFiles/WM8960-TEST.elf.dir/Drivers/STM32F1xx_HAL_Driver/Src/stm32f1xx_hal_dma.c.obj
                0x08002a44                HAL_DMA_IRQHandler
 .text.HAL_GPIO_Init
                0x08002d30      0x238 CMakeFiles/WM8960-TEST.elf.dir/Drivers/STM32F1xx_HAL_Driver/Src/stm32f1xx_hal_gpio.c.obj
                0x08002d30                HAL_GPIO_Init
 .text.HAL_GPIO_WritePin
                0x08002f68        0xc CMakeFiles/WM8960-TEST.elf.dir/Drivers/STM32F1xx_HAL_Driver/Src/stm32f1xx_hal_gpio.c.obj
                0x08002f68                HAL_GPIO_WritePin
 .text.I2C_IsAcknowledgeFailed
                0x08002f74       0x32 CMakeFiles/WM8960-TEST.elf.dir/Drivers/STM32F1xx_HAL_Driver/Src/stm32f1xx_hal_i2c.c.obj
 .text.I2C_WaitOnFlagUntilTimeout
                0x08002fa6       0xaa CMakeFiles/WM8960-TEST.elf.dir/Drivers/STM32F1xx_HAL_Driver/Src/stm32f1xx_hal_i2c.c.obj
 .text.I2C_WaitOnMasterAddressFlagUntilTimeout
                0x08003050       0xd6 CMakeFiles/WM8960-TEST.elf.dir/Drivers/STM32F1xx_HAL_Driver/Src/stm32f1xx_hal_i2c.c.obj
 *fill*         0x08003126        0x2 
 .text.I2C_MasterRequestWrite
                0x08003128       0xb4 CMakeFiles/WM8960-TEST.elf.dir/Drivers/STM32F1xx_HAL_Driver/Src/stm32f1xx_hal_i2c.c.obj
 .text.I2C_WaitOnTXEFlagUntilTimeout
                0x080031dc       0x5e CMakeFiles/WM8960-TEST.elf.dir/Drivers/STM32F1xx_HAL_Driver/Src/stm32f1xx_hal_i2c.c.obj
 .text.I2C_WaitOnBTFFlagUntilTimeout
                0x0800323a       0x5e CMakeFiles/WM8960-TEST.elf.dir/Drivers/STM32F1xx_HAL_Driver/Src/stm32f1xx_hal_i2c.c.obj
 .text.HAL_I2C_Init
                0x08003298      0x1bc CMakeFiles/WM8960-TEST.elf.dir/Drivers/STM32F1xx_HAL_Driver/Src/stm32f1xx_hal_i2c.c.obj
                0x08003298                HAL_I2C_Init
 .text.HAL_I2C_Master_Transmit
                0x08003454      0x178 CMakeFiles/WM8960-TEST.elf.dir/Drivers/STM32F1xx_HAL_Driver/Src/stm32f1xx_hal_i2c.c.obj
                0x08003454                HAL_I2C_Master_Transmit
 .text.I2S_WaitFlagStateUntilTimeout
                0x080035cc       0x50 CMakeFiles/WM8960-TEST.elf.dir/Drivers/STM32F1xx_HAL_Driver/Src/stm32f1xx_hal_i2s.c.obj
 .text.HAL_I2S_Init
                0x0800361c      0x12c CMakeFiles/WM8960-TEST.elf.dir/Drivers/STM32F1xx_HAL_Driver/Src/stm32f1xx_hal_i2s.c.obj
                0x0800361c                HAL_I2S_Init
 .text.HAL_I2S_Transmit_DMA
                0x08003748       0xdc CMakeFiles/WM8960-TEST.elf.dir/Drivers/STM32F1xx_HAL_Driver/Src/stm32f1xx_hal_i2s.c.obj
                0x08003748                HAL_I2S_Transmit_DMA
 .text.HAL_I2S_Receive_DMA
                0x08003824       0xfc CMakeFiles/WM8960-TEST.elf.dir/Drivers/STM32F1xx_HAL_Driver/Src/stm32f1xx_hal_i2s.c.obj
                0x08003824                HAL_I2S_Receive_DMA
 .text.HAL_I2S_DMAPause
                0x08003920       0x4a CMakeFiles/WM8960-TEST.elf.dir/Drivers/STM32F1xx_HAL_Driver/Src/stm32f1xx_hal_i2s.c.obj
                0x08003920                HAL_I2S_DMAPause
 .text.HAL_I2S_DMAResume
                0x0800396a       0x5c CMakeFiles/WM8960-TEST.elf.dir/Drivers/STM32F1xx_HAL_Driver/Src/stm32f1xx_hal_i2s.c.obj
                0x0800396a                HAL_I2S_DMAResume
 .text.HAL_I2S_DMAStop
                0x080039c6       0xf8 CMakeFiles/WM8960-TEST.elf.dir/Drivers/STM32F1xx_HAL_Driver/Src/stm32f1xx_hal_i2s.c.obj
                0x080039c6                HAL_I2S_DMAStop
 .text.I2S_DMATxHalfCplt
                0x08003abe        0xa CMakeFiles/WM8960-TEST.elf.dir/Drivers/STM32F1xx_HAL_Driver/Src/stm32f1xx_hal_i2s.c.obj
 .text.I2S_DMATxCplt
                0x08003ac8       0x24 CMakeFiles/WM8960-TEST.elf.dir/Drivers/STM32F1xx_HAL_Driver/Src/stm32f1xx_hal_i2s.c.obj
 .text.I2S_DMARxHalfCplt
                0x08003aec        0xa CMakeFiles/WM8960-TEST.elf.dir/Drivers/STM32F1xx_HAL_Driver/Src/stm32f1xx_hal_i2s.c.obj
 .text.I2S_DMARxCplt
                0x08003af6       0x24 CMakeFiles/WM8960-TEST.elf.dir/Drivers/STM32F1xx_HAL_Driver/Src/stm32f1xx_hal_i2s.c.obj
 .text.HAL_I2S_ErrorCallback
                0x08003b1a        0x2 CMakeFiles/WM8960-TEST.elf.dir/Drivers/STM32F1xx_HAL_Driver/Src/stm32f1xx_hal_i2s.c.obj
                0x08003b1a                HAL_I2S_ErrorCallback
 .text.I2S_DMAError
                0x08003b1c       0x28 CMakeFiles/WM8960-TEST.elf.dir/Drivers/STM32F1xx_HAL_Driver/Src/stm32f1xx_hal_i2s.c.obj
 .text.HAL_PCD_EP_DB_Receive
                0x08003b44      0x11c CMakeFiles/WM8960-TEST.elf.dir/Drivers/STM32F1xx_HAL_Driver/Src/stm32f1xx_hal_pcd.c.obj
 .text.HAL_PCD_Init
                0x08003c60      0x110 CMakeFiles/WM8960-TEST.elf.dir/Drivers/STM32F1xx_HAL_Driver/Src/stm32f1xx_hal_pcd.c.obj
                0x08003c60                HAL_PCD_Init
 .text.HAL_PCD_Start
                0x08003d70       0x32 CMakeFiles/WM8960-TEST.elf.dir/Drivers/STM32F1xx_HAL_Driver/Src/stm32f1xx_hal_pcd.c.obj
                0x08003d70                HAL_PCD_Start
 .text.HAL_PCD_EP_DB_Transmit
                0x08003da2      0x424 CMakeFiles/WM8960-TEST.elf.dir/Drivers/STM32F1xx_HAL_Driver/Src/stm32f1xx_hal_pcd.c.obj
 .text.PCD_EP_ISR_Handler
                0x080041c6      0x53e CMakeFiles/WM8960-TEST.elf.dir/Drivers/STM32F1xx_HAL_Driver/Src/stm32f1xx_hal_pcd.c.obj
 .text.HAL_PCD_SetAddress
                0x08004704       0x28 CMakeFiles/WM8960-TEST.elf.dir/Drivers/STM32F1xx_HAL_Driver/Src/stm32f1xx_hal_pcd.c.obj
                0x08004704                HAL_PCD_SetAddress
 .text.HAL_PCD_IRQHandler
                0x0800472c      0x1b0 CMakeFiles/WM8960-TEST.elf.dir/Drivers/STM32F1xx_HAL_Driver/Src/stm32f1xx_hal_pcd.c.obj
                0x0800472c                HAL_PCD_IRQHandler
 .text.HAL_PCD_EP_Open
                0x080048dc       0x7c CMakeFiles/WM8960-TEST.elf.dir/Drivers/STM32F1xx_HAL_Driver/Src/stm32f1xx_hal_pcd.c.obj
                0x080048dc                HAL_PCD_EP_Open
 .text.HAL_PCD_EP_Close
                0x08004958       0x64 CMakeFiles/WM8960-TEST.elf.dir/Drivers/STM32F1xx_HAL_Driver/Src/stm32f1xx_hal_pcd.c.obj
                0x08004958                HAL_PCD_EP_Close
 .text.HAL_PCD_EP_Receive
                0x080049bc       0x3a CMakeFiles/WM8960-TEST.elf.dir/Drivers/STM32F1xx_HAL_Driver/Src/stm32f1xx_hal_pcd.c.obj
                0x080049bc                HAL_PCD_EP_Receive
 .text.HAL_PCD_EP_GetRxCount
                0x080049f6       0x12 CMakeFiles/WM8960-TEST.elf.dir/Drivers/STM32F1xx_HAL_Driver/Src/stm32f1xx_hal_pcd.c.obj
                0x080049f6                HAL_PCD_EP_GetRxCount
 .text.HAL_PCD_EP_Transmit
                0x08004a08       0x44 CMakeFiles/WM8960-TEST.elf.dir/Drivers/STM32F1xx_HAL_Driver/Src/stm32f1xx_hal_pcd.c.obj
                0x08004a08                HAL_PCD_EP_Transmit
 .text.HAL_PCD_EP_SetStall
                0x08004a4c       0x78 CMakeFiles/WM8960-TEST.elf.dir/Drivers/STM32F1xx_HAL_Driver/Src/stm32f1xx_hal_pcd.c.obj
                0x08004a4c                HAL_PCD_EP_SetStall
 .text.HAL_PCD_EP_ClrStall
                0x08004ac4       0x76 CMakeFiles/WM8960-TEST.elf.dir/Drivers/STM32F1xx_HAL_Driver/Src/stm32f1xx_hal_pcd.c.obj
                0x08004ac4                HAL_PCD_EP_ClrStall
 .text.HAL_PCD_EP_Flush
                0x08004b3a       0x36 CMakeFiles/WM8960-TEST.elf.dir/Drivers/STM32F1xx_HAL_Driver/Src/stm32f1xx_hal_pcd.c.obj
                0x08004b3a                HAL_PCD_EP_Flush
 .text.HAL_PCDEx_PMAConfig
                0x08004b70       0x38 CMakeFiles/WM8960-TEST.elf.dir/Drivers/STM32F1xx_HAL_Driver/Src/stm32f1xx_hal_pcd_ex.c.obj
                0x08004b70                HAL_PCDEx_PMAConfig
 .text.RCC_Delay
                0x08004ba8       0x2c CMakeFiles/WM8960-TEST.elf.dir/Drivers/STM32F1xx_HAL_Driver/Src/stm32f1xx_hal_rcc.c.obj
 .text.HAL_RCC_OscConfig
                0x08004bd4      0x410 CMakeFiles/WM8960-TEST.elf.dir/Drivers/STM32F1xx_HAL_Driver/Src/stm32f1xx_hal_rcc.c.obj
                0x08004bd4                HAL_RCC_OscConfig
 .text.HAL_RCC_GetSysClockFreq
                0x08004fe4       0x54 CMakeFiles/WM8960-TEST.elf.dir/Drivers/STM32F1xx_HAL_Driver/Src/stm32f1xx_hal_rcc.c.obj
                0x08004fe4                HAL_RCC_GetSysClockFreq
 .text.HAL_RCC_ClockConfig
                0x08005038      0x16c CMakeFiles/WM8960-TEST.elf.dir/Drivers/STM32F1xx_HAL_Driver/Src/stm32f1xx_hal_rcc.c.obj
                0x08005038                HAL_RCC_ClockConfig
 .text.HAL_RCC_GetHCLKFreq
                0x080051a4        0xc CMakeFiles/WM8960-TEST.elf.dir/Drivers/STM32F1xx_HAL_Driver/Src/stm32f1xx_hal_rcc.c.obj
                0x080051a4                HAL_RCC_GetHCLKFreq
 .text.HAL_RCC_GetPCLK1Freq
                0x080051b0       0x20 CMakeFiles/WM8960-TEST.elf.dir/Drivers/STM32F1xx_HAL_Driver/Src/stm32f1xx_hal_rcc.c.obj
                0x080051b0                HAL_RCC_GetPCLK1Freq
 .text.HAL_RCC_GetPCLK2Freq
                0x080051d0       0x20 CMakeFiles/WM8960-TEST.elf.dir/Drivers/STM32F1xx_HAL_Driver/Src/stm32f1xx_hal_rcc.c.obj
                0x080051d0                HAL_RCC_GetPCLK2Freq
 .text.HAL_RCC_GetClockConfig
                0x080051f0       0x3c CMakeFiles/WM8960-TEST.elf.dir/Drivers/STM32F1xx_HAL_Driver/Src/stm32f1xx_hal_rcc.c.obj
                0x080051f0                HAL_RCC_GetClockConfig
 .text.HAL_RCCEx_PeriphCLKConfig
                0x0800522c      0x118 CMakeFiles/WM8960-TEST.elf.dir/Drivers/STM32F1xx_HAL_Driver/Src/stm32f1xx_hal_rcc_ex.c.obj
                0x0800522c                HAL_RCCEx_PeriphCLKConfig
 .text.HAL_RCCEx_GetPeriphCLKFreq
                0x08005344       0xf4 CMakeFiles/WM8960-TEST.elf.dir/Drivers/STM32F1xx_HAL_Driver/Src/stm32f1xx_hal_rcc_ex.c.obj
                0x08005344                HAL_RCCEx_GetPeriphCLKFreq
 .text.SD_PowerON
                0x08005438       0xc0 CMakeFiles/WM8960-TEST.elf.dir/Drivers/STM32F1xx_HAL_Driver/Src/stm32f1xx_hal_sd.c.obj
 .text.SD_Read_IT
                0x080054f8       0x38 CMakeFiles/WM8960-TEST.elf.dir/Drivers/STM32F1xx_HAL_Driver/Src/stm32f1xx_hal_sd.c.obj
 .text.SD_Write_IT
                0x08005530       0x48 CMakeFiles/WM8960-TEST.elf.dir/Drivers/STM32F1xx_HAL_Driver/Src/stm32f1xx_hal_sd.c.obj
 .text.SD_FindSCR
                0x08005578      0x100 CMakeFiles/WM8960-TEST.elf.dir/Drivers/STM32F1xx_HAL_Driver/Src/stm32f1xx_hal_sd.c.obj
 .text.SD_WideBus_Enable
                0x08005678       0x4e CMakeFiles/WM8960-TEST.elf.dir/Drivers/STM32F1xx_HAL_Driver/Src/stm32f1xx_hal_sd.c.obj
 .text.SD_WideBus_Disable
                0x080056c6       0x4e CMakeFiles/WM8960-TEST.elf.dir/Drivers/STM32F1xx_HAL_Driver/Src/stm32f1xx_hal_sd.c.obj
 .text.SD_SendStatus
                0x08005714       0x2c CMakeFiles/WM8960-TEST.elf.dir/Drivers/STM32F1xx_HAL_Driver/Src/stm32f1xx_hal_sd.c.obj
 .text.HAL_SD_ReadBlocks
                0x08005740      0x248 CMakeFiles/WM8960-TEST.elf.dir/Drivers/STM32F1xx_HAL_Driver/Src/stm32f1xx_hal_sd.c.obj
                0x08005740                HAL_SD_ReadBlocks
 .text.HAL_SD_WriteBlocks
                0x08005988      0x204 CMakeFiles/WM8960-TEST.elf.dir/Drivers/STM32F1xx_HAL_Driver/Src/stm32f1xx_hal_sd.c.obj
                0x08005988                HAL_SD_WriteBlocks
 .text.HAL_SD_GetState
                0x08005b8c        0x6 CMakeFiles/WM8960-TEST.elf.dir/Drivers/STM32F1xx_HAL_Driver/Src/stm32f1xx_hal_sd.c.obj
                0x08005b8c                HAL_SD_GetState
 .text.HAL_SD_ErrorCallback
                0x08005b92        0x2 CMakeFiles/WM8960-TEST.elf.dir/Drivers/STM32F1xx_HAL_Driver/Src/stm32f1xx_hal_sd.c.obj
                0x08005b92                HAL_SD_ErrorCallback
 .text.HAL_SD_GetCardCSD
                0x08005b94      0x1b8 CMakeFiles/WM8960-TEST.elf.dir/Drivers/STM32F1xx_HAL_Driver/Src/stm32f1xx_hal_sd.c.obj
                0x08005b94                HAL_SD_GetCardCSD
 .text.SD_InitCard
                0x08005d4c      0x100 CMakeFiles/WM8960-TEST.elf.dir/Drivers/STM32F1xx_HAL_Driver/Src/stm32f1xx_hal_sd.c.obj
 .text.HAL_SD_InitCard
                0x08005e4c       0xa8 CMakeFiles/WM8960-TEST.elf.dir/Drivers/STM32F1xx_HAL_Driver/Src/stm32f1xx_hal_sd.c.obj
                0x08005e4c                HAL_SD_InitCard
 .text.HAL_SD_Init
                0x08005ef4       0x36 CMakeFiles/WM8960-TEST.elf.dir/Drivers/STM32F1xx_HAL_Driver/Src/stm32f1xx_hal_sd.c.obj
                0x08005ef4                HAL_SD_Init
 .text.HAL_SD_GetCardInfo
                0x08005f2a       0x24 CMakeFiles/WM8960-TEST.elf.dir/Drivers/STM32F1xx_HAL_Driver/Src/stm32f1xx_hal_sd.c.obj
                0x08005f2a                HAL_SD_GetCardInfo
 *fill*         0x08005f4e        0x2 
 .text.HAL_SD_ConfigWideBusOperation
                0x08005f50       0xc0 CMakeFiles/WM8960-TEST.elf.dir/Drivers/STM32F1xx_HAL_Driver/Src/stm32f1xx_hal_sd.c.obj
                0x08005f50                HAL_SD_ConfigWideBusOperation
 .text.HAL_SD_GetCardState
                0x08006010       0x22 CMakeFiles/WM8960-TEST.elf.dir/Drivers/STM32F1xx_HAL_Driver/Src/stm32f1xx_hal_sd.c.obj
                0x08006010                HAL_SD_GetCardState
 .text.SD_DMATxAbort
                0x08006032       0x44 CMakeFiles/WM8960-TEST.elf.dir/Drivers/STM32F1xx_HAL_Driver/Src/stm32f1xx_hal_sd.c.obj
 .text.SD_DMARxAbort
                0x08006076       0x44 CMakeFiles/WM8960-TEST.elf.dir/Drivers/STM32F1xx_HAL_Driver/Src/stm32f1xx_hal_sd.c.obj
 *fill*         0x080060ba        0x2 
 .text.HAL_SD_IRQHandler
                0x080060bc      0x1cc CMakeFiles/WM8960-TEST.elf.dir/Drivers/STM32F1xx_HAL_Driver/Src/stm32f1xx_hal_sd.c.obj
                0x080060bc                HAL_SD_IRQHandler
 .text.HAL_TIM_Base_MspInit
                0x08006288        0x2 CMakeFiles/WM8960-TEST.elf.dir/Drivers/STM32F1xx_HAL_Driver/Src/stm32f1xx_hal_tim.c.obj
                0x08006288                HAL_TIM_Base_MspInit
 *fill*         0x0800628a        0x2 
 .text.HAL_TIM_Base_Start_IT
                0x0800628c       0x78 CMakeFiles/WM8960-TEST.elf.dir/Drivers/STM32F1xx_HAL_Driver/Src/stm32f1xx_hal_tim.c.obj
                0x0800628c                HAL_TIM_Base_Start_IT
 .text.HAL_TIM_OC_DelayElapsedCallback
                0x08006304        0x2 CMakeFiles/WM8960-TEST.elf.dir/Drivers/STM32F1xx_HAL_Driver/Src/stm32f1xx_hal_tim.c.obj
                0x08006304                HAL_TIM_OC_DelayElapsedCallback
 .text.HAL_TIM_IC_CaptureCallback
                0x08006306        0x2 CMakeFiles/WM8960-TEST.elf.dir/Drivers/STM32F1xx_HAL_Driver/Src/stm32f1xx_hal_tim.c.obj
                0x08006306                HAL_TIM_IC_CaptureCallback
 .text.HAL_TIM_PWM_PulseFinishedCallback
                0x08006308        0x2 CMakeFiles/WM8960-TEST.elf.dir/Drivers/STM32F1xx_HAL_Driver/Src/stm32f1xx_hal_tim.c.obj
                0x08006308                HAL_TIM_PWM_PulseFinishedCallback
 .text.HAL_TIM_TriggerCallback
                0x0800630a        0x2 CMakeFiles/WM8960-TEST.elf.dir/Drivers/STM32F1xx_HAL_Driver/Src/stm32f1xx_hal_tim.c.obj
                0x0800630a                HAL_TIM_TriggerCallback
 .text.HAL_TIM_IRQHandler
                0x0800630c      0x17a CMakeFiles/WM8960-TEST.elf.dir/Drivers/STM32F1xx_HAL_Driver/Src/stm32f1xx_hal_tim.c.obj
                0x0800630c                HAL_TIM_IRQHandler
 *fill*         0x08006486        0x2 
 .text.TIM_Base_SetConfig
                0x08006488       0x98 CMakeFiles/WM8960-TEST.elf.dir/Drivers/STM32F1xx_HAL_Driver/Src/stm32f1xx_hal_tim.c.obj
                0x08006488                TIM_Base_SetConfig
 .text.HAL_TIM_Base_Init
                0x08006520       0x58 CMakeFiles/WM8960-TEST.elf.dir/Drivers/STM32F1xx_HAL_Driver/Src/stm32f1xx_hal_tim.c.obj
                0x08006520                HAL_TIM_Base_Init
 .text.HAL_TIMEx_CommutCallback
                0x08006578        0x2 CMakeFiles/WM8960-TEST.elf.dir/Drivers/STM32F1xx_HAL_Driver/Src/stm32f1xx_hal_tim_ex.c.obj
                0x08006578                HAL_TIMEx_CommutCallback
 .text.HAL_TIMEx_BreakCallback
                0x0800657a        0x2 CMakeFiles/WM8960-TEST.elf.dir/Drivers/STM32F1xx_HAL_Driver/Src/stm32f1xx_hal_tim_ex.c.obj
                0x0800657a                HAL_TIMEx_BreakCallback
 .text.UART_SetConfig
                0x0800657c       0x94 CMakeFiles/WM8960-TEST.elf.dir/Drivers/STM32F1xx_HAL_Driver/Src/stm32f1xx_hal_uart.c.obj
 .text.UART_WaitOnFlagUntilTimeout
                0x08006610       0x84 CMakeFiles/WM8960-TEST.elf.dir/Drivers/STM32F1xx_HAL_Driver/Src/stm32f1xx_hal_uart.c.obj
 .text.HAL_UART_Init
                0x08006694       0x60 CMakeFiles/WM8960-TEST.elf.dir/Drivers/STM32F1xx_HAL_Driver/Src/stm32f1xx_hal_uart.c.obj
                0x08006694                HAL_UART_Init
 .text.HAL_UART_Transmit
                0x080066f4       0xbe CMakeFiles/WM8960-TEST.elf.dir/Drivers/STM32F1xx_HAL_Driver/Src/stm32f1xx_hal_uart.c.obj
                0x080066f4                HAL_UART_Transmit
 *fill*         0x080067b2        0x2 
 .text.SDMMC_GetCmdError
                0x080067b4       0x38 CMakeFiles/WM8960-TEST.elf.dir/Drivers/STM32F1xx_HAL_Driver/Src/stm32f1xx_ll_sdmmc.c.obj
 .text.SDIO_Init
                0x080067ec       0x32 CMakeFiles/WM8960-TEST.elf.dir/Drivers/STM32F1xx_HAL_Driver/Src/stm32f1xx_ll_sdmmc.c.obj
                0x080067ec                SDIO_Init
 .text.SDIO_ReadFIFO
                0x0800681e        0x6 CMakeFiles/WM8960-TEST.elf.dir/Drivers/STM32F1xx_HAL_Driver/Src/stm32f1xx_ll_sdmmc.c.obj
                0x0800681e                SDIO_ReadFIFO
 .text.SDIO_WriteFIFO
                0x08006824        0xa CMakeFiles/WM8960-TEST.elf.dir/Drivers/STM32F1xx_HAL_Driver/Src/stm32f1xx_ll_sdmmc.c.obj
                0x08006824                SDIO_WriteFIFO
 .text.SDIO_PowerState_ON
                0x0800682e        0x8 CMakeFiles/WM8960-TEST.elf.dir/Drivers/STM32F1xx_HAL_Driver/Src/stm32f1xx_ll_sdmmc.c.obj
                0x0800682e                SDIO_PowerState_ON
 .text.SDIO_GetPowerState
                0x08006836        0x8 CMakeFiles/WM8960-TEST.elf.dir/Drivers/STM32F1xx_HAL_Driver/Src/stm32f1xx_ll_sdmmc.c.obj
                0x08006836                SDIO_GetPowerState
 .text.SDIO_SendCommand
                0x0800683e       0x24 CMakeFiles/WM8960-TEST.elf.dir/Drivers/STM32F1xx_HAL_Driver/Src/stm32f1xx_ll_sdmmc.c.obj
                0x0800683e                SDIO_SendCommand
 .text.SDIO_GetCommandResponse
                0x08006862        0x6 CMakeFiles/WM8960-TEST.elf.dir/Drivers/STM32F1xx_HAL_Driver/Src/stm32f1xx_ll_sdmmc.c.obj
                0x08006862                SDIO_GetCommandResponse
 .text.SDIO_GetResponse
                0x08006868        0x6 CMakeFiles/WM8960-TEST.elf.dir/Drivers/STM32F1xx_HAL_Driver/Src/stm32f1xx_ll_sdmmc.c.obj
                0x08006868                SDIO_GetResponse
 .text.SDIO_ConfigData
                0x0800686e       0x24 CMakeFiles/WM8960-TEST.elf.dir/Drivers/STM32F1xx_HAL_Driver/Src/stm32f1xx_ll_sdmmc.c.obj
                0x0800686e                SDIO_ConfigData
 .text.SDMMC_CmdGoIdleState
                0x08006892       0x26 CMakeFiles/WM8960-TEST.elf.dir/Drivers/STM32F1xx_HAL_Driver/Src/stm32f1xx_ll_sdmmc.c.obj
                0x08006892                SDMMC_CmdGoIdleState
 .text.SDMMC_GetCmdResp1
                0x080068b8      0x154 CMakeFiles/WM8960-TEST.elf.dir/Drivers/STM32F1xx_HAL_Driver/Src/stm32f1xx_ll_sdmmc.c.obj
                0x080068b8                SDMMC_GetCmdResp1
 .text.SDMMC_CmdBlockLength
                0x08006a0c       0x30 CMakeFiles/WM8960-TEST.elf.dir/Drivers/STM32F1xx_HAL_Driver/Src/stm32f1xx_ll_sdmmc.c.obj
                0x08006a0c                SDMMC_CmdBlockLength
 .text.SDMMC_CmdReadSingleBlock
                0x08006a3c       0x30 CMakeFiles/WM8960-TEST.elf.dir/Drivers/STM32F1xx_HAL_Driver/Src/stm32f1xx_ll_sdmmc.c.obj
                0x08006a3c                SDMMC_CmdReadSingleBlock
 .text.SDMMC_CmdReadMultiBlock
                0x08006a6c       0x30 CMakeFiles/WM8960-TEST.elf.dir/Drivers/STM32F1xx_HAL_Driver/Src/stm32f1xx_ll_sdmmc.c.obj
                0x08006a6c                SDMMC_CmdReadMultiBlock
 .text.SDMMC_CmdWriteSingleBlock
                0x08006a9c       0x30 CMakeFiles/WM8960-TEST.elf.dir/Drivers/STM32F1xx_HAL_Driver/Src/stm32f1xx_ll_sdmmc.c.obj
                0x08006a9c                SDMMC_CmdWriteSingleBlock
 .text.SDMMC_CmdWriteMultiBlock
                0x08006acc       0x30 CMakeFiles/WM8960-TEST.elf.dir/Drivers/STM32F1xx_HAL_Driver/Src/stm32f1xx_ll_sdmmc.c.obj
                0x08006acc                SDMMC_CmdWriteMultiBlock
 .text.SDMMC_CmdStopTransfer
                0x08006afc       0x34 CMakeFiles/WM8960-TEST.elf.dir/Drivers/STM32F1xx_HAL_Driver/Src/stm32f1xx_ll_sdmmc.c.obj
                0x08006afc                SDMMC_CmdStopTransfer
 .text.SDMMC_CmdSelDesel
                0x08006b30       0x30 CMakeFiles/WM8960-TEST.elf.dir/Drivers/STM32F1xx_HAL_Driver/Src/stm32f1xx_ll_sdmmc.c.obj
                0x08006b30                SDMMC_CmdSelDesel
 .text.SDMMC_CmdAppCommand
                0x08006b60       0x30 CMakeFiles/WM8960-TEST.elf.dir/Drivers/STM32F1xx_HAL_Driver/Src/stm32f1xx_ll_sdmmc.c.obj
                0x08006b60                SDMMC_CmdAppCommand
 .text.SDMMC_CmdBusWidth
                0x08006b90       0x30 CMakeFiles/WM8960-TEST.elf.dir/Drivers/STM32F1xx_HAL_Driver/Src/stm32f1xx_ll_sdmmc.c.obj
                0x08006b90                SDMMC_CmdBusWidth
 .text.SDMMC_CmdSendSCR
                0x08006bc0       0x30 CMakeFiles/WM8960-TEST.elf.dir/Drivers/STM32F1xx_HAL_Driver/Src/stm32f1xx_ll_sdmmc.c.obj
                0x08006bc0                SDMMC_CmdSendSCR
 .text.SDMMC_CmdSendStatus
                0x08006bf0       0x30 CMakeFiles/WM8960-TEST.elf.dir/Drivers/STM32F1xx_HAL_Driver/Src/stm32f1xx_ll_sdmmc.c.obj
                0x08006bf0                SDMMC_CmdSendStatus
 .text.SDMMC_GetCmdResp2
                0x08006c20       0x5c CMakeFiles/WM8960-TEST.elf.dir/Drivers/STM32F1xx_HAL_Driver/Src/stm32f1xx_ll_sdmmc.c.obj
                0x08006c20                SDMMC_GetCmdResp2
 .text.SDMMC_CmdSendCID
                0x08006c7c       0x2a CMakeFiles/WM8960-TEST.elf.dir/Drivers/STM32F1xx_HAL_Driver/Src/stm32f1xx_ll_sdmmc.c.obj
                0x08006c7c                SDMMC_CmdSendCID
 .text.SDMMC_CmdSendCSD
                0x08006ca6       0x2a CMakeFiles/WM8960-TEST.elf.dir/Drivers/STM32F1xx_HAL_Driver/Src/stm32f1xx_ll_sdmmc.c.obj
                0x08006ca6                SDMMC_CmdSendCSD
 .text.SDMMC_GetCmdResp3
                0x08006cd0       0x4c CMakeFiles/WM8960-TEST.elf.dir/Drivers/STM32F1xx_HAL_Driver/Src/stm32f1xx_ll_sdmmc.c.obj
                0x08006cd0                SDMMC_GetCmdResp3
 .text.SDMMC_CmdAppOperCommand
                0x08006d1c       0x32 CMakeFiles/WM8960-TEST.elf.dir/Drivers/STM32F1xx_HAL_Driver/Src/stm32f1xx_ll_sdmmc.c.obj
                0x08006d1c                SDMMC_CmdAppOperCommand
 *fill*         0x08006d4e        0x2 
 .text.SDMMC_GetCmdResp6
                0x08006d50       0xa0 CMakeFiles/WM8960-TEST.elf.dir/Drivers/STM32F1xx_HAL_Driver/Src/stm32f1xx_ll_sdmmc.c.obj
                0x08006d50                SDMMC_GetCmdResp6
 .text.SDMMC_CmdSetRelAdd
                0x08006df0       0x30 CMakeFiles/WM8960-TEST.elf.dir/Drivers/STM32F1xx_HAL_Driver/Src/stm32f1xx_ll_sdmmc.c.obj
                0x08006df0                SDMMC_CmdSetRelAdd
 .text.SDMMC_GetCmdResp7
                0x08006e20       0x64 CMakeFiles/WM8960-TEST.elf.dir/Drivers/STM32F1xx_HAL_Driver/Src/stm32f1xx_ll_sdmmc.c.obj
                0x08006e20                SDMMC_GetCmdResp7
 .text.SDMMC_CmdOperCond
                0x08006e84       0x2e CMakeFiles/WM8960-TEST.elf.dir/Drivers/STM32F1xx_HAL_Driver/Src/stm32f1xx_ll_sdmmc.c.obj
                0x08006e84                SDMMC_CmdOperCond
 .text.USB_CoreInit
                0x08006eb2        0xe CMakeFiles/WM8960-TEST.elf.dir/Drivers/STM32F1xx_HAL_Driver/Src/stm32f1xx_ll_usb.c.obj
                0x08006eb2                USB_CoreInit
 .text.USB_EnableGlobalInt
                0x08006ec0       0x12 CMakeFiles/WM8960-TEST.elf.dir/Drivers/STM32F1xx_HAL_Driver/Src/stm32f1xx_ll_usb.c.obj
                0x08006ec0                USB_EnableGlobalInt
 .text.USB_DisableGlobalInt
                0x08006ed2       0x14 CMakeFiles/WM8960-TEST.elf.dir/Drivers/STM32F1xx_HAL_Driver/Src/stm32f1xx_ll_usb.c.obj
                0x08006ed2                USB_DisableGlobalInt
 .text.USB_SetCurrentMode
                0x08006ee6        0x4 CMakeFiles/WM8960-TEST.elf.dir/Drivers/STM32F1xx_HAL_Driver/Src/stm32f1xx_ll_usb.c.obj
                0x08006ee6                USB_SetCurrentMode
 .text.USB_DevInit
                0x08006eea       0x22 CMakeFiles/WM8960-TEST.elf.dir/Drivers/STM32F1xx_HAL_Driver/Src/stm32f1xx_ll_usb.c.obj
                0x08006eea                USB_DevInit
 .text.USB_FlushTxFifo
                0x08006f0c        0x4 CMakeFiles/WM8960-TEST.elf.dir/Drivers/STM32F1xx_HAL_Driver/Src/stm32f1xx_ll_usb.c.obj
                0x08006f0c                USB_FlushTxFifo
 .text.USB_FlushRxFifo
                0x08006f10        0x4 CMakeFiles/WM8960-TEST.elf.dir/Drivers/STM32F1xx_HAL_Driver/Src/stm32f1xx_ll_usb.c.obj
                0x08006f10                USB_FlushRxFifo
 .text.USB_ActivateEndpoint
                0x08006f14      0x3ca CMakeFiles/WM8960-TEST.elf.dir/Drivers/STM32F1xx_HAL_Driver/Src/stm32f1xx_ll_usb.c.obj
                0x08006f14                USB_ActivateEndpoint
 .text.USB_DeactivateEndpoint
                0x080072de      0x1d6 CMakeFiles/WM8960-TEST.elf.dir/Drivers/STM32F1xx_HAL_Driver/Src/stm32f1xx_ll_usb.c.obj
                0x080072de                USB_DeactivateEndpoint
 .text.USB_EPSetStall
                0x080074b4       0x4a CMakeFiles/WM8960-TEST.elf.dir/Drivers/STM32F1xx_HAL_Driver/Src/stm32f1xx_ll_usb.c.obj
                0x080074b4                USB_EPSetStall
 .text.USB_EPClearStall
                0x080074fe       0xa2 CMakeFiles/WM8960-TEST.elf.dir/Drivers/STM32F1xx_HAL_Driver/Src/stm32f1xx_ll_usb.c.obj
                0x080074fe                USB_EPClearStall
 .text.USB_SetDevAddress
                0x080075a0        0xc CMakeFiles/WM8960-TEST.elf.dir/Drivers/STM32F1xx_HAL_Driver/Src/stm32f1xx_ll_usb.c.obj
                0x080075a0                USB_SetDevAddress
 .text.USB_DevConnect
                0x080075ac        0x4 CMakeFiles/WM8960-TEST.elf.dir/Drivers/STM32F1xx_HAL_Driver/Src/stm32f1xx_ll_usb.c.obj
                0x080075ac                USB_DevConnect
 .text.USB_DevDisconnect
                0x080075b0        0x4 CMakeFiles/WM8960-TEST.elf.dir/Drivers/STM32F1xx_HAL_Driver/Src/stm32f1xx_ll_usb.c.obj
                0x080075b0                USB_DevDisconnect
 .text.USB_ReadInterrupts
                0x080075b4        0x8 CMakeFiles/WM8960-TEST.elf.dir/Drivers/STM32F1xx_HAL_Driver/Src/stm32f1xx_ll_usb.c.obj
                0x080075b4                USB_ReadInterrupts
 .text.USB_EP0_OutStart
                0x080075bc        0x4 CMakeFiles/WM8960-TEST.elf.dir/Drivers/STM32F1xx_HAL_Driver/Src/stm32f1xx_ll_usb.c.obj
                0x080075bc                USB_EP0_OutStart
 .text.USB_WritePMA
                0x080075c0       0x26 CMakeFiles/WM8960-TEST.elf.dir/Drivers/STM32F1xx_HAL_Driver/Src/stm32f1xx_ll_usb.c.obj
                0x080075c0                USB_WritePMA
 .text.USB_EPStartXfer
                0x080075e6      0x7ce CMakeFiles/WM8960-TEST.elf.dir/Drivers/STM32F1xx_HAL_Driver/Src/stm32f1xx_ll_usb.c.obj
                0x080075e6                USB_EPStartXfer
 .text.USB_ReadPMA
                0x08007db4       0x30 CMakeFiles/WM8960-TEST.elf.dir/Drivers/STM32F1xx_HAL_Driver/Src/stm32f1xx_ll_usb.c.obj
                0x08007db4                USB_ReadPMA
 .text.MX_FATFS_Init
                0x08007de4       0x1c CMakeFiles/WM8960-TEST.elf.dir/FATFS/App/fatfs.c.obj
                0x08007de4                MX_FATFS_Init
 .text.get_fattime
                0x08007e00        0x4 CMakeFiles/WM8960-TEST.elf.dir/FATFS/App/fatfs.c.obj
                0x08007e00                get_fattime
 .text.BSP_SD_ReadBlocks
                0x08007e04       0x20 CMakeFiles/WM8960-TEST.elf.dir/FATFS/Target/bsp_driver_sd.c.obj
                0x08007e04                BSP_SD_ReadBlocks
 .text.BSP_SD_WriteBlocks
                0x08007e24       0x20 CMakeFiles/WM8960-TEST.elf.dir/FATFS/Target/bsp_driver_sd.c.obj
                0x08007e24                BSP_SD_WriteBlocks
 .text.BSP_SD_GetCardState
                0x08007e44       0x14 CMakeFiles/WM8960-TEST.elf.dir/FATFS/Target/bsp_driver_sd.c.obj
                0x08007e44                BSP_SD_GetCardState
 .text.BSP_SD_GetCardInfo
                0x08007e58       0x10 CMakeFiles/WM8960-TEST.elf.dir/FATFS/Target/bsp_driver_sd.c.obj
                0x08007e58                BSP_SD_GetCardInfo
 .text.BSP_SD_AbortCallback
                0x08007e68        0x2 CMakeFiles/WM8960-TEST.elf.dir/FATFS/Target/bsp_driver_sd.c.obj
                0x08007e68                BSP_SD_AbortCallback
 .text.HAL_SD_AbortCallback
                0x08007e6a        0x8 CMakeFiles/WM8960-TEST.elf.dir/FATFS/Target/bsp_driver_sd.c.obj
                0x08007e6a                HAL_SD_AbortCallback
 .text.BSP_SD_WriteCpltCallback
                0x08007e72        0x2 CMakeFiles/WM8960-TEST.elf.dir/FATFS/Target/bsp_driver_sd.c.obj
                0x08007e72                BSP_SD_WriteCpltCallback
 .text.HAL_SD_TxCpltCallback
                0x08007e74        0x8 CMakeFiles/WM8960-TEST.elf.dir/FATFS/Target/bsp_driver_sd.c.obj
                0x08007e74                HAL_SD_TxCpltCallback
 .text.BSP_SD_ReadCpltCallback
                0x08007e7c        0x2 CMakeFiles/WM8960-TEST.elf.dir/FATFS/Target/bsp_driver_sd.c.obj
                0x08007e7c                BSP_SD_ReadCpltCallback
 .text.HAL_SD_RxCpltCallback
                0x08007e7e        0x8 CMakeFiles/WM8960-TEST.elf.dir/FATFS/Target/bsp_driver_sd.c.obj
                0x08007e7e                HAL_SD_RxCpltCallback
 .text.BSP_SD_IsDetected
                0x08007e86       0x10 CMakeFiles/WM8960-TEST.elf.dir/FATFS/Target/bsp_driver_sd.c.obj
                0x08007e86                BSP_SD_IsDetected
 *fill*         0x08007e96        0x2 
 .text.BSP_SD_Init
                0x08007e98       0x34 CMakeFiles/WM8960-TEST.elf.dir/FATFS/Target/bsp_driver_sd.c.obj
                0x08007e98                BSP_SD_Init
 .text.USBD_MSC_GetHSCfgDesc
                0x08007ecc        0xc CMakeFiles/WM8960-TEST.elf.dir/Middlewares/ST/STM32_USB_Device_Library/Class/MSC/Src/usbd_msc.c.obj
                0x08007ecc                USBD_MSC_GetHSCfgDesc
 .text.USBD_MSC_GetFSCfgDesc
                0x08007ed8        0xc CMakeFiles/WM8960-TEST.elf.dir/Middlewares/ST/STM32_USB_Device_Library/Class/MSC/Src/usbd_msc.c.obj
                0x08007ed8                USBD_MSC_GetFSCfgDesc
 .text.USBD_MSC_GetOtherSpeedCfgDesc
                0x08007ee4        0xc CMakeFiles/WM8960-TEST.elf.dir/Middlewares/ST/STM32_USB_Device_Library/Class/MSC/Src/usbd_msc.c.obj
                0x08007ee4                USBD_MSC_GetOtherSpeedCfgDesc
 .text.USBD_MSC_GetDeviceQualifierDescriptor
                0x08007ef0        0xc CMakeFiles/WM8960-TEST.elf.dir/Middlewares/ST/STM32_USB_Device_Library/Class/MSC/Src/usbd_msc.c.obj
                0x08007ef0                USBD_MSC_GetDeviceQualifierDescriptor
 .text.USBD_MSC_Init
                0x08007efc       0x66 CMakeFiles/WM8960-TEST.elf.dir/Middlewares/ST/STM32_USB_Device_Library/Class/MSC/Src/usbd_msc.c.obj
                0x08007efc                USBD_MSC_Init
 .text.USBD_MSC_DeInit
                0x08007f62       0x32 CMakeFiles/WM8960-TEST.elf.dir/Middlewares/ST/STM32_USB_Device_Library/Class/MSC/Src/usbd_msc.c.obj
                0x08007f62                USBD_MSC_DeInit
 .text.USBD_MSC_Setup
                0x08007f94      0x198 CMakeFiles/WM8960-TEST.elf.dir/Middlewares/ST/STM32_USB_Device_Library/Class/MSC/Src/usbd_msc.c.obj
                0x08007f94                USBD_MSC_Setup
 .text.USBD_MSC_DataIn
                0x0800812c        0xa CMakeFiles/WM8960-TEST.elf.dir/Middlewares/ST/STM32_USB_Device_Library/Class/MSC/Src/usbd_msc.c.obj
                0x0800812c                USBD_MSC_DataIn
 .text.USBD_MSC_DataOut
                0x08008136        0xa CMakeFiles/WM8960-TEST.elf.dir/Middlewares/ST/STM32_USB_Device_Library/Class/MSC/Src/usbd_msc.c.obj
                0x08008136                USBD_MSC_DataOut
 .text.USBD_MSC_RegisterStorage
                0x08008140        0xa CMakeFiles/WM8960-TEST.elf.dir/Middlewares/ST/STM32_USB_Device_Library/Class/MSC/Src/usbd_msc.c.obj
                0x08008140                USBD_MSC_RegisterStorage
 .text.MSC_BOT_SendData
                0x0800814a       0x34 CMakeFiles/WM8960-TEST.elf.dir/Middlewares/ST/STM32_USB_Device_Library/Class/MSC/Src/usbd_msc_bot.c.obj
 .text.MSC_BOT_Abort
                0x0800817e       0x40 CMakeFiles/WM8960-TEST.elf.dir/Middlewares/ST/STM32_USB_Device_Library/Class/MSC/Src/usbd_msc_bot.c.obj
 .text.MSC_BOT_Init
                0x080081be       0x3e CMakeFiles/WM8960-TEST.elf.dir/Middlewares/ST/STM32_USB_Device_Library/Class/MSC/Src/usbd_msc_bot.c.obj
                0x080081be                MSC_BOT_Init
 .text.MSC_BOT_Reset
                0x080081fc       0x1a CMakeFiles/WM8960-TEST.elf.dir/Middlewares/ST/STM32_USB_Device_Library/Class/MSC/Src/usbd_msc_bot.c.obj
                0x080081fc                MSC_BOT_Reset
 .text.MSC_BOT_DeInit
                0x08008216        0xa CMakeFiles/WM8960-TEST.elf.dir/Middlewares/ST/STM32_USB_Device_Library/Class/MSC/Src/usbd_msc_bot.c.obj
                0x08008216                MSC_BOT_DeInit
 .text.MSC_BOT_SendCSW
                0x08008220       0x38 CMakeFiles/WM8960-TEST.elf.dir/Middlewares/ST/STM32_USB_Device_Library/Class/MSC/Src/usbd_msc_bot.c.obj
                0x08008220                MSC_BOT_SendCSW
 .text.MSC_BOT_DataIn
                0x08008258       0x3a CMakeFiles/WM8960-TEST.elf.dir/Middlewares/ST/STM32_USB_Device_Library/Class/MSC/Src/usbd_msc_bot.c.obj
                0x08008258                MSC_BOT_DataIn
 *fill*         0x08008292        0x2 
 .text.MSC_BOT_CBW_Decode
                0x08008294       0xa8 CMakeFiles/WM8960-TEST.elf.dir/Middlewares/ST/STM32_USB_Device_Library/Class/MSC/Src/usbd_msc_bot.c.obj
 .text.MSC_BOT_DataOut
                0x0800833c       0x32 CMakeFiles/WM8960-TEST.elf.dir/Middlewares/ST/STM32_USB_Device_Library/Class/MSC/Src/usbd_msc_bot.c.obj
                0x0800833c                MSC_BOT_DataOut
 .text.MSC_BOT_CplClrFeature
                0x0800836e       0x2a CMakeFiles/WM8960-TEST.elf.dir/Middlewares/ST/STM32_USB_Device_Library/Class/MSC/Src/usbd_msc_bot.c.obj
                0x0800836e                MSC_BOT_CplClrFeature
 .text.SCSI_Inquiry
                0x08008398       0x5c CMakeFiles/WM8960-TEST.elf.dir/Middlewares/ST/STM32_USB_Device_Library/Class/MSC/Src/usbd_msc_scsi.c.obj
 .text.SCSI_ModeSense6
                0x080083f4       0x24 CMakeFiles/WM8960-TEST.elf.dir/Middlewares/ST/STM32_USB_Device_Library/Class/MSC/Src/usbd_msc_scsi.c.obj
 .text.SCSI_ModeSense10
                0x08008418       0x24 CMakeFiles/WM8960-TEST.elf.dir/Middlewares/ST/STM32_USB_Device_Library/Class/MSC/Src/usbd_msc_scsi.c.obj
 .text.SCSI_RequestSense
                0x0800843c       0x66 CMakeFiles/WM8960-TEST.elf.dir/Middlewares/ST/STM32_USB_Device_Library/Class/MSC/Src/usbd_msc_scsi.c.obj
 .text.SCSI_StartStopUnit
                0x080084a2        0xa CMakeFiles/WM8960-TEST.elf.dir/Middlewares/ST/STM32_USB_Device_Library/Class/MSC/Src/usbd_msc_scsi.c.obj
 .text.SCSI_SenseCode
                0x080084ac       0x2a CMakeFiles/WM8960-TEST.elf.dir/Middlewares/ST/STM32_USB_Device_Library/Class/MSC/Src/usbd_msc_scsi.c.obj
                0x080084ac                SCSI_SenseCode
 .text.SCSI_TestUnitReady
                0x080084d6       0x4a CMakeFiles/WM8960-TEST.elf.dir/Middlewares/ST/STM32_USB_Device_Library/Class/MSC/Src/usbd_msc_scsi.c.obj
 .text.SCSI_ReadFormatCapacity
                0x08008520       0x7c CMakeFiles/WM8960-TEST.elf.dir/Middlewares/ST/STM32_USB_Device_Library/Class/MSC/Src/usbd_msc_scsi.c.obj
 .text.SCSI_ReadCapacity10
                0x0800859c       0x60 CMakeFiles/WM8960-TEST.elf.dir/Middlewares/ST/STM32_USB_Device_Library/Class/MSC/Src/usbd_msc_scsi.c.obj
 .text.SCSI_CheckAddressRange
                0x080085fc       0x22 CMakeFiles/WM8960-TEST.elf.dir/Middlewares/ST/STM32_USB_Device_Library/Class/MSC/Src/usbd_msc_scsi.c.obj
 .text.SCSI_ProcessRead
                0x0800861e       0x96 CMakeFiles/WM8960-TEST.elf.dir/Middlewares/ST/STM32_USB_Device_Library/Class/MSC/Src/usbd_msc_scsi.c.obj
 .text.SCSI_Read10
                0x080086b4       0xba CMakeFiles/WM8960-TEST.elf.dir/Middlewares/ST/STM32_USB_Device_Library/Class/MSC/Src/usbd_msc_scsi.c.obj
 .text.SCSI_ProcessWrite
                0x0800876e       0xa8 CMakeFiles/WM8960-TEST.elf.dir/Middlewares/ST/STM32_USB_Device_Library/Class/MSC/Src/usbd_msc_scsi.c.obj
 .text.SCSI_Write10
                0x08008816       0xf6 CMakeFiles/WM8960-TEST.elf.dir/Middlewares/ST/STM32_USB_Device_Library/Class/MSC/Src/usbd_msc_scsi.c.obj
 .text.SCSI_Verify10
                0x0800890c       0x38 CMakeFiles/WM8960-TEST.elf.dir/Middlewares/ST/STM32_USB_Device_Library/Class/MSC/Src/usbd_msc_scsi.c.obj
 .text.SCSI_ProcessCmd
                0x08008944       0xd6 CMakeFiles/WM8960-TEST.elf.dir/Middlewares/ST/STM32_USB_Device_Library/Class/MSC/Src/usbd_msc_scsi.c.obj
                0x08008944                SCSI_ProcessCmd
 .text.USBD_Init
                0x08008a1a       0x2e CMakeFiles/WM8960-TEST.elf.dir/Middlewares/ST/STM32_USB_Device_Library/Core/Src/usbd_core.c.obj
                0x08008a1a                USBD_Init
 .text.USBD_RegisterClass
                0x08008a48        0xe CMakeFiles/WM8960-TEST.elf.dir/Middlewares/ST/STM32_USB_Device_Library/Core/Src/usbd_core.c.obj
                0x08008a48                USBD_RegisterClass
 .text.USBD_Start
                0x08008a56        0xa CMakeFiles/WM8960-TEST.elf.dir/Middlewares/ST/STM32_USB_Device_Library/Core/Src/usbd_core.c.obj
                0x08008a56                USBD_Start
 .text.USBD_SetClassConfig
                0x08008a60       0x18 CMakeFiles/WM8960-TEST.elf.dir/Middlewares/ST/STM32_USB_Device_Library/Core/Src/usbd_core.c.obj
                0x08008a60                USBD_SetClassConfig
 .text.USBD_ClrClassConfig
                0x08008a78        0xe CMakeFiles/WM8960-TEST.elf.dir/Middlewares/ST/STM32_USB_Device_Library/Core/Src/usbd_core.c.obj
                0x08008a78                USBD_ClrClassConfig
 .text.USBD_LL_SetupStage
                0x08008a86       0x5a CMakeFiles/WM8960-TEST.elf.dir/Middlewares/ST/STM32_USB_Device_Library/Core/Src/usbd_core.c.obj
                0x08008a86                USBD_LL_SetupStage
 .text.USBD_LL_DataOutStage
                0x08008ae0       0x8c CMakeFiles/WM8960-TEST.elf.dir/Middlewares/ST/STM32_USB_Device_Library/Core/Src/usbd_core.c.obj
                0x08008ae0                USBD_LL_DataOutStage
 .text.USBD_LL_DataInStage
                0x08008b6c       0xd0 CMakeFiles/WM8960-TEST.elf.dir/Middlewares/ST/STM32_USB_Device_Library/Core/Src/usbd_core.c.obj
                0x08008b6c                USBD_LL_DataInStage
 .text.USBD_LL_Reset
                0x08008c3c       0x50 CMakeFiles/WM8960-TEST.elf.dir/Middlewares/ST/STM32_USB_Device_Library/Core/Src/usbd_core.c.obj
                0x08008c3c                USBD_LL_Reset
 .text.USBD_LL_SetSpeed
                0x08008c8c        0x6 CMakeFiles/WM8960-TEST.elf.dir/Middlewares/ST/STM32_USB_Device_Library/Core/Src/usbd_core.c.obj
                0x08008c8c                USBD_LL_SetSpeed
 .text.USBD_LL_Suspend
                0x08008c92       0x12 CMakeFiles/WM8960-TEST.elf.dir/Middlewares/ST/STM32_USB_Device_Library/Core/Src/usbd_core.c.obj
                0x08008c92                USBD_LL_Suspend
 .text.USBD_LL_Resume
                0x08008ca4       0x16 CMakeFiles/WM8960-TEST.elf.dir/Middlewares/ST/STM32_USB_Device_Library/Core/Src/usbd_core.c.obj
                0x08008ca4                USBD_LL_Resume
 .text.USBD_LL_SOF
                0x08008cba       0x1c CMakeFiles/WM8960-TEST.elf.dir/Middlewares/ST/STM32_USB_Device_Library/Core/Src/usbd_core.c.obj
                0x08008cba                USBD_LL_SOF
 .text.USBD_GetLen
                0x08008cd6       0x14 CMakeFiles/WM8960-TEST.elf.dir/Middlewares/ST/STM32_USB_Device_Library/Core/Src/usbd_ctlreq.c.obj
 .text.USBD_SetFeature
                0x08008cea       0x14 CMakeFiles/WM8960-TEST.elf.dir/Middlewares/ST/STM32_USB_Device_Library/Core/Src/usbd_ctlreq.c.obj
 .text.USBD_ParseSetupRequest
                0x08008cfe       0x28 CMakeFiles/WM8960-TEST.elf.dir/Middlewares/ST/STM32_USB_Device_Library/Core/Src/usbd_ctlreq.c.obj
                0x08008cfe                USBD_ParseSetupRequest
 .text.USBD_CtlError
                0x08008d26       0x14 CMakeFiles/WM8960-TEST.elf.dir/Middlewares/ST/STM32_USB_Device_Library/Core/Src/usbd_ctlreq.c.obj
                0x08008d26                USBD_CtlError
 .text.USBD_GetDescriptor
                0x08008d3a      0x186 CMakeFiles/WM8960-TEST.elf.dir/Middlewares/ST/STM32_USB_Device_Library/Core/Src/usbd_ctlreq.c.obj
 .text.USBD_SetAddress
                0x08008ec0       0x4e CMakeFiles/WM8960-TEST.elf.dir/Middlewares/ST/STM32_USB_Device_Library/Core/Src/usbd_ctlreq.c.obj
 *fill*         0x08008f0e        0x2 
 .text.USBD_SetConfig
                0x08008f10       0xb0 CMakeFiles/WM8960-TEST.elf.dir/Middlewares/ST/STM32_USB_Device_Library/Core/Src/usbd_ctlreq.c.obj
 .text.USBD_GetConfig
                0x08008fc0       0x3e CMakeFiles/WM8960-TEST.elf.dir/Middlewares/ST/STM32_USB_Device_Library/Core/Src/usbd_ctlreq.c.obj
 .text.USBD_GetStatus
                0x08008ffe       0x38 CMakeFiles/WM8960-TEST.elf.dir/Middlewares/ST/STM32_USB_Device_Library/Core/Src/usbd_ctlreq.c.obj
 .text.USBD_ClrFeature
                0x08009036       0x26 CMakeFiles/WM8960-TEST.elf.dir/Middlewares/ST/STM32_USB_Device_Library/Core/Src/usbd_ctlreq.c.obj
 .text.USBD_StdDevReq
                0x0800905c       0x68 CMakeFiles/WM8960-TEST.elf.dir/Middlewares/ST/STM32_USB_Device_Library/Core/Src/usbd_ctlreq.c.obj
                0x0800905c                USBD_StdDevReq
 .text.USBD_StdItfReq
                0x080090c4       0x60 CMakeFiles/WM8960-TEST.elf.dir/Middlewares/ST/STM32_USB_Device_Library/Core/Src/usbd_ctlreq.c.obj
                0x080090c4                USBD_StdItfReq
 .text.USBD_StdEPReq
                0x08009124      0x1e2 CMakeFiles/WM8960-TEST.elf.dir/Middlewares/ST/STM32_USB_Device_Library/Core/Src/usbd_ctlreq.c.obj
                0x08009124                USBD_StdEPReq
 .text.USBD_GetString
                0x08009306       0x3a CMakeFiles/WM8960-TEST.elf.dir/Middlewares/ST/STM32_USB_Device_Library/Core/Src/usbd_ctlreq.c.obj
                0x08009306                USBD_GetString
 .text.USBD_CtlSendData
                0x08009340       0x1a CMakeFiles/WM8960-TEST.elf.dir/Middlewares/ST/STM32_USB_Device_Library/Core/Src/usbd_ioreq.c.obj
                0x08009340                USBD_CtlSendData
 .text.USBD_CtlContinueSendData
                0x0800935a       0x10 CMakeFiles/WM8960-TEST.elf.dir/Middlewares/ST/STM32_USB_Device_Library/Core/Src/usbd_ioreq.c.obj
                0x0800935a                USBD_CtlContinueSendData
 .text.USBD_CtlContinueRx
                0x0800936a       0x10 CMakeFiles/WM8960-TEST.elf.dir/Middlewares/ST/STM32_USB_Device_Library/Core/Src/usbd_ioreq.c.obj
                0x0800936a                USBD_CtlContinueRx
 .text.USBD_CtlSendStatus
                0x0800937a       0x16 CMakeFiles/WM8960-TEST.elf.dir/Middlewares/ST/STM32_USB_Device_Library/Core/Src/usbd_ioreq.c.obj
                0x0800937a                USBD_CtlSendStatus
 .text.USBD_CtlReceiveStatus
                0x08009390       0x16 CMakeFiles/WM8960-TEST.elf.dir/Middlewares/ST/STM32_USB_Device_Library/Core/Src/usbd_ioreq.c.obj
                0x08009390                USBD_CtlReceiveStatus
 *fill*         0x080093a6        0x2 
 .text.disk_status
                0x080093a8       0x18 CMakeFiles/WM8960-TEST.elf.dir/Middlewares/Third_Party/FatFs/src/diskio.c.obj
                0x080093a8                disk_status
 .text.disk_initialize
                0x080093c0       0x28 CMakeFiles/WM8960-TEST.elf.dir/Middlewares/Third_Party/FatFs/src/diskio.c.obj
                0x080093c0                disk_initialize
 .text.disk_read
                0x080093e8       0x18 CMakeFiles/WM8960-TEST.elf.dir/Middlewares/Third_Party/FatFs/src/diskio.c.obj
                0x080093e8                disk_read
 .text.disk_write
                0x08009400       0x18 CMakeFiles/WM8960-TEST.elf.dir/Middlewares/Third_Party/FatFs/src/diskio.c.obj
                0x08009400                disk_write
 .text.disk_ioctl
                0x08009418       0x18 CMakeFiles/WM8960-TEST.elf.dir/Middlewares/Third_Party/FatFs/src/diskio.c.obj
                0x08009418                disk_ioctl
 .text.SD_initialize
                0x08009430       0x24 CMakeFiles/WM8960-TEST.elf.dir/Middlewares/Third_Party/FatFs/src/drivers/sd_diskio.c.obj
                0x08009430                SD_initialize
 .text.SD_status
                0x08009454       0x24 CMakeFiles/WM8960-TEST.elf.dir/Middlewares/Third_Party/FatFs/src/drivers/sd_diskio.c.obj
                0x08009454                SD_status
 .text.SD_read  0x08009478       0x38 CMakeFiles/WM8960-TEST.elf.dir/Middlewares/Third_Party/FatFs/src/drivers/sd_diskio.c.obj
                0x08009478                SD_read
 .text.SD_write
                0x080094b0       0x38 CMakeFiles/WM8960-TEST.elf.dir/Middlewares/Third_Party/FatFs/src/drivers/sd_diskio.c.obj
                0x080094b0                SD_write
 .text.SD_ioctl
                0x080094e8       0x54 CMakeFiles/WM8960-TEST.elf.dir/Middlewares/Third_Party/FatFs/src/drivers/sd_diskio.c.obj
                0x080094e8                SD_ioctl
 .text.mem_cpy  0x0800953c       0x14 CMakeFiles/WM8960-TEST.elf.dir/Middlewares/Third_Party/FatFs/src/ff.c.obj
 .text.mem_set  0x08009550       0x10 CMakeFiles/WM8960-TEST.elf.dir/Middlewares/Third_Party/FatFs/src/ff.c.obj
 .text.mem_cmp  0x08009560       0x1e CMakeFiles/WM8960-TEST.elf.dir/Middlewares/Third_Party/FatFs/src/ff.c.obj
 .text.chk_chr  0x0800957e       0x10 CMakeFiles/WM8960-TEST.elf.dir/Middlewares/Third_Party/FatFs/src/ff.c.obj
 *fill*         0x0800958e        0x2 
 .text.chk_lock
                0x08009590       0x88 CMakeFiles/WM8960-TEST.elf.dir/Middlewares/Third_Party/FatFs/src/ff.c.obj
 .text.enq_lock
                0x08009618       0x24 CMakeFiles/WM8960-TEST.elf.dir/Middlewares/Third_Party/FatFs/src/ff.c.obj
 .text.inc_lock
                0x0800963c       0xcc CMakeFiles/WM8960-TEST.elf.dir/Middlewares/Third_Party/FatFs/src/ff.c.obj
 .text.dec_lock
                0x08009708       0x4c CMakeFiles/WM8960-TEST.elf.dir/Middlewares/Third_Party/FatFs/src/ff.c.obj
 .text.clear_lock
                0x08009754       0x44 CMakeFiles/WM8960-TEST.elf.dir/Middlewares/Third_Party/FatFs/src/ff.c.obj
 .text.clmt_clust
                0x08009798       0x28 CMakeFiles/WM8960-TEST.elf.dir/Middlewares/Third_Party/FatFs/src/ff.c.obj
 .text.ld_clust
                0x080097c0       0x22 CMakeFiles/WM8960-TEST.elf.dir/Middlewares/Third_Party/FatFs/src/ff.c.obj
 .text.st_clust
                0x080097e2       0x14 CMakeFiles/WM8960-TEST.elf.dir/Middlewares/Third_Party/FatFs/src/ff.c.obj
 *fill*         0x080097f6        0x2 
 .text.pick_lfn
                0x080097f8       0x80 CMakeFiles/WM8960-TEST.elf.dir/Middlewares/Third_Party/FatFs/src/ff.c.obj
 .text.fit_lfn  0x08009878       0x78 CMakeFiles/WM8960-TEST.elf.dir/Middlewares/Third_Party/FatFs/src/ff.c.obj
 .text.gen_numname
                0x080098f0       0xbc CMakeFiles/WM8960-TEST.elf.dir/Middlewares/Third_Party/FatFs/src/ff.c.obj
 .text.sum_sfn  0x080099ac       0x20 CMakeFiles/WM8960-TEST.elf.dir/Middlewares/Third_Party/FatFs/src/ff.c.obj
 .text.get_ldnumber
                0x080099cc       0x52 CMakeFiles/WM8960-TEST.elf.dir/Middlewares/Third_Party/FatFs/src/ff.c.obj
 .text.sync_window
                0x08009a1e       0x5e CMakeFiles/WM8960-TEST.elf.dir/Middlewares/Third_Party/FatFs/src/ff.c.obj
 .text.move_window
                0x08009a7c       0x3a CMakeFiles/WM8960-TEST.elf.dir/Middlewares/Third_Party/FatFs/src/ff.c.obj
 *fill*         0x08009ab6        0x2 
 .text.check_fs
                0x08009ab8       0x90 CMakeFiles/WM8960-TEST.elf.dir/Middlewares/Third_Party/FatFs/src/ff.c.obj
 .text.validate
                0x08009b48       0x34 CMakeFiles/WM8960-TEST.elf.dir/Middlewares/Third_Party/FatFs/src/ff.c.obj
 .text.find_volume
                0x08009b7c      0x3ac CMakeFiles/WM8960-TEST.elf.dir/Middlewares/Third_Party/FatFs/src/ff.c.obj
 .text.get_fileinfo
                0x08009f28       0xf2 CMakeFiles/WM8960-TEST.elf.dir/Middlewares/Third_Party/FatFs/src/ff.c.obj
 *fill*         0x0800a01a        0x2 
 .text.create_name
                0x0800a01c      0x27c CMakeFiles/WM8960-TEST.elf.dir/Middlewares/Third_Party/FatFs/src/ff.c.obj
 .text.cmp_lfn  0x0800a298       0x88 CMakeFiles/WM8960-TEST.elf.dir/Middlewares/Third_Party/FatFs/src/ff.c.obj
 .text.sync_fs  0x0800a320       0xc2 CMakeFiles/WM8960-TEST.elf.dir/Middlewares/Third_Party/FatFs/src/ff.c.obj
 .text.clust2sect
                0x0800a3e2       0x1e CMakeFiles/WM8960-TEST.elf.dir/Middlewares/Third_Party/FatFs/src/ff.c.obj
                0x0800a3e2                clust2sect
 .text.get_fat  0x0800a400       0xdc CMakeFiles/WM8960-TEST.elf.dir/Middlewares/Third_Party/FatFs/src/ff.c.obj
                0x0800a400                get_fat
 .text.dir_sdi  0x0800a4dc       0xb6 CMakeFiles/WM8960-TEST.elf.dir/Middlewares/Third_Party/FatFs/src/ff.c.obj
 .text.put_fat  0x0800a592      0x116 CMakeFiles/WM8960-TEST.elf.dir/Middlewares/Third_Party/FatFs/src/ff.c.obj
                0x0800a592                put_fat
 .text.create_chain
                0x0800a6a8       0xce CMakeFiles/WM8960-TEST.elf.dir/Middlewares/Third_Party/FatFs/src/ff.c.obj
 .text.dir_next
                0x0800a776      0x140 CMakeFiles/WM8960-TEST.elf.dir/Middlewares/Third_Party/FatFs/src/ff.c.obj
 .text.dir_find
                0x0800a8b6       0xe8 CMakeFiles/WM8960-TEST.elf.dir/Middlewares/Third_Party/FatFs/src/ff.c.obj
 .text.follow_path
                0x0800a99e       0x88 CMakeFiles/WM8960-TEST.elf.dir/Middlewares/Third_Party/FatFs/src/ff.c.obj
 .text.dir_alloc
                0x0800aa26       0x54 CMakeFiles/WM8960-TEST.elf.dir/Middlewares/Third_Party/FatFs/src/ff.c.obj
 *fill*         0x0800aa7a        0x2 
 .text.dir_register
                0x0800aa7c      0x154 CMakeFiles/WM8960-TEST.elf.dir/Middlewares/Third_Party/FatFs/src/ff.c.obj
 .text.dir_read
                0x0800abd0       0xc8 CMakeFiles/WM8960-TEST.elf.dir/Middlewares/Third_Party/FatFs/src/ff.c.obj
 .text.dir_remove
                0x0800ac98       0x72 CMakeFiles/WM8960-TEST.elf.dir/Middlewares/Third_Party/FatFs/src/ff.c.obj
 .text.remove_chain
                0x0800ad0a       0x74 CMakeFiles/WM8960-TEST.elf.dir/Middlewares/Third_Party/FatFs/src/ff.c.obj
 *fill*         0x0800ad7e        0x2 
 .text.f_mount  0x0800ad80       0x60 CMakeFiles/WM8960-TEST.elf.dir/Middlewares/Third_Party/FatFs/src/ff.c.obj
                0x0800ad80                f_mount
 .text.f_open   0x0800ade0      0x1e6 CMakeFiles/WM8960-TEST.elf.dir/Middlewares/Third_Party/FatFs/src/ff.c.obj
                0x0800ade0                f_open
 .text.f_read   0x0800afc6      0x1ec CMakeFiles/WM8960-TEST.elf.dir/Middlewares/Third_Party/FatFs/src/ff.c.obj
                0x0800afc6                f_read
 .text.f_write  0x0800b1b2      0x23a CMakeFiles/WM8960-TEST.elf.dir/Middlewares/Third_Party/FatFs/src/ff.c.obj
                0x0800b1b2                f_write
 .text.f_sync   0x0800b3ec       0xbe CMakeFiles/WM8960-TEST.elf.dir/Middlewares/Third_Party/FatFs/src/ff.c.obj
                0x0800b3ec                f_sync
 .text.f_close  0x0800b4aa       0x28 CMakeFiles/WM8960-TEST.elf.dir/Middlewares/Third_Party/FatFs/src/ff.c.obj
                0x0800b4aa                f_close
 .text.f_lseek  0x0800b4d2      0x310 CMakeFiles/WM8960-TEST.elf.dir/Middlewares/Third_Party/FatFs/src/ff.c.obj
                0x0800b4d2                f_lseek
 .text.f_opendir
                0x0800b7e2       0xa6 CMakeFiles/WM8960-TEST.elf.dir/Middlewares/Third_Party/FatFs/src/ff.c.obj
                0x0800b7e2                f_opendir
 .text.f_closedir
                0x0800b888       0x22 CMakeFiles/WM8960-TEST.elf.dir/Middlewares/Third_Party/FatFs/src/ff.c.obj
                0x0800b888                f_closedir
 .text.f_readdir
                0x0800b8aa       0x64 CMakeFiles/WM8960-TEST.elf.dir/Middlewares/Third_Party/FatFs/src/ff.c.obj
                0x0800b8aa                f_readdir
 .text.f_unlink
                0x0800b90e       0xd4 CMakeFiles/WM8960-TEST.elf.dir/Middlewares/Third_Party/FatFs/src/ff.c.obj
                0x0800b90e                f_unlink
 *fill*         0x0800b9e2        0x2 
 .text.FATFS_LinkDriverEx
                0x0800b9e4       0x54 CMakeFiles/WM8960-TEST.elf.dir/Middlewares/Third_Party/FatFs/src/ff_gen_drv.c.obj
                0x0800b9e4                FATFS_LinkDriverEx
 .text.FATFS_LinkDriver
                0x0800ba38        0xa CMakeFiles/WM8960-TEST.elf.dir/Middlewares/Third_Party/FatFs/src/ff_gen_drv.c.obj
                0x0800ba38                FATFS_LinkDriver
 *fill*         0x0800ba42        0x2 
 .text.ff_convert
                0x0800ba44       0x54 CMakeFiles/WM8960-TEST.elf.dir/Middlewares/Third_Party/FatFs/src/option/cc936.c.obj
                0x0800ba44                ff_convert
 .text.ff_wtoupper
                0x0800ba98       0x24 CMakeFiles/WM8960-TEST.elf.dir/Middlewares/Third_Party/FatFs/src/option/cc936.c.obj
                0x0800ba98                ff_wtoupper
 .text.makeFreeRtosPriority
                0x0800babc        0xc CMakeFiles/WM8960-TEST.elf.dir/Middlewares/Third_Party/FreeRTOS/Source/CMSIS_RTOS/cmsis_os.c.obj
 .text.osKernelStart
                0x0800bac8        0xa CMakeFiles/WM8960-TEST.elf.dir/Middlewares/Third_Party/FreeRTOS/Source/CMSIS_RTOS/cmsis_os.c.obj
                0x0800bac8                osKernelStart
 .text.osThreadCreate
                0x0800bad2       0x36 CMakeFiles/WM8960-TEST.elf.dir/Middlewares/Third_Party/FreeRTOS/Source/CMSIS_RTOS/cmsis_os.c.obj
                0x0800bad2                osThreadCreate
 .text.vListInitialise
                0x0800bb08       0x16 CMakeFiles/WM8960-TEST.elf.dir/Middlewares/Third_Party/FreeRTOS/Source/list.c.obj
                0x0800bb08                vListInitialise
 .text.vListInitialiseItem
                0x0800bb1e        0x6 CMakeFiles/WM8960-TEST.elf.dir/Middlewares/Third_Party/FreeRTOS/Source/list.c.obj
                0x0800bb1e                vListInitialiseItem
 .text.vListInsertEnd
                0x0800bb24       0x16 CMakeFiles/WM8960-TEST.elf.dir/Middlewares/Third_Party/FreeRTOS/Source/list.c.obj
                0x0800bb24                vListInsertEnd
 .text.vListInsert
                0x0800bb3a       0x32 CMakeFiles/WM8960-TEST.elf.dir/Middlewares/Third_Party/FreeRTOS/Source/list.c.obj
                0x0800bb3a                vListInsert
 .text.uxListRemove
                0x0800bb6c       0x26 CMakeFiles/WM8960-TEST.elf.dir/Middlewares/Third_Party/FreeRTOS/Source/list.c.obj
                0x0800bb6c                uxListRemove
 *fill*         0x0800bb92        0x2 
 .text.prvTaskExitError
                0x0800bb94       0x40 CMakeFiles/WM8960-TEST.elf.dir/Middlewares/Third_Party/FreeRTOS/Source/portable/GCC/ARM_CM3/port.c.obj
 .text.prvPortStartFirstTask
                0x0800bbd4       0x20 CMakeFiles/WM8960-TEST.elf.dir/Middlewares/Third_Party/FreeRTOS/Source/portable/GCC/ARM_CM3/port.c.obj
 .text.pxPortInitialiseStack
                0x0800bbf4       0x24 CMakeFiles/WM8960-TEST.elf.dir/Middlewares/Third_Party/FreeRTOS/Source/portable/GCC/ARM_CM3/port.c.obj
                0x0800bbf4                pxPortInitialiseStack
 *fill*         0x0800bc18        0x8 
 .text.SVC_Handler
                0x0800bc20       0x24 CMakeFiles/WM8960-TEST.elf.dir/Middlewares/Third_Party/FreeRTOS/Source/portable/GCC/ARM_CM3/port.c.obj
                0x0800bc20                SVC_Handler
 .text.vPortEnterCritical
                0x0800bc44       0x44 CMakeFiles/WM8960-TEST.elf.dir/Middlewares/Third_Party/FreeRTOS/Source/portable/GCC/ARM_CM3/port.c.obj
                0x0800bc44                vPortEnterCritical
 .text.vPortExitCritical
                0x0800bc88       0x2c CMakeFiles/WM8960-TEST.elf.dir/Middlewares/Third_Party/FreeRTOS/Source/portable/GCC/ARM_CM3/port.c.obj
                0x0800bc88                vPortExitCritical
 *fill*         0x0800bcb4        0xc 
 .text.PendSV_Handler
                0x0800bcc0       0x44 CMakeFiles/WM8960-TEST.elf.dir/Middlewares/Third_Party/FreeRTOS/Source/portable/GCC/ARM_CM3/port.c.obj
                0x0800bcc0                PendSV_Handler
 .text.SysTick_Handler
                0x0800bd04       0x2c CMakeFiles/WM8960-TEST.elf.dir/Middlewares/Third_Party/FreeRTOS/Source/portable/GCC/ARM_CM3/port.c.obj
                0x0800bd04                SysTick_Handler
 .text.vPortSetupTimerInterrupt
                0x0800bd30       0x28 CMakeFiles/WM8960-TEST.elf.dir/Middlewares/Third_Party/FreeRTOS/Source/portable/GCC/ARM_CM3/port.c.obj
                0x0800bd30                vPortSetupTimerInterrupt
 .text.xPortStartScheduler
                0x0800bd58       0xc0 CMakeFiles/WM8960-TEST.elf.dir/Middlewares/Third_Party/FreeRTOS/Source/portable/GCC/ARM_CM3/port.c.obj
                0x0800bd58                xPortStartScheduler
 .text.prvTaskIsTaskSuspended
                0x0800be18       0x40 CMakeFiles/WM8960-TEST.elf.dir/Middlewares/Third_Party/FreeRTOS/Source/tasks.c.obj
 .text.prvResetNextTaskUnblockTime
                0x0800be58       0x2c CMakeFiles/WM8960-TEST.elf.dir/Middlewares/Third_Party/FreeRTOS/Source/tasks.c.obj
 .text.prvInitialiseNewTask
                0x0800be84       0x90 CMakeFiles/WM8960-TEST.elf.dir/Middlewares/Third_Party/FreeRTOS/Source/tasks.c.obj
 .text.prvInitialiseTaskLists
                0x0800bf14       0x68 CMakeFiles/WM8960-TEST.elf.dir/Middlewares/Third_Party/FreeRTOS/Source/tasks.c.obj
 .text.prvAddNewTaskToReadyList
                0x0800bf7c       0xa8 CMakeFiles/WM8960-TEST.elf.dir/Middlewares/Third_Party/FreeRTOS/Source/tasks.c.obj
 .text.prvCheckTasksWaitingTermination
                0x0800c024       0x40 CMakeFiles/WM8960-TEST.elf.dir/Middlewares/Third_Party/FreeRTOS/Source/tasks.c.obj
 .text.prvIdleTask
                0x0800c064       0x28 CMakeFiles/WM8960-TEST.elf.dir/Middlewares/Third_Party/FreeRTOS/Source/tasks.c.obj
 .text.prvAddCurrentTaskToDelayedList
                0x0800c08c       0x98 CMakeFiles/WM8960-TEST.elf.dir/Middlewares/Third_Party/FreeRTOS/Source/tasks.c.obj
 .text.xTaskCreateStatic
                0x0800c124       0x6e CMakeFiles/WM8960-TEST.elf.dir/Middlewares/Third_Party/FreeRTOS/Source/tasks.c.obj
                0x0800c124                xTaskCreateStatic
 *fill*         0x0800c192        0x2 
 .text.vTaskResume
                0x0800c194       0x88 CMakeFiles/WM8960-TEST.elf.dir/Middlewares/Third_Party/FreeRTOS/Source/tasks.c.obj
                0x0800c194                vTaskResume
 .text.vTaskStartScheduler
                0x0800c21c       0x74 CMakeFiles/WM8960-TEST.elf.dir/Middlewares/Third_Party/FreeRTOS/Source/tasks.c.obj
                0x0800c21c                vTaskStartScheduler
 .text.vTaskSuspendAll
                0x0800c290       0x10 CMakeFiles/WM8960-TEST.elf.dir/Middlewares/Third_Party/FreeRTOS/Source/tasks.c.obj
                0x0800c290                vTaskSuspendAll
 .text.xTaskGetTickCount
                0x0800c2a0        0xc CMakeFiles/WM8960-TEST.elf.dir/Middlewares/Third_Party/FreeRTOS/Source/tasks.c.obj
                0x0800c2a0                xTaskGetTickCount
 .text.xTaskIncrementTick
                0x0800c2ac      0x118 CMakeFiles/WM8960-TEST.elf.dir/Middlewares/Third_Party/FreeRTOS/Source/tasks.c.obj
                0x0800c2ac                xTaskIncrementTick
 .text.xTaskResumeAll
                0x0800c3c4       0xf8 CMakeFiles/WM8960-TEST.elf.dir/Middlewares/Third_Party/FreeRTOS/Source/tasks.c.obj
                0x0800c3c4                xTaskResumeAll
 .text.vTaskDelayUntil
                0x0800c4bc       0xa4 CMakeFiles/WM8960-TEST.elf.dir/Middlewares/Third_Party/FreeRTOS/Source/tasks.c.obj
                0x0800c4bc                vTaskDelayUntil
 .text.vTaskSwitchContext
                0x0800c560       0x98 CMakeFiles/WM8960-TEST.elf.dir/Middlewares/Third_Party/FreeRTOS/Source/tasks.c.obj
                0x0800c560                vTaskSwitchContext
 .text.vTaskSuspend
                0x0800c5f8       0xec CMakeFiles/WM8960-TEST.elf.dir/Middlewares/Third_Party/FreeRTOS/Source/tasks.c.obj
                0x0800c5f8                vTaskSuspend
 .text.MX_USB_DEVICE_Init
                0x0800c6e4       0x54 CMakeFiles/WM8960-TEST.elf.dir/USB_DEVICE/App/usb_device.c.obj
                0x0800c6e4                MX_USB_DEVICE_Init
 .text.USBD_FS_DeviceDescriptor
                0x0800c738        0xc CMakeFiles/WM8960-TEST.elf.dir/USB_DEVICE/App/usbd_desc.c.obj
                0x0800c738                USBD_FS_DeviceDescriptor
 .text.USBD_FS_LangIDStrDescriptor
                0x0800c744        0xc CMakeFiles/WM8960-TEST.elf.dir/USB_DEVICE/App/usbd_desc.c.obj
                0x0800c744                USBD_FS_LangIDStrDescriptor
 .text.IntToUnicode
                0x0800c750       0x46 CMakeFiles/WM8960-TEST.elf.dir/USB_DEVICE/App/usbd_desc.c.obj
 *fill*         0x0800c796        0x2 
 .text.Get_SerialNum
                0x0800c798       0x38 CMakeFiles/WM8960-TEST.elf.dir/USB_DEVICE/App/usbd_desc.c.obj
 .text.USBD_FS_SerialStrDescriptor
                0x0800c7d0       0x14 CMakeFiles/WM8960-TEST.elf.dir/USB_DEVICE/App/usbd_desc.c.obj
                0x0800c7d0                USBD_FS_SerialStrDescriptor
 .text.USBD_FS_ProductStrDescriptor
                0x0800c7e4       0x24 CMakeFiles/WM8960-TEST.elf.dir/USB_DEVICE/App/usbd_desc.c.obj
                0x0800c7e4                USBD_FS_ProductStrDescriptor
 .text.USBD_FS_ManufacturerStrDescriptor
                0x0800c808       0x1c CMakeFiles/WM8960-TEST.elf.dir/USB_DEVICE/App/usbd_desc.c.obj
                0x0800c808                USBD_FS_ManufacturerStrDescriptor
 .text.USBD_FS_ConfigStrDescriptor
                0x0800c824       0x24 CMakeFiles/WM8960-TEST.elf.dir/USB_DEVICE/App/usbd_desc.c.obj
                0x0800c824                USBD_FS_ConfigStrDescriptor
 .text.USBD_FS_InterfaceStrDescriptor
                0x0800c848       0x24 CMakeFiles/WM8960-TEST.elf.dir/USB_DEVICE/App/usbd_desc.c.obj
                0x0800c848                USBD_FS_InterfaceStrDescriptor
 .text.STORAGE_Init_FS
                0x0800c86c        0x4 CMakeFiles/WM8960-TEST.elf.dir/USB_DEVICE/App/usbd_storage_if.c.obj
 .text.STORAGE_IsWriteProtected_FS
                0x0800c870        0x4 CMakeFiles/WM8960-TEST.elf.dir/USB_DEVICE/App/usbd_storage_if.c.obj
 .text.STORAGE_GetMaxLun_FS
                0x0800c874        0x4 CMakeFiles/WM8960-TEST.elf.dir/USB_DEVICE/App/usbd_storage_if.c.obj
 .text.STORAGE_Write_FS
                0x0800c878       0x34 CMakeFiles/WM8960-TEST.elf.dir/USB_DEVICE/App/usbd_storage_if.c.obj
 .text.STORAGE_Read_FS
                0x0800c8ac       0x34 CMakeFiles/WM8960-TEST.elf.dir/USB_DEVICE/App/usbd_storage_if.c.obj
 .text.STORAGE_IsReady_FS
                0x0800c8e0       0x18 CMakeFiles/WM8960-TEST.elf.dir/USB_DEVICE/App/usbd_storage_if.c.obj
 .text.STORAGE_GetCapacity_FS
                0x0800c8f8       0x30 CMakeFiles/WM8960-TEST.elf.dir/USB_DEVICE/App/usbd_storage_if.c.obj
 .text.USBD_Get_USB_Status
                0x0800c928       0x14 CMakeFiles/WM8960-TEST.elf.dir/USB_DEVICE/Target/usbd_conf.c.obj
 .text.HAL_PCD_MspInit
                0x0800c93c       0x40 CMakeFiles/WM8960-TEST.elf.dir/USB_DEVICE/Target/usbd_conf.c.obj
                0x0800c93c                HAL_PCD_MspInit
 .text.HAL_PCD_SetupStageCallback
                0x0800c97c       0x10 CMakeFiles/WM8960-TEST.elf.dir/USB_DEVICE/Target/usbd_conf.c.obj
                0x0800c97c                HAL_PCD_SetupStageCallback
 .text.HAL_PCD_DataOutStageCallback
                0x0800c98c       0x18 CMakeFiles/WM8960-TEST.elf.dir/USB_DEVICE/Target/usbd_conf.c.obj
                0x0800c98c                HAL_PCD_DataOutStageCallback
 .text.HAL_PCD_DataInStageCallback
                0x0800c9a4       0x16 CMakeFiles/WM8960-TEST.elf.dir/USB_DEVICE/Target/usbd_conf.c.obj
                0x0800c9a4                HAL_PCD_DataInStageCallback
 .text.HAL_PCD_SOFCallback
                0x0800c9ba        0xc CMakeFiles/WM8960-TEST.elf.dir/USB_DEVICE/Target/usbd_conf.c.obj
                0x0800c9ba                HAL_PCD_SOFCallback
 .text.HAL_PCD_ResetCallback
                0x0800c9c6       0x24 CMakeFiles/WM8960-TEST.elf.dir/USB_DEVICE/Target/usbd_conf.c.obj
                0x0800c9c6                HAL_PCD_ResetCallback
 *fill*         0x0800c9ea        0x2 
 .text.HAL_PCD_SuspendCallback
                0x0800c9ec       0x20 CMakeFiles/WM8960-TEST.elf.dir/USB_DEVICE/Target/usbd_conf.c.obj
                0x0800c9ec                HAL_PCD_SuspendCallback
 .text.HAL_PCD_ResumeCallback
                0x0800ca0c        0xc CMakeFiles/WM8960-TEST.elf.dir/USB_DEVICE/Target/usbd_conf.c.obj
                0x0800ca0c                HAL_PCD_ResumeCallback
 .text.USBD_LL_Init
                0x0800ca18       0x74 CMakeFiles/WM8960-TEST.elf.dir/USB_DEVICE/Target/usbd_conf.c.obj
                0x0800ca18                USBD_LL_Init
 .text.USBD_LL_Start
                0x0800ca8c       0x10 CMakeFiles/WM8960-TEST.elf.dir/USB_DEVICE/Target/usbd_conf.c.obj
                0x0800ca8c                USBD_LL_Start