Archive member included to satisfy reference by file (symbol)

e:/_tool/arm-gnu-toolchain-12.2.mpacbti-rel1-mingw-w64-i686-arm-none-eabi/bin/../lib/gcc/arm-none-eabi/12.2.1/thumb/v7-m/nofp\libgcc.a(_arm_mulsf3.o)
                              CMakeFiles/WM8960-TEST.elf.dir/Code/WM8960Apps.c.obj (__aeabi_fmul)
e:/_tool/arm-gnu-toolchain-12.2.mpacbti-rel1-mingw-w64-i686-arm-none-eabi/bin/../lib/gcc/arm-none-eabi/12.2.1/thumb/v7-m/nofp\libgcc.a(_arm_fixsfsi.o)
                              CMakeFiles/WM8960-TEST.elf.dir/Code/WM8960Apps.c.obj (__aeabi_f2iz)
e:/_tool/arm-gnu-toolchain-12.2.mpacbti-rel1-mingw-w64-i686-arm-none-eabi/bin/../lib/gcc/arm-none-eabi/12.2.1/thumb/v7-m/nofp\libg.a(libc_a-exit.o)
                              e:/_tool/arm-gnu-toolchain-12.2.mpacbti-rel1-mingw-w64-i686-arm-none-eabi/bin/../lib/gcc/arm-none-eabi/12.2.1/thumb/v7-m/nofp/crt0.o (exit)
e:/_tool/arm-gnu-toolchain-12.2.mpacbti-rel1-mingw-w64-i686-arm-none-eabi/bin/../lib/gcc/arm-none-eabi/12.2.1/thumb/v7-m/nofp\libg.a(libc_a-findfp.o)
                              e:/_tool/arm-gnu-toolchain-12.2.mpacbti-rel1-mingw-w64-i686-arm-none-eabi/bin/../lib/gcc/arm-none-eabi/12.2.1/thumb/v7-m/nofp\libg.a(libc_a-exit.o) (__stdio_exit_handler)
e:/_tool/arm-gnu-toolchain-12.2.mpacbti-rel1-mingw-w64-i686-arm-none-eabi/bin/../lib/gcc/arm-none-eabi/12.2.1/thumb/v7-m/nofp\libg.a(libc_a-fwalk.o)
                              e:/_tool/arm-gnu-toolchain-12.2.mpacbti-rel1-mingw-w64-i686-arm-none-eabi/bin/../lib/gcc/arm-none-eabi/12.2.1/thumb/v7-m/nofp\libg.a(libc_a-findfp.o) (_fwalk_sglue)
e:/_tool/arm-gnu-toolchain-12.2.mpacbti-rel1-mingw-w64-i686-arm-none-eabi/bin/../lib/gcc/arm-none-eabi/12.2.1/thumb/v7-m/nofp\libg.a(libc_a-printf.o)
                              CMakeFiles/WM8960-TEST.elf.dir/Code/WM8960.c.obj (printf)
e:/_tool/arm-gnu-toolchain-12.2.mpacbti-rel1-mingw-w64-i686-arm-none-eabi/bin/../lib/gcc/arm-none-eabi/12.2.1/thumb/v7-m/nofp\libg.a(libc_a-puts.o)
                              CMakeFiles/WM8960-TEST.elf.dir/Code/WM8960.c.obj (puts)
e:/_tool/arm-gnu-toolchain-12.2.mpacbti-rel1-mingw-w64-i686-arm-none-eabi/bin/../lib/gcc/arm-none-eabi/12.2.1/thumb/v7-m/nofp\libg.a(libc_a-sprintf.o)
                              CMakeFiles/WM8960-TEST.elf.dir/Code/WM8960Apps.c.obj (sprintf)
e:/_tool/arm-gnu-toolchain-12.2.mpacbti-rel1-mingw-w64-i686-arm-none-eabi/bin/../lib/gcc/arm-none-eabi/12.2.1/thumb/v7-m/nofp\libg.a(libc_a-stdio.o)
                              e:/_tool/arm-gnu-toolchain-12.2.mpacbti-rel1-mingw-w64-i686-arm-none-eabi/bin/../lib/gcc/arm-none-eabi/12.2.1/thumb/v7-m/nofp\libg.a(libc_a-findfp.o) (__sread)
e:/_tool/arm-gnu-toolchain-12.2.mpacbti-rel1-mingw-w64-i686-arm-none-eabi/bin/../lib/gcc/arm-none-eabi/12.2.1/thumb/v7-m/nofp\libg.a(libc_a-memset.o)
                              e:/_tool/arm-gnu-toolchain-12.2.mpacbti-rel1-mingw-w64-i686-arm-none-eabi/bin/../lib/gcc/arm-none-eabi/12.2.1/thumb/v7-m/nofp/crt0.o (memset)
e:/_tool/arm-gnu-toolchain-12.2.mpacbti-rel1-mingw-w64-i686-arm-none-eabi/bin/../lib/gcc/arm-none-eabi/12.2.1/thumb/v7-m/nofp\libg.a(libc_a-strcat.o)
                              CMakeFiles/WM8960-TEST.elf.dir/Code/WM8960Apps.c.obj (strcat)
e:/_tool/arm-gnu-toolchain-12.2.mpacbti-rel1-mingw-w64-i686-arm-none-eabi/bin/../lib/gcc/arm-none-eabi/12.2.1/thumb/v7-m/nofp\libg.a(libc_a-closer.o)
                              e:/_tool/arm-gnu-toolchain-12.2.mpacbti-rel1-mingw-w64-i686-arm-none-eabi/bin/../lib/gcc/arm-none-eabi/12.2.1/thumb/v7-m/nofp\libg.a(libc_a-stdio.o) (_close_r)
e:/_tool/arm-gnu-toolchain-12.2.mpacbti-rel1-mingw-w64-i686-arm-none-eabi/bin/../lib/gcc/arm-none-eabi/12.2.1/thumb/v7-m/nofp\libg.a(libc_a-reent.o)
                              e:/_tool/arm-gnu-toolchain-12.2.mpacbti-rel1-mingw-w64-i686-arm-none-eabi/bin/../lib/gcc/arm-none-eabi/12.2.1/thumb/v7-m/nofp\libg.a(libc_a-closer.o) (errno)
e:/_tool/arm-gnu-toolchain-12.2.mpacbti-rel1-mingw-w64-i686-arm-none-eabi/bin/../lib/gcc/arm-none-eabi/12.2.1/thumb/v7-m/nofp\libg.a(libc_a-impure.o)
                              e:/_tool/arm-gnu-toolchain-12.2.mpacbti-rel1-mingw-w64-i686-arm-none-eabi/bin/../lib/gcc/arm-none-eabi/12.2.1/thumb/v7-m/nofp\libg.a(libc_a-printf.o) (_impure_ptr)
e:/_tool/arm-gnu-toolchain-12.2.mpacbti-rel1-mingw-w64-i686-arm-none-eabi/bin/../lib/gcc/arm-none-eabi/12.2.1/thumb/v7-m/nofp\libg.a(libc_a-lseekr.o)
                              e:/_tool/arm-gnu-toolchain-12.2.mpacbti-rel1-mingw-w64-i686-arm-none-eabi/bin/../lib/gcc/arm-none-eabi/12.2.1/thumb/v7-m/nofp\libg.a(libc_a-stdio.o) (_lseek_r)
e:/_tool/arm-gnu-toolchain-12.2.mpacbti-rel1-mingw-w64-i686-arm-none-eabi/bin/../lib/gcc/arm-none-eabi/12.2.1/thumb/v7-m/nofp\libg.a(libc_a-readr.o)
                              e:/_tool/arm-gnu-toolchain-12.2.mpacbti-rel1-mingw-w64-i686-arm-none-eabi/bin/../lib/gcc/arm-none-eabi/12.2.1/thumb/v7-m/nofp\libg.a(libc_a-stdio.o) (_read_r)
[...]
Memory Configuration

Name             Origin             Length             Attributes
RAM              0x20000000         0x00010000         xrw
FLASH            0x08000000         0x00080000         xr
*default*        0x00000000         0xffffffff

Linker script and memory map

LOAD e:/_tool/arm-gnu-toolchain-12.2.mpacbti-rel1-mingw-w64-i686-arm-none-eabi/bin/../lib/gcc/arm-none-eabi/12.2.1/thumb/v7-m/nofp/crti.o
LOAD e:/_tool/arm-gnu-toolchain-12.2.mpacbti-rel1-mingw-w64-i686-arm-none-eabi/bin/../lib/gcc/arm-none-eabi/12.2.1/thumb/v7-m/nofp/crtbegin.o
LOAD e:/_tool/arm-gnu-toolchain-12.2.mpacbti-rel1-mingw-w64-i686-arm-none-eabi/bin/../lib/gcc/arm-none-eabi/12.2.1/thumb/v7-m/nofp/crt0.o
LOAD CMakeFiles/WM8960-TEST.elf.dir/Code/WM8960.c.obj
LOAD CMakeFiles/WM8960-TEST.elf.dir/Code/WM8960Apps.c.obj
LOAD CMakeFiles/WM8960-TEST.elf.dir/Code/bsp_key.c.obj
LOAD CMakeFiles/WM8960-TEST.elf.dir/Core/Src/dma.c.obj
LOAD CMakeFiles/WM8960-TEST.elf.dir/Core/Src/freertos.c.obj
LOAD CMakeFiles/WM8960-TEST.elf.dir/Core/Src/gpio.c.obj
LOAD CMakeFiles/WM8960-TEST.elf.dir/Core/Src/i2c.c.obj
LOAD CMakeFiles/WM8960-TEST.elf.dir/Core/Src/i2s.c.obj
LOAD CMakeFiles/WM8960-TEST.elf.dir/Core/Src/main.c.obj
LOAD CMakeFiles/WM8960-TEST.elf.dir/Core/Src/sdio.c.obj
LOAD CMakeFiles/WM8960-TEST.elf.dir/Core/Src/stm32f1xx_hal_msp.c.obj
LOAD CMakeFiles/WM8960-TEST.elf.dir/Core/Src/stm32f1xx_hal_timebase_tim.c.obj
LOAD CMakeFiles/WM8960-TEST.elf.dir/Core/Src/stm32f1xx_it.c.obj
LOAD CMakeFiles/WM8960-TEST.elf.dir/Core/Src/syscalls.c.obj
LOAD CMakeFiles/WM8960-TEST.elf.dir/Core/Src/sysmem.c.obj
LOAD CMakeFiles/WM8960-TEST.elf.dir/Core/Src/system_stm32f1xx.c.obj
LOAD CMakeFiles/WM8960-TEST.elf.dir/Core/Src/usart.c.obj
LOAD CMakeFiles/WM8960-TEST.elf.dir/Core/Startup/startup_stm32f103vetx.s.obj
LOAD CMakeFiles/WM8960-TEST.elf.dir/Drivers/STM32F1xx_HAL_Driver/Src/stm32f1xx_hal.c.obj
LOAD CMakeFiles/WM8960-TEST.elf.dir/Drivers/STM32F1xx_HAL_Driver/Src/stm32f1xx_hal_cortex.c.obj
LOAD CMakeFiles/WM8960-TEST.elf.dir/Drivers/STM32F1xx_HAL_Driver/Src/stm32f1xx_hal_dma.c.obj
LOAD CMakeFiles/WM8960-TEST.elf.dir/Drivers/STM32F1xx_HAL_Driver/Src/stm32f1xx_hal_exti.c.obj
LOAD CMakeFiles/WM8960-TEST.elf.dir/Drivers/STM32F1xx_HAL_Driver/Src/stm32f1xx_hal_flash.c.obj
LOAD CMakeFiles/WM8960-TEST.elf.dir/Drivers/STM32F1xx_HAL_Driver/Src/stm32f1xx_hal_flash_ex.c.obj
LOAD CMakeFiles/WM8960-TEST.elf.dir/Drivers/STM32F1xx_HAL_Driver/Src/stm32f1xx_hal_gpio.c.obj
LOAD CMakeFiles/WM8960-TEST.elf.dir/Drivers/STM32F1xx_HAL_Driver/Src/stm32f1xx_hal_gpio_ex.c.obj
LOAD CMakeFiles/WM8960-TEST.elf.dir/Drivers/STM32F1xx_HAL_Driver/Src/stm32f1xx_hal_i2c.c.obj
LOAD CMakeFiles/WM8960-TEST.elf.dir/Drivers/STM32F1xx_HAL_Driver/Src/stm32f1xx_hal_i2s.c.obj
LOAD CMakeFiles/WM8960-TEST.elf.dir/Drivers/STM32F1xx_HAL_Driver/Src/stm32f1xx_hal_pcd.c.obj
LOAD CMakeFiles/WM8960-TEST.elf.dir/Drivers/STM32F1xx_HAL_Driver/Src/stm32f1xx_hal_pcd_ex.c.obj
LOAD CMakeFiles/WM8960-TEST.elf.dir/Drivers/STM32F1xx_HAL_Driver/Src/stm32f1xx_hal_pwr.c.obj
LOAD CMakeFiles/WM8960-TEST.elf.dir/Drivers/STM32F1xx_HAL_Driver/Src/stm32f1xx_hal_rcc.c.obj
LOAD CMakeFiles/WM8960-TEST.elf.dir/Drivers/STM32F1xx_HAL_Driver/Src/stm32f1xx_hal_rcc_ex.c.obj
LOAD CMakeFiles/WM8960-TEST.elf.dir/Drivers/STM32F1xx_HAL_Driver/Src/stm32f1xx_hal_sd.c.obj
LOAD CMakeFiles/WM8960-TEST.elf.dir/Drivers/STM32F1xx_HAL_Driver/Src/stm32f1xx_hal_tim.c.obj
LOAD CMakeFiles/WM8960-TEST.elf.dir/Drivers/STM32F1xx_HAL_Driver/Src/stm32f1xx_hal_tim_ex.c.obj
LOAD CMakeFiles/WM8960-TEST.elf.dir/Drivers/STM32F1xx_HAL_Driver/Src/stm32f1xx_hal_uart.c.obj
LOAD CMakeFiles/WM8960-TEST.elf.dir/Drivers/STM32F1xx_HAL_Driver/Src/stm32f1xx_ll_sdmmc.c.obj
LOAD CMakeFiles/WM8960-TEST.elf.dir/Drivers/STM32F1xx_HAL_Driver/Src/stm32f1xx_ll_usb.c.obj
LOAD CMakeFiles/WM8960-TEST.elf.dir/FATFS/App/fatfs.c.obj
LOAD CMakeFiles/WM8960-TEST.elf.dir/FATFS/Target/bsp_driver_sd.c.obj
LOAD CMakeFiles/WM8960-TEST.elf.dir/Middlewares/ST/STM32_USB_Device_Library/Class/MSC/Src/usbd_msc.c.obj
LOAD CMakeFiles/WM8960-TEST.elf.dir/Middlewares/ST/STM32_USB_Device_Library/Class/MSC/Src/usbd_msc_bot.c.obj
LOAD CMakeFiles/WM8960-TEST.elf.dir/Middlewares/ST/STM32_USB_Device_Library/Class/MSC/Src/usbd_msc_data.c.obj
LOAD CMakeFiles/WM8960-TEST.elf.dir/Middlewares/ST/STM32_USB_Device_Library/Class/MSC/Src/usbd_msc_scsi.c.obj
LOAD CMakeFiles/WM8960-TEST.elf.dir/Middlewares/ST/STM32_USB_Device_Library/Core/Src/usbd_core.c.obj
LOAD CMakeFiles/WM8960-TEST.elf.dir/Middlewares/ST/STM32_USB_Device_Library/Core/Src/usbd_ctlreq.c.obj
LOAD CMakeFiles/WM8960-TEST.elf.dir/Middlewares/ST/STM32_USB_Device_Library/Core/Src/usbd_ioreq.c.obj
LOAD CMakeFiles/WM8960-TEST.elf.dir/Middlewares/Third_Party/FatFs/src/diskio.c.obj
LOAD CMakeFiles/WM8960-TEST.elf.dir/Middlewares/Third_Party/FatFs/src/drivers/sd_diskio.c.obj
LOAD CMakeFiles/WM8960-TEST.elf.dir/Middlewares/Third_Party/FatFs/src/ff.c.obj
LOAD CMakeFiles/WM8960-TEST.elf.dir/Middlewares/Third_Party/FatFs/src/ff_gen_drv.c.obj
LOAD CMakeFiles/WM8960-TEST.elf.dir/Middlewares/Third_Party/FatFs/src/option/cc936.c.obj
LOAD CMakeFiles/WM8960-TEST.elf.dir/Middlewares/Third_Party/FatFs/src/option/syscall.c.obj
LOAD CMakeFiles/WM8960-TEST.elf.dir/Middlewares/Third_Party/FreeRTOS/Source/CMSIS_RTOS/cmsis_os.c.obj
LOAD CMakeFiles/WM8960-TEST.elf.dir/Middlewares/Third_Party/FreeRTOS/Source/croutine.c.obj
LOAD CMakeFiles/WM8960-TEST.elf.dir/Middlewares/Third_Party/FreeRTOS/Source/event_groups.c.obj
LOAD CMakeFiles/WM8960-TEST.elf.dir/Middlewares/Third_Party/FreeRTOS/Source/list.c.obj
LOAD CMakeFiles/WM8960-TEST.elf.dir/Middlewares/Third_Party/FreeRTOS/Source/portable/GCC/ARM_CM3/port.c.obj
LOAD CMakeFiles/WM8960-TEST.elf.dir/Middlewares/Third_Party/FreeRTOS/Source/queue.c.obj
LOAD CMakeFiles/WM8960-TEST.elf.dir/Middlewares/Third_Party/FreeRTOS/Source/stream_buffer.c.obj
LOAD CMakeFiles/WM8960-TEST.elf.dir/Middlewares/Third_Party/FreeRTOS/Source/tasks.c.obj
LOAD CMakeFiles/WM8960-TEST.elf.dir/Middlewares/Third_Party/FreeRTOS/Source/timers.c.obj
LOAD CMakeFiles/WM8960-TEST.elf.dir/USB_DEVICE/App/usb_device.c.obj
LOAD CMakeFiles/WM8960-TEST.elf.dir/USB_DEVICE/App/usbd_desc.c.obj
LOAD CMakeFiles/WM8960-TEST.elf.dir/USB_DEVICE/App/usbd_storage_if.c.obj
LOAD CMakeFiles/WM8960-TEST.elf.dir/USB_DEVICE/Target/usbd_conf.c.obj
START GROUP
LOAD e:/_tool/arm-gnu-toolchain-12.2.mpacbti-rel1-mingw-w64-i686-arm-none-eabi/bin/../lib/gcc/arm-none-eabi/12.2.1/thumb/v7-m/nofp\libgcc.a
LOAD e:/_tool/arm-gnu-toolchain-12.2.mpacbti-rel1-mingw-w64-i686-arm-none-eabi/bin/../lib/gcc/arm-none-eabi/12.2.1/thumb/v7-m/nofp\libg.a
LOAD e:/_tool/arm-gnu-toolchain-12.2.mpacbti-rel1-mingw-w64-i686-arm-none-eabi/bin/../lib/gcc/arm-none-eabi/12.2.1/thumb/v7-m/nofp\libc.a
END GROUP
LOAD e:/_tool/arm-gnu-toolchain-12.2.mpacbti-rel1-mingw-w64-i686-arm-none-eabi/bin/../lib/gcc/arm-none-eabi/12.2.1/thumb/v7-m/nofp/crtend.o
LOAD e:/_tool/arm-gnu-toolchain-12.2.mpacbti-rel1-mingw-w64-i686-arm-none-eabi/bin/../lib/gcc/arm-none-eabi/12.2.1/thumb/v7-m/nofp/crtn.o
                0x20010000                        _estack = (ORIGIN (RAM) + LENGTH (RAM))
                0x00001000                        _Min_Heap_Size = 0x1000
                0x00001000                        _Min_Stack_Size = 0x1000

.isr_vector     0x08000000      0x1e4
                0x08000000                        . = ALIGN (0x4)
 *(.isr_vector)
 .isr_vector    0x08000000      0x1e4 CMakeFiles/WM8960-TEST.elf.dir/Core/Startup/startup_stm32f103vetx.s.obj
                0x08000000                g_pfnVectors
                0x080001e4                        . = ALIGN (0x4)

.text           0x080001f0    0x14c50
                0x080001f0                        . = ALIGN (0x4)
 *(.text)
 .text          0x080001f0      0x168 e:/_tool/arm-gnu-toolchain-12.2.mpacbti-rel1-mingw-w64-i686-arm-none-eabi/bin/../lib/gcc/arm-none-eabi/12.2.1/thumb/v7-m/nofp\libgcc.a(_arm_mulsf3.o)
                0x080001f0                __aeabi_fmul
                0x080001f0                __mulsf3
 .text          0x08000358       0x4c e:/_tool/arm-gnu-toolchain-12.2.mpacbti-rel1-mingw-w64-i686-arm-none-eabi/bin/../lib/gcc/arm-none-eabi/12.2.1/thumb/v7-m/nofp\libgcc.a(_arm_fixsfsi.o)
                0x08000358                __aeabi_f2iz
                0x08000358                __fixsfsi
 .text          0x080003a4       0xec e:/_tool/arm-gnu-toolchain-12.2.mpacbti-rel1-mingw-w64-i686-arm-none-eabi/bin/../lib/gcc/arm-none-eabi/12.2.1/thumb/v7-m/nofp\libg.a(libc_a-memcpy.o)
                0x080003a4                memcpy
 .text          0x08000490      0x378 e:/_tool/arm-gnu-toolchain-12.2.mpacbti-rel1-mingw-w64-i686-arm-none-eabi/bin/../lib/gcc/arm-none-eabi/12.2.1/thumb/v7-m/nofp\libgcc.a(_arm_addsubdf3.o)
                0x08000490                __aeabi_drsub
                0x08000498                __aeabi_dsub
                0x08000498                __subdf3
                0x0800049c                __aeabi_dadd
                0x0800049c                __adddf3
                0x08000714                __floatunsidf
                0x08000714                __aeabi_ui2d
                0x08000734                __floatsidf
                0x08000734                __aeabi_i2d
                0x08000758                __aeabi_f2d
                0x08000758                __extendsfdf2
                0x0800079c                __floatundidf
                0x0800079c                __aeabi_ul2d
                0x080007ac                __floatdidf
                0x080007ac                __aeabi_l2d
 .text          0x08000808      0x424 e:/_tool/arm-gnu-toolchain-12.2.mpacbti-rel1-mingw-w64-i686-arm-none-eabi/bin/../lib/gcc/arm-none-eabi/12.2.1/thumb/v7-m/nofp\libgcc.a(_arm_muldivdf3.o)
                0x08000808                __aeabi_dmul
                0x08000808                __muldf3
                0x08000a5c                __divdf3
                0x08000a5c                __aeabi_ddiv
 .text          0x08000c2c      0x110 e:/_tool/arm-gnu-toolchain-12.2.mpacbti-rel1-mingw-w64-i686-arm-none-eabi/bin/../lib/gcc/arm-none-eabi/12.2.1/thumb/v7-m/nofp\libgcc.a(_arm_cmpdf2.o)
                0x08000c2c                __gtdf2
                0x08000c2c                __gedf2
                0x08000c34                __ltdf2
                0x08000c34                __ledf2
                0x08000c3c                __nedf2
                0x08000c3c                __eqdf2
                0x08000c3c                __cmpdf2
                0x08000cb8                __aeabi_cdrcmple
                0x08000cc8                __aeabi_cdcmpeq
                0x08000cc8                __aeabi_cdcmple
                0x08000cd8                __aeabi_dcmpeq
                0x08000cec                __aeabi_dcmplt
                0x08000d00                __aeabi_dcmple
                0x08000d14                __aeabi_dcmpge
                0x08000d28                __aeabi_dcmpgt
 .text          0x08000d3c       0x2c e:/_tool/arm-gnu-toolchain-12.2.mpacbti-rel1-mingw-w64-i686-arm-none-eabi/bin/../lib/gcc/arm-none-eabi/12.2.1/thumb/v7-m/nofp\libgcc.a(_arm_unorddf2.o)
                0x08000d3c                __unorddf2
                0x08000d3c                __aeabi_dcmpun
 .text          0x08000d68       0x50 e:/_tool/arm-gnu-toolchain-12.2.mpacbti-rel1-mingw-w64-i686-arm-none-eabi/bin/../lib/gcc/arm-none-eabi/12.2.1/thumb/v7-m/nofp\libgcc.a(_arm_fixdfsi.o)
                0x08000d68                __aeabi_d2iz
                0x08000d68                __fixdfsi
 *(.text*)
 .text.deregister_tm_clones
                0x08000db8       0x1c e:/_tool/arm-gnu-toolchain-12.2.mpacbti-rel1-mingw-w64-i686-arm-none-eabi/bin/../lib/gcc/arm-none-eabi/12.2.1/thumb/v7-m/nofp/crtbegin.o
 .text.register_tm_clones
                0x08000dd4       0x24 e:/_tool/arm-gnu-toolchain-12.2.mpacbti-rel1-mingw-w64-i686-arm-none-eabi/bin/../lib/gcc/arm-none-eabi/12.2.1/thumb/v7-m/nofp/crtbegin.o
 .text.__do_global_dtors_aux
                0x08000df8       0x28 e:/_tool/arm-gnu-toolchain-12.2.mpacbti-rel1-mingw-w64-i686-arm-none-eabi/bin/../lib/gcc/arm-none-eabi/12.2.1/thumb/v7-m/nofp/crtbegin.o
 .text.frame_dummy
                0x08000e20       0x24 e:/_tool/arm-gnu-toolchain-12.2.mpacbti-rel1-mingw-w64-i686-arm-none-eabi/bin/../lib/gcc/arm-none-eabi/12.2.1/thumb/v7-m/nofp/crtbegin.o
 .text.WM8960_Write_Reg
                0x08000e44       0x3c CMakeFiles/WM8960-TEST.elf.dir/Code/WM8960.c.obj
                0x08000e44                WM8960_Write_Reg
 .text.WM89060_Init
                0x08000e80      0x1a0 CMakeFiles/WM8960-TEST.elf.dir/Code/WM8960.c.obj
                0x08000e80                WM89060_Init
 .text.ScanWavefiles
                0x08001020      0x10c CMakeFiles/WM8960-TEST.elf.dir/Code/WM8960Apps.c.obj
                0x08001020                ScanWavefiles
 .text.Get_WAV_Message
                0x0800112c      0x15c CMakeFiles/WM8960-TEST.elf.dir/Code/WM8960Apps.c.obj
                0x0800112c                Get_WAV_Message
 .text.Fill_WAV_Buffer
                0x08001288      0x298 CMakeFiles/WM8960-TEST.elf.dir/Code/WM8960Apps.c.obj
                0x08001288                Fill_WAV_Buffer
 .text.IIS_FreqModify
                0x08001520       0x24 CMakeFiles/WM8960-TEST.elf.dir/Code/WM8960Apps.c.obj
                0x08001520                IIS_FreqModify
 .text.IIS_ModeModify
                0x08001544       0x58 CMakeFiles/WM8960-TEST.elf.dir/Code/WM8960Apps.c.obj
                0x08001544                IIS_ModeModify
 .text.PlayWaveFile
                0x0800159c      0x180 CMakeFiles/WM8960-TEST.elf.dir/Code/WM8960Apps.c.obj
                0x0800159c                PlayWaveFile
 .text.WAV_File_Init
                0x0800171c      0x118 CMakeFiles/WM8960-TEST.elf.dir/Code/WM8960Apps.c.obj
                0x0800171c                WAV_File_Init
 .text.RecordWaveFile
                0x08001834      0x200 CMakeFiles/WM8960-TEST.elf.dir/Code/WM8960Apps.c.obj
                0x08001834                RecordWaveFile
 .text.HAL_I2S_TxHalfCpltCallback
                0x08001a34        0xc CMakeFiles/WM8960-TEST.elf.dir/Code/WM8960Apps.c.obj
                0x08001a34                HAL_I2S_TxHalfCpltCallback
 .text.HAL_I2S_RxHalfCpltCallback
                0x08001a40        0xc CMakeFiles/WM8960-TEST.elf.dir/Code/WM8960Apps.c.obj
                0x08001a40                HAL_I2S_RxHalfCpltCallback
 .text.HAL_I2S_TxCpltCallback
                0x08001a4c       0x3c CMakeFiles/WM8960-TEST.elf.dir/Code/WM8960Apps.c.obj
                0x08001a4c                HAL_I2S_TxCpltCallback
 .text.HAL_I2S_RxCpltCallback
                0x08001a88       0x2c CMakeFiles/WM8960-TEST.elf.dir/Code/WM8960Apps.c.obj
                0x08001a88                HAL_I2S_RxCpltCallback
 .text.KeyHandlerCore
                0x08001ab4      0x118 CMakeFiles/WM8960-TEST.elf.dir/Code/bsp_key.c.obj
                0x08001ab4                KeyHandlerCore
 .text.MX_DMA_Init
                0x08001bcc       0x34 CMakeFiles/WM8960-TEST.elf.dir/Core/Src/dma.c.obj
                0x08001bcc                MX_DMA_Init
 .text.StartDefaultTask
                0x08001c00       0x2c CMakeFiles/WM8960-TEST.elf.dir/Core/Src/freertos.c.obj
                0x08001c00                StartDefaultTask
 .text.StartMainTask
                0x08001c2c       0x4c CMakeFiles/WM8960-TEST.elf.dir/Core/Src/freertos.c.obj
                0x08001c2c                StartMainTask
 .text.vApplicationGetIdleTaskMemory
                0x08001c78       0x18 CMakeFiles/WM8960-TEST.elf.dir/Core/Src/freertos.c.obj
                0x08001c78                vApplicationGetIdleTaskMemory
 .text.MX_FREERTOS_Init
                0x08001c90       0x60 CMakeFiles/WM8960-TEST.elf.dir/Core/Src/freertos.c.obj
                0x08001c90                MX_FREERTOS_Init
 .text.KeyProcessHandler
                0x08001cf0      0x200 CMakeFiles/WM8960-TEST.elf.dir/Core/Src/freertos.c.obj
                0x08001cf0                KeyProcessHandler
 .text.MX_GPIO_Init
                0x08001ef0       0xb0 CMakeFiles/WM8960-TEST.elf.dir/Core/Src/gpio.c.obj
                0x08001ef0                MX_GPIO_Init
 .text.MX_I2C1_Init
                0x08001fa0       0x3c CMakeFiles/WM8960-TEST.elf.dir/Core/Src/i2c.c.obj
                0x08001fa0                MX_I2C1_Init
 .text.HAL_I2C_MspInit
                0x08001fdc       0x64 CMakeFiles/WM8960-TEST.elf.dir/Core/Src/i2c.c.obj
                0x08001fdc                HAL_I2C_MspInit
 .text.MX_I2S2_Init
                0x08002040       0x34 CMakeFiles/WM8960-TEST.elf.dir/Core/Src/i2s.c.obj
                0x08002040                MX_I2S2_Init
 .text.HAL_I2S_MspInit
                0x08002074      0x100 CMakeFiles/WM8960-TEST.elf.dir/Core/Src/i2s.c.obj
                0x08002074                HAL_I2S_MspInit
 .text._write   0x08002174       0x18 CMakeFiles/WM8960-TEST.elf.dir/Core/Src/main.c.obj
                0x08002174                _write
 .text.HAL_TIM_PeriodElapsedCallback
                0x0800218c       0x18 CMakeFiles/WM8960-TEST.elf.dir/Core/Src/main.c.obj
                0x0800218c                HAL_TIM_PeriodElapsedCallback
 .text.Error_Handler
                0x080021a4        0x4 CMakeFiles/WM8960-TEST.elf.dir/Core/Src/main.c.obj
                0x080021a4                Error_Handler
 .text.SystemClock_Config
                0x080021a8       0x86 CMakeFiles/WM8960-TEST.elf.dir/Core/Src/main.c.obj
                0x080021a8                SystemClock_Config
 *fill*         0x0800222e        0x2 
 .text.main     0x08002230       0x68 CMakeFiles/WM8960-TEST.elf.dir/Core/Src/main.c.obj
                0x08002230                main
 .text.MX_SDIO_SD_Init
                0x08002298       0x24 CMakeFiles/WM8960-TEST.elf.dir/Core/Src/sdio.c.obj
                0x08002298                MX_SDIO_SD_Init
 .text.HAL_SD_MspInit
                0x080022bc       0x98 CMakeFiles/WM8960-TEST.elf.dir/Core/Src/sdio.c.obj
                0x080022bc                HAL_SD_MspInit
 .text.HAL_MspInit
                0x08002354       0x54 CMakeFiles/WM8960-TEST.elf.dir/Core/Src/stm32f1xx_hal_msp.c.obj
                0x08002354                HAL_MspInit
 .text.HAL_InitTick
                0x080023a8       0x94 CMakeFiles/WM8960-TEST.elf.dir/Core/Src/stm32f1xx_hal_timebase_tim.c.obj
                0x080023a8                HAL_InitTick
 .text.NMI_Handler
                0x0800243c        0x2 CMakeFiles/WM8960-TEST.elf.dir/Core/Src/stm32f1xx_it.c.obj
                0x0800243c                NMI_Handler
 .text.HardFault_Handler
                0x0800243e        0x2 CMakeFiles/WM8960-TEST.elf.dir/Core/Src/stm32f1xx_it.c.obj
                0x0800243e                HardFault_Handler
 .text.MemManage_Handler
                0x08002440        0x2 CMakeFiles/WM8960-TEST.elf.dir/Core/Src/stm32f1xx_it.c.obj
                0x08002440                MemManage_Handler
 .text.BusFault_Handler
                0x08002442        0x2 CMakeFiles/WM8960-TEST.elf.dir/Core/Src/stm32f1xx_it.c.obj
                0x08002442                BusFault_Handler
 .text.UsageFault_Handler
                0x08002444        0x2 CMakeFiles/WM8960-TEST.elf.dir/Core/Src/stm32f1xx_it.c.obj
                0x08002444                UsageFault_Handler
 .text.DebugMon_Handler
                0x08002446        0x2 CMakeFiles/WM8960-TEST.elf.dir/Core/Src/stm32f1xx_it.c.obj
                0x08002446                DebugMon_Handler
 .text.DMA1_Channel5_IRQHandler
                0x08002448       0x10 CMakeFiles/WM8960-TEST.elf.dir/Core/Src/stm32f1xx_it.c.obj
                0x08002448                DMA1_Channel5_IRQHandler
 .text.USB_LP_CAN1_RX0_IRQHandler
                0x08002458       0x10 CMakeFiles/WM8960-TEST.elf.dir/Core/Src/stm32f1xx_it.c.obj
                0x08002458                USB_LP_CAN1_RX0_IRQHandler
 .text.TIM1_UP_IRQHandler
                0x08002468       0x10 CMakeFiles/WM8960-TEST.elf.dir/Core/Src/stm32f1xx_it.c.obj
                0x08002468                TIM1_UP_IRQHandler
 .text.SDIO_IRQHandler
                0x08002478       0x10 CMakeFiles/WM8960-TEST.elf.dir/Core/Src/stm32f1xx_it.c.obj
                0x08002478                SDIO_IRQHandler
 .text.DMA1_Channel4_IRQHandler
                0x08002488       0x10 CMakeFiles/WM8960-TEST.elf.dir/Core/Src/stm32f1xx_it.c.obj
                0x08002488                DMA1_Channel4_IRQHandler
 .text._getpid  0x08002498        0x4 CMakeFiles/WM8960-TEST.elf.dir/Core/Src/syscalls.c.obj
                0x08002498                _getpid
 .text._kill    0x0800249c       0x10 CMakeFiles/WM8960-TEST.elf.dir/Core/Src/syscalls.c.obj
                0x0800249c                _kill
 .text._exit    0x080024ac        0xc CMakeFiles/WM8960-TEST.elf.dir/Core/Src/syscalls.c.obj
                0x080024ac                _exit
 .text._read    0x080024b8       0x20 CMakeFiles/WM8960-TEST.elf.dir/Core/Src/syscalls.c.obj
                0x080024b8                _read
 .text._close   0x080024d8        0x6 CMakeFiles/WM8960-TEST.elf.dir/Core/Src/syscalls.c.obj
                0x080024d8                _close
 .text._fstat   0x080024de        0xa CMakeFiles/WM8960-TEST.elf.dir/Core/Src/syscalls.c.obj
                0x080024de                _fstat
 .text._isatty  0x080024e8        0x4 CMakeFiles/WM8960-TEST.elf.dir/Core/Src/syscalls.c.obj
                0x080024e8                _isatty
 .text._lseek   0x080024ec        0x4 CMakeFiles/WM8960-TEST.elf.dir/Core/Src/syscalls.c.obj
                0x080024ec                _lseek
 .text._sbrk    0x080024f0       0x48 CMakeFiles/WM8960-TEST.elf.dir/Core/Src/sysmem.c.obj
                0x080024f0                _sbrk
 .text.SystemInit
                0x08002538        0x2 CMakeFiles/WM8960-TEST.elf.dir/Core/Src/system_stm32f1xx.c.obj
                0x08002538                SystemInit
 *fill*         0x0800253a        0x2 
 .text.MX_USART1_UART_Init
                0x0800253c       0x34 CMakeFiles/WM8960-TEST.elf.dir/Core/Src/usart.c.obj
                0x0800253c                MX_USART1_UART_Init
 .text.HAL_UART_MspInit
                0x08002570       0x78 CMakeFiles/WM8960-TEST.elf.dir/Core/Src/usart.c.obj
                0x08002570                HAL_UART_MspInit
 .text.Reset_Handler
                0x080025e8       0x48 CMakeFiles/WM8960-TEST.elf.dir/Core/Startup/startup_stm32f103vetx.s.obj
                0x080025e8                Reset_Handler
 .text.Default_Handler
                0x08002630        0x2 CMakeFiles/WM8960-TEST.elf.dir/Core/Startup/startup_stm32f103vetx.s.obj
                0x08002630                RTC_Alarm_IRQHandler
                0x08002630                EXTI2_IRQHandler
                0x08002630                TIM8_TRG_COM_IRQHandler
                0x08002630                TIM8_CC_IRQHandler
                0x08002630                TIM1_CC_IRQHandler
                0x08002630                TIM6_IRQHandler
                0x08002630                PVD_IRQHandler
                0x08002630                EXTI3_IRQHandler
                0x08002630                EXTI0_IRQHandler
                0x08002630                I2C2_EV_IRQHandler
                0x08002630                ADC1_2_IRQHandler
                0x08002630                SPI1_IRQHandler
                0x08002630                TAMPER_IRQHandler
                0x08002630                TIM8_UP_IRQHandler
                0x08002630                DMA2_Channel2_IRQHandler
                0x08002630                USART3_IRQHandler
                0x08002630                RTC_IRQHandler
                0x08002630                DMA1_Channel7_IRQHandler
                0x08002630                CAN1_RX1_IRQHandler
                0x08002630                UART5_IRQHandler
                0x08002630                ADC3_IRQHandler
                0x08002630                TIM4_IRQHandler
                0x08002630                DMA2_Channel1_IRQHandler
                0x08002630                I2C1_EV_IRQHandler
                0x08002630                DMA1_Channel6_IRQHandler
                0x08002630                UART4_IRQHandler
                0x08002630                TIM3_IRQHandler
                0x08002630                RCC_IRQHandler
                0x08002630                TIM1_TRG_COM_IRQHandler
                0x08002630                DMA1_Channel1_IRQHandler
                0x08002630                Default_Handler
                0x08002630                EXTI15_10_IRQHandler
                0x08002630                TIM7_IRQHandler
                0x08002630                TIM5_IRQHandler
                0x08002630                EXTI9_5_IRQHandler
                0x08002630                SPI2_IRQHandler
                0x08002630                EXTI4_IRQHandler
                0x08002630                USB_HP_CAN1_TX_IRQHandler
                0x08002630                DMA1_Channel3_IRQHandler
                0x08002630                FSMC_IRQHandler
                0x08002630                WWDG_IRQHandler
                0x08002630                TIM2_IRQHandler
                0x08002630                TIM1_BRK_IRQHandler
                0x08002630                EXTI1_IRQHandler
                0x08002630                DMA2_Channel4_5_IRQHandler
                0x08002630                USART2_IRQHandler
                0x08002630                I2C2_ER_IRQHandler
                0x08002630                DMA1_Channel2_IRQHandler
                0x08002630                TIM8_BRK_IRQHandler
                0x08002630                CAN1_SCE_IRQHandler
                0x08002630                FLASH_IRQHandler
                0x08002630                USART1_IRQHandler
                0x08002630                SPI3_IRQHandler
                0x08002630                I2C1_ER_IRQHandler
                0x08002630                USBWakeUp_IRQHandler
                0x08002630                DMA2_Channel3_IRQHandler
 *fill*         0x08002632        0x2 
 .text.HAL_Init
                0x08002634       0x24 CMakeFiles/WM8960-TEST.elf.dir/Drivers/STM32F1xx_HAL_Driver/Src/stm32f1xx_hal.c.obj
                0x08002634                HAL_Init
 .text.HAL_IncTick
                0x08002658       0x18 CMakeFiles/WM8960-TEST.elf.dir/Drivers/STM32F1xx_HAL_Driver/Src/stm32f1xx_hal.c.obj
                0x08002658                HAL_IncTick
 .text.HAL_GetTick
                0x08002670        0xc CMakeFiles/WM8960-TEST.elf.dir/Drivers/STM32F1xx_HAL_Driver/Src/stm32f1xx_hal.c.obj
                0x08002670                HAL_GetTick
 .text.HAL_Delay
                0x0800267c       0x28 CMakeFiles/WM8960-TEST.elf.dir/Drivers/STM32F1xx_HAL_Driver/Src/stm32f1xx_hal.c.obj
                0x0800267c                HAL_Delay
 .text.__NVIC_SetPriority
                0x080026a4       0x28 CMakeFiles/WM8960-TEST.elf.dir/Drivers/STM32F1xx_HAL_Driver/Src/stm32f1xx_hal_cortex.c.obj
 .text.NVIC_EncodePriority
                0x080026cc       0x3e CMakeFiles/WM8960-TEST.elf.dir/Drivers/STM32F1xx_HAL_Driver/Src/stm32f1xx_hal_cortex.c.obj
 *fill*         0x0800270a        0x2 
 .text.HAL_NVIC_SetPriorityGrouping
                0x0800270c       0x24 CMakeFiles/WM8960-TEST.elf.dir/Drivers/STM32F1xx_HAL_Driver/Src/stm32f1xx_hal_cortex.c.obj
                0x0800270c                HAL_NVIC_SetPriorityGrouping
 .text.HAL_NVIC_SetPriority
                0x08002730       0x20 CMakeFiles/WM8960-TEST.elf.dir/Drivers/STM32F1xx_HAL_Driver/Src/stm32f1xx_hal_cortex.c.obj
                0x08002730                HAL_NVIC_SetPriority
 .text.HAL_NVIC_EnableIRQ
                0x08002750       0x1c CMakeFiles/WM8960-TEST.elf.dir/Drivers/STM32F1xx_HAL_Driver/Src/stm32f1xx_hal_cortex.c.obj
                0x08002750                HAL_NVIC_EnableIRQ
 .text.DMA_SetConfig
                0x0800276c       0x2c CMakeFiles/WM8960-TEST.elf.dir/Drivers/STM32F1xx_HAL_Driver/Src/stm32f1xx_hal_dma.c.obj
 .text.HAL_DMA_Init
                0x08002798       0x98 CMakeFiles/WM8960-TEST.elf.dir/Drivers/STM32F1xx_HAL_Driver/Src/stm32f1xx_hal_dma.c.obj
                0x08002798                HAL_DMA_Init
 .text.HAL_DMA_Start_IT
                0x08002830       0x76 CMakeFiles/WM8960-TEST.elf.dir/Drivers/STM32F1xx_HAL_Driver/Src/stm32f1xx_hal_dma.c.obj
                0x08002830                HAL_DMA_Start_IT
 .text.HAL_DMA_Abort
                0x080028a6       0x46 CMakeFiles/WM8960-TEST.elf.dir/Drivers/STM32F1xx_HAL_Driver/Src/stm32f1xx_hal_dma.c.obj
                0x080028a6                HAL_DMA_Abort
 .text.HAL_DMA_Abort_IT
                0x080028ec      0x16c CMakeFiles/WM8960-TEST.elf.dir/Drivers/STM32F1xx_HAL_Driver/Src/stm32f1xx_hal_dma.c.obj
                0x080028ec                HAL_DMA_Abort_IT
 .text.HAL_DMA_IRQHandler
                0x08002a58      0x2ec CMakeFiles/WM8960-TEST.elf.dir/Drivers/STM32F1xx_HAL_Driver/Src/stm32f1xx_hal_dma.c.obj
                0x08002a58                HAL_DMA_IRQHandler
 .text.HAL_GPIO_Init
                0x08002d44      0x238 CMakeFiles/WM8960-TEST.elf.dir/Drivers/STM32F1xx_HAL_Driver/Src/stm32f1xx_hal_gpio.c.obj
                0x08002d44                HAL_GPIO_Init
 .text.HAL_GPIO_WritePin
                0x08002f7c        0xc CMakeFiles/WM8960-TEST.elf.dir/Drivers/STM32F1xx_HAL_Driver/Src/stm32f1xx_hal_gpio.c.obj
                0x08002f7c                HAL_GPIO_WritePin
 .text.I2C_IsAcknowledgeFailed
                0x08002f88       0x32 CMakeFiles/WM8960-TEST.elf.dir/Drivers/STM32F1xx_HAL_Driver/Src/stm32f1xx_hal_i2c.c.obj
 .text.I2C_WaitOnFlagUntilTimeout
                0x08002fba       0xaa CMakeFiles/WM8960-TEST.elf.dir/Drivers/STM32F1xx_HAL_Driver/Src/stm32f1xx_hal_i2c.c.obj
 .text.I2C_WaitOnMasterAddressFlagUntilTimeout
                0x08003064       0xd6 CMakeFiles/WM8960-TEST.elf.dir/Drivers/STM32F1xx_HAL_Driver/Src/stm32f1xx_hal_i2c.c.obj
 *fill*         0x0800313a        0x2 
 .text.I2C_MasterRequestWrite
                0x0800313c       0xb4 CMakeFiles/WM8960-TEST.elf.dir/Drivers/STM32F1xx_HAL_Driver/Src/stm32f1xx_hal_i2c.c.obj
 .text.I2C_WaitOnTXEFlagUntilTimeout
                0x080031f0       0x5e CMakeFiles/WM8960-TEST.elf.dir/Drivers/STM32F1xx_HAL_Driver/Src/stm32f1xx_hal_i2c.c.obj
 .text.I2C_WaitOnBTFFlagUntilTimeout
                0x0800324e       0x5e CMakeFiles/WM8960-TEST.elf.dir/Drivers/STM32F1xx_HAL_Driver/Src/stm32f1xx_hal_i2c.c.obj
 .text.HAL_I2C_Init
                0x080032ac      0x1bc CMakeFiles/WM8960-TEST.elf.dir/Drivers/STM32F1xx_HAL_Driver/Src/stm32f1xx_hal_i2c.c.obj
                0x080032ac                HAL_I2C_Init
 .text.HAL_I2C_Master_Transmit
                0x08003468      0x178 CMakeFiles/WM8960-TEST.elf.dir/Drivers/STM32F1xx_HAL_Driver/Src/stm32f1xx_hal_i2c.c.obj
                0x08003468                HAL_I2C_Master_Transmit
 .text.I2S_WaitFlagStateUntilTimeout
                0x080035e0       0x50 CMakeFiles/WM8960-TEST.elf.dir/Drivers/STM32F1xx_HAL_Driver/Src/stm32f1xx_hal_i2s.c.obj
 .text.HAL_I2S_Init
                0x08003630      0x12c CMakeFiles/WM8960-TEST.elf.dir/Drivers/STM32F1xx_HAL_Driver/Src/stm32f1xx_hal_i2s.c.obj
                0x08003630                HAL_I2S_Init
 .text.HAL_I2S_Transmit_DMA
                0x0800375c       0xdc CMakeFiles/WM8960-TEST.elf.dir/Drivers/STM32F1xx_HAL_Driver/Src/stm32f1xx_hal_i2s.c.obj
                0x0800375c                HAL_I2S_Transmit_DMA
 .text.HAL_I2S_Receive_DMA
                0x08003838       0xfc CMakeFiles/WM8960-TEST.elf.dir/Drivers/STM32F1xx_HAL_Driver/Src/stm32f1xx_hal_i2s.c.obj
                0x08003838                HAL_I2S_Receive_DMA
 .text.HAL_I2S_DMAPause
                0x08003934       0x4a CMakeFiles/WM8960-TEST.elf.dir/Drivers/STM32F1xx_HAL_Driver/Src/stm32f1xx_hal_i2s.c.obj
                0x08003934                HAL_I2S_DMAPause
 .text.HAL_I2S_DMAResume
                0x0800397e       0x5c CMakeFiles/WM8960-TEST.elf.dir/Drivers/STM32F1xx_HAL_Driver/Src/stm32f1xx_hal_i2s.c.obj
                0x0800397e                HAL_I2S_DMAResume
 .text.HAL_I2S_DMAStop
                0x080039da       0xf8 CMakeFiles/WM8960-TEST.elf.dir/Drivers/STM32F1xx_HAL_Driver/Src/stm32f1xx_hal_i2s.c.obj
                0x080039da                HAL_I2S_DMAStop
 .text.I2S_DMATxHalfCplt
                0x08003ad2        0xa CMakeFiles/WM8960-TEST.elf.dir/Drivers/STM32F1xx_HAL_Driver/Src/stm32f1xx_hal_i2s.c.obj
 .text.I2S_DMATxCplt
                0x08003adc       0x24 CMakeFiles/WM8960-TEST.elf.dir/Drivers/STM32F1xx_HAL_Driver/Src/stm32f1xx_hal_i2s.c.obj
 .text.I2S_DMARxHalfCplt
                0x08003b00        0xa CMakeFiles/WM8960-TEST.elf.dir/Drivers/STM32F1xx_HAL_Driver/Src/stm32f1xx_hal_i2s.c.obj
 .text.I2S_DMARxCplt
                0x08003b0a       0x24 CMakeFiles/WM8960-TEST.elf.dir/Drivers/STM32F1xx_HAL_Driver/Src/stm32f1xx_hal_i2s.c.obj
 .text.HAL_I2S_ErrorCallback
                0x08003b2e        0x2 CMakeFiles/WM8960-TEST.elf.dir/Drivers/STM32F1xx_HAL_Driver/Src/stm32f1xx_hal_i2s.c.obj
                0x08003b2e                HAL_I2S_ErrorCallback
 .text.I2S_DMAError
                0x08003b30       0x28 CMakeFiles/WM8960-TEST.elf.dir/Drivers/STM32F1xx_HAL_Driver/Src/stm32f1xx_hal_i2s.c.obj
 .text.HAL_PCD_EP_DB_Receive
                0x08003b58      0x11c CMakeFiles/WM8960-TEST.elf.dir/Drivers/STM32F1xx_HAL_Driver/Src/stm32f1xx_hal_pcd.c.obj
 .text.HAL_PCD_Init
                0x08003c74      0x110 CMakeFiles/WM8960-TEST.elf.dir/Drivers/STM32F1xx_HAL_Driver/Src/stm32f1xx_hal_pcd.c.obj
                0x08003c74                HAL_PCD_Init
 .text.HAL_PCD_Start
                0x08003d84       0x32 CMakeFiles/WM8960-TEST.elf.dir/Drivers/STM32F1xx_HAL_Driver/Src/stm32f1xx_hal_pcd.c.obj
                0x08003d84                HAL_PCD_Start
 .text.HAL_PCD_EP_DB_Transmit
                0x08003db6      0x424 CMakeFiles/WM8960-TEST.elf.dir/Drivers/STM32F1xx_HAL_Driver/Src/stm32f1xx_hal_pcd.c.obj
 .text.PCD_EP_ISR_Handler
                0x080041da      0x53e CMakeFiles/WM8960-TEST.elf.dir/Drivers/STM32F1xx_HAL_Driver/Src/stm32f1xx_hal_pcd.c.obj
 .text.HAL_PCD_SetAddress
                0x08004718       0x28 CMakeFiles/WM8960-TEST.elf.dir/Drivers/STM32F1xx_HAL_Driver/Src/stm32f1xx_hal_pcd.c.obj
                0x08004718                HAL_PCD_SetAddress
 .text.HAL_PCD_IRQHandler
                0x08004740      0x1b0 CMakeFiles/WM8960-TEST.elf.dir/Drivers/STM32F1xx_HAL_Driver/Src/stm32f1xx_hal_pcd.c.obj
                0x08004740                HAL_PCD_IRQHandler
 .text.HAL_PCD_EP_Open
                0x080048f0       0x7c CMakeFiles/WM8960-TEST.elf.dir/Drivers/STM32F1xx_HAL_Driver/Src/stm32f1xx_hal_pcd.c.obj
                0x080048f0                HAL_PCD_EP_Open
 .text.HAL_PCD_EP_Close
                0x0800496c       0x64 CMakeFiles/WM8960-TEST.elf.dir/Drivers/STM32F1xx_HAL_Driver/Src/stm32f1xx_hal_pcd.c.obj
                0x0800496c                HAL_PCD_EP_Close
 .text.HAL_PCD_EP_Receive
                0x080049d0       0x3a CMakeFiles/WM8960-TEST.elf.dir/Drivers/STM32F1xx_HAL_Driver/Src/stm32f1xx_hal_pcd.c.obj
                0x080049d0                HAL_PCD_EP_Receive
 .text.HAL_PCD_EP_GetRxCount
                0x08004a0a       0x12 CMakeFiles/WM8960-TEST.elf.dir/Drivers/STM32F1xx_HAL_Driver/Src/stm32f1xx_hal_pcd.c.obj
                0x08004a0a                HAL_PCD_EP_GetRxCount
 .text.HAL_PCD_EP_Transmit
                0x08004a1c       0x44 CMakeFiles/WM8960-TEST.elf.dir/Drivers/STM32F1xx_HAL_Driver/Src/stm32f1xx_hal_pcd.c.obj
                0x08004a1c                HAL_PCD_EP_Transmit
 .text.HAL_PCD_EP_SetStall
                0x08004a60       0x78 CMakeFiles/WM8960-TEST.elf.dir/Drivers/STM32F1xx_HAL_Driver/Src/stm32f1xx_hal_pcd.c.obj
                0x08004a60                HAL_PCD_EP_SetStall
 .text.HAL_PCD_EP_ClrStall
                0x08004ad8       0x76 CMakeFiles/WM8960-TEST.elf.dir/Drivers/STM32F1xx_HAL_Driver/Src/stm32f1xx_hal_pcd.c.obj
                0x08004ad8                HAL_PCD_EP_ClrStall
 .text.HAL_PCD_EP_Flush
                0x08004b4e       0x36 CMakeFiles/WM8960-TEST.elf.dir/Drivers/STM32F1xx_HAL_Driver/Src/stm32f1xx_hal_pcd.c.obj
                0x08004b4e                HAL_PCD_EP_Flush
 .text.HAL_PCDEx_PMAConfig
                0x08004b84       0x38 CMakeFiles/WM8960-TEST.elf.dir/Drivers/STM32F1xx_HAL_Driver/Src/stm32f1xx_hal_pcd_ex.c.obj
                0x08004b84                HAL_PCDEx_PMAConfig
 .text.RCC_Delay
                0x08004bbc       0x2c CMakeFiles/WM8960-TEST.elf.dir/Drivers/STM32F1xx_HAL_Driver/Src/stm32f1xx_hal_rcc.c.obj
 .text.HAL_RCC_OscConfig
                0x08004be8      0x410 CMakeFiles/WM8960-TEST.elf.dir/Drivers/STM32F1xx_HAL_Driver/Src/stm32f1xx_hal_rcc.c.obj
                0x08004be8                HAL_RCC_OscConfig
 .text.HAL_RCC_GetSysClockFreq
                0x08004ff8       0x54 CMakeFiles/WM8960-TEST.elf.dir/Drivers/STM32F1xx_HAL_Driver/Src/stm32f1xx_hal_rcc.c.obj
                0x08004ff8                HAL_RCC_GetSysClockFreq
 .text.HAL_RCC_ClockConfig
                0x0800504c      0x16c CMakeFiles/WM8960-TEST.elf.dir/Drivers/STM32F1xx_HAL_Driver/Src/stm32f1xx_hal_rcc.c.obj
                0x0800504c                HAL_RCC_ClockConfig
 .text.HAL_RCC_GetHCLKFreq
                0x080051b8        0xc CMakeFiles/WM8960-TEST.elf.dir/Drivers/STM32F1xx_HAL_Driver/Src/stm32f1xx_hal_rcc.c.obj
                0x080051b8                HAL_RCC_GetHCLKFreq
 .text.HAL_RCC_GetPCLK1Freq
                0x080051c4       0x20 CMakeFiles/WM8960-TEST.elf.dir/Drivers/STM32F1xx_HAL_Driver/Src/stm32f1xx_hal_rcc.c.obj
                0x080051c4                HAL_RCC_GetPCLK1Freq
 .text.HAL_RCC_GetPCLK2Freq
                0x080051e4       0x20 CMakeFiles/WM8960-TEST.elf.dir/Drivers/STM32F1xx_HAL_Driver/Src/stm32f1xx_hal_rcc.c.obj
                0x080051e4                HAL_RCC_GetPCLK2Freq
 .text.HAL_RCC_GetClockConfig
                0x08005204       0x3c CMakeFiles/WM8960-TEST.elf.dir/Drivers/STM32F1xx_HAL_Driver/Src/stm32f1xx_hal_rcc.c.obj
                0x08005204                HAL_RCC_GetClockConfig
 .text.HAL_RCCEx_PeriphCLKConfig
                0x08005240      0x118 CMakeFiles/WM8960-TEST.elf.dir/Drivers/STM32F1xx_HAL_Driver/Src/stm32f1xx_hal_rcc_ex.c.obj
                0x08005240                HAL_RCCEx_PeriphCLKConfig
 .text.HAL_RCCEx_GetPeriphCLKFreq
                0x08005358       0xf4 CMakeFiles/WM8960-TEST.elf.dir/Drivers/STM32F1xx_HAL_Driver/Src/stm32f1xx_hal_rcc_ex.c.obj
                0x08005358                HAL_RCCEx_GetPeriphCLKFreq
 .text.SD_PowerON
                0x0800544c       0xc0 CMakeFiles/WM8960-TEST.elf.dir/Drivers/STM32F1xx_HAL_Driver/Src/stm32f1xx_hal_sd.c.obj
 .text.SD_Read_IT
                0x0800550c       0x38 CMakeFiles/WM8960-TEST.elf.dir/Drivers/STM32F1xx_HAL_Driver/Src/stm32f1xx_hal_sd.c.obj
 .text.SD_Write_IT
                0x08005544       0x48 CMakeFiles/WM8960-TEST.elf.dir/Drivers/STM32F1xx_HAL_Driver/Src/stm32f1xx_hal_sd.c.obj
 .text.SD_FindSCR
                0x0800558c      0x100 CMakeFiles/WM8960-TEST.elf.dir/Drivers/STM32F1xx_HAL_Driver/Src/stm32f1xx_hal_sd.c.obj
 .text.SD_WideBus_Enable
                0x0800568c       0x4e CMakeFiles/WM8960-TEST.elf.dir/Drivers/STM32F1xx_HAL_Driver/Src/stm32f1xx_hal_sd.c.obj
 .text.SD_WideBus_Disable
                0x080056da       0x4e CMakeFiles/WM8960-TEST.elf.dir/Drivers/STM32F1xx_HAL_Driver/Src/stm32f1xx_hal_sd.c.obj
 .text.SD_SendStatus
                0x08005728       0x2c CMakeFiles/WM8960-TEST.elf.dir/Drivers/STM32F1xx_HAL_Driver/Src/stm32f1xx_hal_sd.c.obj
 .text.HAL_SD_ReadBlocks
                0x08005754      0x248 CMakeFiles/WM8960-TEST.elf.dir/Drivers/STM32F1xx_HAL_Driver/Src/stm32f1xx_hal_sd.c.obj
                0x08005754                HAL_SD_ReadBlocks
 .text.HAL_SD_WriteBlocks
                0x0800599c      0x204 CMakeFiles/WM8960-TEST.elf.dir/Drivers/STM32F1xx_HAL_Driver/Src/stm32f1xx_hal_sd.c.obj
                0x0800599c                HAL_SD_WriteBlocks
 .text.HAL_SD_GetState
                0x08005ba0        0x6 CMakeFiles/WM8960-TEST.elf.dir/Drivers/STM32F1xx_HAL_Driver/Src/stm32f1xx_hal_sd.c.obj
                0x08005ba0                HAL_SD_GetState
 .text.HAL_SD_ErrorCallback
                0x08005ba6        0x2 CMakeFiles/WM8960-TEST.elf.dir/Drivers/STM32F1xx_HAL_Driver/Src/stm32f1xx_hal_sd.c.obj
                0x08005ba6                HAL_SD_ErrorCallback
 .text.HAL_SD_GetCardCSD
                0x08005ba8      0x1b8 CMakeFiles/WM8960-TEST.elf.dir/Drivers/STM32F1xx_HAL_Driver/Src/stm32f1xx_hal_sd.c.obj
                0x08005ba8                HAL_SD_GetCardCSD
 .text.SD_InitCard
                0x08005d60      0x100 CMakeFiles/WM8960-TEST.elf.dir/Drivers/STM32F1xx_HAL_Driver/Src/stm32f1xx_hal_sd.c.obj
 .text.HAL_SD_InitCard
                0x08005e60       0xa8 CMakeFiles/WM8960-TEST.elf.dir/Drivers/STM32F1xx_HAL_Driver/Src/stm32f1xx_hal_sd.c.obj
                0x08005e60                HAL_SD_InitCard
 .text.HAL_SD_Init
                0x08005f08       0x36 CMakeFiles/WM8960-TEST.elf.dir/Drivers/STM32F1xx_HAL_Driver/Src/stm32f1xx_hal_sd.c.obj
                0x08005f08                HAL_SD_Init
 .text.HAL_SD_GetCardInfo
                0x08005f3e       0x24 CMakeFiles/WM8960-TEST.elf.dir/Drivers/STM32F1xx_HAL_Driver/Src/stm32f1xx_hal_sd.c.obj
                0x08005f3e                HAL_SD_GetCardInfo
 *fill*         0x08005f62        0x2 
 .text.HAL_SD_ConfigWideBusOperation
                0x08005f64       0xc0 CMakeFiles/WM8960-TEST.elf.dir/Drivers/STM32F1xx_HAL_Driver/Src/stm32f1xx_hal_sd.c.obj
                0x08005f64                HAL_SD_ConfigWideBusOperation
 .text.HAL_SD_GetCardState
                0x08006024       0x22 CMakeFiles/WM8960-TEST.elf.dir/Drivers/STM32F1xx_HAL_Driver/Src/stm32f1xx_hal_sd.c.obj
                0x08006024                HAL_SD_GetCardState
 .text.SD_DMATxAbort
                0x08006046       0x44 CMakeFiles/WM8960-TEST.elf.dir/Drivers/STM32F1xx_HAL_Driver/Src/stm32f1xx_hal_sd.c.obj
 .text.SD_DMARxAbort
                0x0800608a       0x44 CMakeFiles/WM8960-TEST.elf.dir/Drivers/STM32F1xx_HAL_Driver/Src/stm32f1xx_hal_sd.c.obj
 *fill*         0x080060ce        0x2 
 .text.HAL_SD_IRQHandler
                0x080060d0      0x1cc CMakeFiles/WM8960-TEST.elf.dir/Drivers/STM32F1xx_HAL_Driver/Src/stm32f1xx_hal_sd.c.obj
                0x080060d0                HAL_SD_IRQHandler
 .text.HAL_TIM_Base_MspInit
                0x0800629c        0x2 CMakeFiles/WM8960-TEST.elf.dir/Drivers/STM32F1xx_HAL_Driver/Src/stm32f1xx_hal_tim.c.obj
                0x0800629c                HAL_TIM_Base_MspInit
 *fill*         0x0800629e        0x2 
 .text.HAL_TIM_Base_Start_IT
                0x080062a0       0x78 CMakeFiles/WM8960-TEST.elf.dir/Drivers/STM32F1xx_HAL_Driver/Src/stm32f1xx_hal_tim.c.obj
                0x080062a0                HAL_TIM_Base_Start_IT
 .text.HAL_TIM_OC_DelayElapsedCallback
                0x08006318        0x2 CMakeFiles/WM8960-TEST.elf.dir/Drivers/STM32F1xx_HAL_Driver/Src/stm32f1xx_hal_tim.c.obj
                0x08006318                HAL_TIM_OC_DelayElapsedCallback
 .text.HAL_TIM_IC_CaptureCallback
                0x0800631a        0x2 CMakeFiles/WM8960-TEST.elf.dir/Drivers/STM32F1xx_HAL_Driver/Src/stm32f1xx_hal_tim.c.obj
                0x0800631a                HAL_TIM_IC_CaptureCallback
 .text.HAL_TIM_PWM_PulseFinishedCallback
                0x0800631c        0x2 CMakeFiles/WM8960-TEST.elf.dir/Drivers/STM32F1xx_HAL_Driver/Src/stm32f1xx_hal_tim.c.obj
                0x0800631c                HAL_TIM_PWM_PulseFinishedCallback
 .text.HAL_TIM_TriggerCallback
                0x0800631e        0x2 CMakeFiles/WM8960-TEST.elf.dir/Drivers/STM32F1xx_HAL_Driver/Src/stm32f1xx_hal_tim.c.obj
                0x0800631e                HAL_TIM_TriggerCallback
 .text.HAL_TIM_IRQHandler
                0x08006320      0x17a CMakeFiles/WM8960-TEST.elf.dir/Drivers/STM32F1xx_HAL_Driver/Src/stm32f1xx_hal_tim.c.obj
                0x08006320                HAL_TIM_IRQHandler
 *fill*         0x0800649a        0x2 
 .text.TIM_Base_SetConfig
                0x0800649c       0x98 CMakeFiles/WM8960-TEST.elf.dir/Drivers/STM32F1xx_HAL_Driver/Src/stm32f1xx_hal_tim.c.obj
                0x0800649c                TIM_Base_SetConfig
 .text.HAL_TIM_Base_Init
                0x08006534       0x58 CMakeFiles/WM8960-TEST.elf.dir/Drivers/STM32F1xx_HAL_Driver/Src/stm32f1xx_hal_tim.c.obj
                0x08006534                HAL_TIM_Base_Init
 .text.HAL_TIMEx_CommutCallback
                0x0800658c        0x2 CMakeFiles/WM8960-TEST.elf.dir/Drivers/STM32F1xx_HAL_Driver/Src/stm32f1xx_hal_tim_ex.c.obj
                0x0800658c                HAL_TIMEx_CommutCallback
 .text.HAL_TIMEx_BreakCallback
                0x0800658e        0x2 CMakeFiles/WM8960-TEST.elf.dir/Drivers/STM32F1xx_HAL_Driver/Src/stm32f1xx_hal_tim_ex.c.obj
                0x0800658e                HAL_TIMEx_BreakCallback
 .text.UART_SetConfig
                0x08006590       0x94 CMakeFiles/WM8960-TEST.elf.dir/Drivers/STM32F1xx_HAL_Driver/Src/stm32f1xx_hal_uart.c.obj
 .text.UART_WaitOnFlagUntilTimeout
                0x08006624       0x84 CMakeFiles/WM8960-TEST.elf.dir/Drivers/STM32F1xx_HAL_Driver/Src/stm32f1xx_hal_uart.c.obj
 .text.HAL_UART_Init
                0x080066a8       0x60 CMakeFiles/WM8960-TEST.elf.dir/Drivers/STM32F1xx_HAL_Driver/Src/stm32f1xx_hal_uart.c.obj
                0x080066a8                HAL_UART_Init
 .text.HAL_UART_Transmit
                0x08006708       0xbe CMakeFiles/WM8960-TEST.elf.dir/Drivers/STM32F1xx_HAL_Driver/Src/stm32f1xx_hal_uart.c.obj
                0x08006708                HAL_UART_Transmit
 *fill*         0x080067c6        0x2 
 .text.SDMMC_GetCmdError
                0x080067c8       0x38 CMakeFiles/WM8960-TEST.elf.dir/Drivers/STM32F1xx_HAL_Driver/Src/stm32f1xx_ll_sdmmc.c.obj
 .text.SDIO_Init
                0x08006800       0x32 CMakeFiles/WM8960-TEST.elf.dir/Drivers/STM32F1xx_HAL_Driver/Src/stm32f1xx_ll_sdmmc.c.obj
                0x08006800                SDIO_Init
 .text.SDIO_ReadFIFO
                0x08006832        0x6 CMakeFiles/WM8960-TEST.elf.dir/Drivers/STM32F1xx_HAL_Driver/Src/stm32f1xx_ll_sdmmc.c.obj
                0x08006832                SDIO_ReadFIFO
 .text.SDIO_WriteFIFO
                0x08006838        0xa CMakeFiles/WM8960-TEST.elf.dir/Drivers/STM32F1xx_HAL_Driver/Src/stm32f1xx_ll_sdmmc.c.obj
                0x08006838                SDIO_WriteFIFO
 .text.SDIO_PowerState_ON
                0x08006842        0x8 CMakeFiles/WM8960-TEST.elf.dir/Drivers/STM32F1xx_HAL_Driver/Src/stm32f1xx_ll_sdmmc.c.obj
                0x08006842                SDIO_PowerState_ON
 .text.SDIO_GetPowerState
                0x0800684a        0x8 CMakeFiles/WM8960-TEST.elf.dir/Drivers/STM32F1xx_HAL_Driver/Src/stm32f1xx_ll_sdmmc.c.obj
                0x0800684a                SDIO_GetPowerState
 .text.SDIO_SendCommand
                0x08006852       0x24 CMakeFiles/WM8960-TEST.elf.dir/Drivers/STM32F1xx_HAL_Driver/Src/stm32f1xx_ll_sdmmc.c.obj
                0x08006852                SDIO_SendCommand
 .text.SDIO_GetCommandResponse
                0x08006876        0x6 CMakeFiles/WM8960-TEST.elf.dir/Drivers/STM32F1xx_HAL_Driver/Src/stm32f1xx_ll_sdmmc.c.obj
                0x08006876                SDIO_GetCommandResponse
 .text.SDIO_GetResponse
                0x0800687c        0x6 CMakeFiles/WM8960-TEST.elf.dir/Drivers/STM32F1xx_HAL_Driver/Src/stm32f1xx_ll_sdmmc.c.obj
                0x0800687c                SDIO_GetResponse
 .text.SDIO_ConfigData
                0x08006882       0x24 CMakeFiles/WM8960-TEST.elf.dir/Drivers/STM32F1xx_HAL_Driver/Src/stm32f1xx_ll_sdmmc.c.obj
                0x08006882                SDIO_ConfigData
 .text.SDMMC_CmdGoIdleState
                0x080068a6       0x26 CMakeFiles/WM8960-TEST.elf.dir/Drivers/STM32F1xx_HAL_Driver/Src/stm32f1xx_ll_sdmmc.c.obj
                0x080068a6                SDMMC_CmdGoIdleState
 .text.SDMMC_GetCmdResp1
                0x080068cc      0x154 CMakeFiles/WM8960-TEST.elf.dir/Drivers/STM32F1xx_HAL_Driver/Src/stm32f1xx_ll_sdmmc.c.obj
                0x080068cc                SDMMC_GetCmdResp1
 .text.SDMMC_CmdBlockLength
                0x08006a20       0x30 CMakeFiles/WM8960-TEST.elf.dir/Drivers/STM32F1xx_HAL_Driver/Src/stm32f1xx_ll_sdmmc.c.obj
                0x08006a20                SDMMC_CmdBlockLength
 .text.SDMMC_CmdReadSingleBlock
                0x08006a50       0x30 CMakeFiles/WM8960-TEST.elf.dir/Drivers/STM32F1xx_HAL_Driver/Src/stm32f1xx_ll_sdmmc.c.obj
                0x08006a50                SDMMC_CmdReadSingleBlock
 .text.SDMMC_CmdReadMultiBlock
                0x08006a80       0x30 CMakeFiles/WM8960-TEST.elf.dir/Drivers/STM32F1xx_HAL_Driver/Src/stm32f1xx_ll_sdmmc.c.obj
                0x08006a80                SDMMC_CmdReadMultiBlock
 .text.SDMMC_CmdWriteSingleBlock
                0x08006ab0       0x30 CMakeFiles/WM8960-TEST.elf.dir/Drivers/STM32F1xx_HAL_Driver/Src/stm32f1xx_ll_sdmmc.c.obj
                0x08006ab0                SDMMC_CmdWriteSingleBlock
 .text.SDMMC_CmdWriteMultiBlock
                0x08006ae0       0x30 CMakeFiles/WM8960-TEST.elf.dir/Drivers/STM32F1xx_HAL_Driver/Src/stm32f1xx_ll_sdmmc.c.obj
                0x08006ae0                SDMMC_CmdWriteMultiBlock
 .text.SDMMC_CmdStopTransfer
                0x08006b10       0x34 CMakeFiles/WM8960-TEST.elf.dir/Drivers/STM32F1xx_HAL_Driver/Src/stm32f1xx_ll_sdmmc.c.obj
                0x08006b10                SDMMC_CmdStopTransfer
 .text.SDMMC_CmdSelDesel
                0x08006b44       0x30 CMakeFiles/WM8960-TEST.elf.dir/Drivers/STM32F1xx_HAL_Driver/Src/stm32f1xx_ll_sdmmc.c.obj
                0x08006b44                SDMMC_CmdSelDesel
 .text.SDMMC_CmdAppCommand
                0x08006b74       0x30 CMakeFiles/WM8960-TEST.elf.dir/Drivers/STM32F1xx_HAL_Driver/Src/stm32f1xx_ll_sdmmc.c.obj
                0x08006b74                SDMMC_CmdAppCommand
 .text.SDMMC_CmdBusWidth
                0x08006ba4       0x30 CMakeFiles/WM8960-TEST.elf.dir/Drivers/STM32F1xx_HAL_Driver/Src/stm32f1xx_ll_sdmmc.c.obj
                0x08006ba4                SDMMC_CmdBusWidth
 .text.SDMMC_CmdSendSCR
                0x08006bd4       0x30 CMakeFiles/WM8960-TEST.elf.dir/Drivers/STM32F1xx_HAL_Driver/Src/stm32f1xx_ll_sdmmc.c.obj
                0x08006bd4                SDMMC_CmdSendSCR
 .text.SDMMC_CmdSendStatus
                0x08006c04       0x30 CMakeFiles/WM8960-TEST.elf.dir/Drivers/STM32F1xx_HAL_Driver/Src/stm32f1xx_ll_sdmmc.c.obj
                0x08006c04                SDMMC_CmdSendStatus
 .text.SDMMC_GetCmdResp2
                0x08006c34       0x5c CMakeFiles/WM8960-TEST.elf.dir/Drivers/STM32F1xx_HAL_Driver/Src/stm32f1xx_ll_sdmmc.c.obj
                0x08006c34                SDMMC_GetCmdResp2
 .text.SDMMC_CmdSendCID
                0x08006c90       0x2a CMakeFiles/WM8960-TEST.elf.dir/Drivers/STM32F1xx_HAL_Driver/Src/stm32f1xx_ll_sdmmc.c.obj
                0x08006c90                SDMMC_CmdSendCID
 .text.SDMMC_CmdSendCSD
                0x08006cba       0x2a CMakeFiles/WM8960-TEST.elf.dir/Drivers/STM32F1xx_HAL_Driver/Src/stm32f1xx_ll_sdmmc.c.obj
                0x08006cba                SDMMC_CmdSendCSD
 .text.SDMMC_GetCmdResp3
                0x08006ce4       0x4c CMakeFiles/WM8960-TEST.elf.dir/Drivers/STM32F1xx_HAL_Driver/Src/stm32f1xx_ll_sdmmc.c.obj
                0x08006ce4                SDMMC_GetCmdResp3
 .text.SDMMC_CmdAppOperCommand
                0x08006d30       0x32 CMakeFiles/WM8960-TEST.elf.dir/Drivers/STM32F1xx_HAL_Driver/Src/stm32f1xx_ll_sdmmc.c.obj
                0x08006d30                SDMMC_CmdAppOperCommand
 *fill*         0x08006d62        0x2 
 .text.SDMMC_GetCmdResp6
                0x08006d64       0xa0 CMakeFiles/WM8960-TEST.elf.dir/Drivers/STM32F1xx_HAL_Driver/Src/stm32f1xx_ll_sdmmc.c.obj
                0x08006d64                SDMMC_GetCmdResp6
 .text.SDMMC_CmdSetRelAdd
                0x08006e04       0x30 CMakeFiles/WM8960-TEST.elf.dir/Drivers/STM32F1xx_HAL_Driver/Src/stm32f1xx_ll_sdmmc.c.obj
                0x08006e04                SDMMC_CmdSetRelAdd
 .text.SDMMC_GetCmdResp7
                0x08006e34       0x64 CMakeFiles/WM8960-TEST.elf.dir/Drivers/STM32F1xx_HAL_Driver/Src/stm32f1xx_ll_sdmmc.c.obj
                0x08006e34                SDMMC_GetCmdResp7
 .text.SDMMC_CmdOperCond
                0x08006e98       0x2e CMakeFiles/WM8960-TEST.elf.dir/Drivers/STM32F1xx_HAL_Driver/Src/stm32f1xx_ll_sdmmc.c.obj
                0x08006e98                SDMMC_CmdOperCond
 .text.USB_CoreInit
                0x08006ec6        0xe CMakeFiles/WM8960-TEST.elf.dir/Drivers/STM32F1xx_HAL_Driver/Src/stm32f1xx_ll_usb.c.obj
                0x08006ec6                USB_CoreInit
 .text.USB_EnableGlobalInt
                0x08006ed4       0x12 CMakeFiles/WM8960-TEST.elf.dir/Drivers/STM32F1xx_HAL_Driver/Src/stm32f1xx_ll_usb.c.obj
                0x08006ed4                USB_EnableGlobalInt
 .text.USB_DisableGlobalInt
                0x08006ee6       0x14 CMakeFiles/WM8960-TEST.elf.dir/Drivers/STM32F1xx_HAL_Driver/Src/stm32f1xx_ll_usb.c.obj
                0x08006ee6                USB_DisableGlobalInt
 .text.USB_SetCurrentMode
                0x08006efa        0x4 CMakeFiles/WM8960-TEST.elf.dir/Drivers/STM32F1xx_HAL_Driver/Src/stm32f1xx_ll_usb.c.obj
                0x08006efa                USB_SetCurrentMode
 .text.USB_DevInit
                0x08006efe       0x22 CMakeFiles/WM8960-TEST.elf.dir/Drivers/STM32F1xx_HAL_Driver/Src/stm32f1xx_ll_usb.c.obj
                0x08006efe                USB_DevInit
 .text.USB_FlushTxFifo
                0x08006f20        0x4 CMakeFiles/WM8960-TEST.elf.dir/Drivers/STM32F1xx_HAL_Driver/Src/stm32f1xx_ll_usb.c.obj
                0x08006f20                USB_FlushTxFifo
 .text.USB_FlushRxFifo
                0x08006f24        0x4 CMakeFiles/WM8960-TEST.elf.dir/Drivers/STM32F1xx_HAL_Driver/Src/stm32f1xx_ll_usb.c.obj
                0x08006f24                USB_FlushRxFifo
 .text.USB_ActivateEndpoint
                0x08006f28      0x3ca CMakeFiles/WM8960-TEST.elf.dir/Drivers/STM32F1xx_HAL_Driver/Src/stm32f1xx_ll_usb.c.obj
                0x08006f28                USB_ActivateEndpoint
 .text.USB_DeactivateEndpoint
                0x080072f2      0x1d6 CMakeFiles/WM8960-TEST.elf.dir/Drivers/STM32F1xx_HAL_Driver/Src/stm32f1xx_ll_usb.c.obj
                0x080072f2                USB_DeactivateEndpoint
 .text.USB_EPSetStall
                0x080074c8       0x4a CMakeFiles/WM8960-TEST.elf.dir/Drivers/STM32F1xx_HAL_Driver/Src/stm32f1xx_ll_usb.c.obj
                0x080074c8                USB_EPSetStall
 .text.USB_EPClearStall
                0x08007512       0xa2 CMakeFiles/WM8960-TEST.elf.dir/Drivers/STM32F1xx_HAL_Driver/Src/stm32f1xx_ll_usb.c.obj
                0x08007512                USB_EPClearStall
 .text.USB_SetDevAddress
                0x080075b4        0xc CMakeFiles/WM8960-TEST.elf.dir/Drivers/STM32F1xx_HAL_Driver/Src/stm32f1xx_ll_usb.c.obj
                0x080075b4                USB_SetDevAddress
 .text.USB_DevConnect
                0x080075c0        0x4 CMakeFiles/WM8960-TEST.elf.dir/Drivers/STM32F1xx_HAL_Driver/Src/stm32f1xx_ll_usb.c.obj
                0x080075c0                USB_DevConnect
 .text.USB_DevDisconnect
                0x080075c4        0x4 CMakeFiles/WM8960-TEST.elf.dir/Drivers/STM32F1xx_HAL_Driver/Src/stm32f1xx_ll_usb.c.obj
                0x080075c4                USB_DevDisconnect
 .text.USB_ReadInterrupts
                0x080075c8        0x8 CMakeFiles/WM8960-TEST.elf.dir/Drivers/STM32F1xx_HAL_Driver/Src/stm32f1xx_ll_usb.c.obj
                0x080075c8                USB_ReadInterrupts
 .text.USB_EP0_OutStart
                0x080075d0        0x4 CMakeFiles/WM8960-TEST.elf.dir/Drivers/STM32F1xx_HAL_Driver/Src/stm32f1xx_ll_usb.c.obj
                0x080075d0                USB_EP0_OutStart
 .text.USB_WritePMA
                0x080075d4       0x26 CMakeFiles/WM8960-TEST.elf.dir/Drivers/STM32F1xx_HAL_Driver/Src/stm32f1xx_ll_usb.c.obj
                0x080075d4                USB_WritePMA
 .text.USB_EPStartXfer
                0x080075fa      0x7ce CMakeFiles/WM8960-TEST.elf.dir/Drivers/STM32F1xx_HAL_Driver/Src/stm32f1xx_ll_usb.c.obj
                0x080075fa                USB_EPStartXfer
 .text.USB_ReadPMA
                0x08007dc8       0x30 CMakeFiles/WM8960-TEST.elf.dir/Drivers/STM32F1xx_HAL_Driver/Src/stm32f1xx_ll_usb.c.obj
                0x08007dc8                USB_ReadPMA
 .text.MX_FATFS_Init
                0x08007df8       0x1c CMakeFiles/WM8960-TEST.elf.dir/FATFS/App/fatfs.c.obj
                0x08007df8                MX_FATFS_Init
 .text.get_fattime
                0x08007e14        0x4 CMakeFiles/WM8960-TEST.elf.dir/FATFS/App/fatfs.c.obj
                0x08007e14                get_fattime
 .text.BSP_SD_ReadBlocks
                0x08007e18       0x20 CMakeFiles/WM8960-TEST.elf.dir/FATFS/Target/bsp_driver_sd.c.obj
                0x08007e18                BSP_SD_ReadBlocks
 .text.BSP_SD_WriteBlocks
                0x08007e38       0x20 CMakeFiles/WM8960-TEST.elf.dir/FATFS/Target/bsp_driver_sd.c.obj
                0x08007e38                BSP_SD_WriteBlocks
 .text.BSP_SD_GetCardState
                0x08007e58       0x14 CMakeFiles/WM8960-TEST.elf.dir/FATFS/Target/bsp_driver_sd.c.obj
                0x08007e58                BSP_SD_GetCardState
 .text.BSP_SD_GetCardInfo
                0x08007e6c       0x10 CMakeFiles/WM8960-TEST.elf.dir/FATFS/Target/bsp_driver_sd.c.obj
                0x08007e6c                BSP_SD_GetCardInfo
 .text.BSP_SD_AbortCallback
                0x08007e7c        0x2 CMakeFiles/WM8960-TEST.elf.dir/FATFS/Target/bsp_driver_sd.c.obj
                0x08007e7c                BSP_SD_AbortCallback
 .text.HAL_SD_AbortCallback
                0x08007e7e        0x8 CMakeFiles/WM8960-TEST.elf.dir/FATFS/Target/bsp_driver_sd.c.obj
                0x08007e7e                HAL_SD_AbortCallback
 .text.BSP_SD_WriteCpltCallback
                0x08007e86        0x2 CMakeFiles/WM8960-TEST.elf.dir/FATFS/Target/bsp_driver_sd.c.obj
                0x08007e86                BSP_SD_WriteCpltCallback
 .text.HAL_SD_TxCpltCallback
                0x08007e88        0x8 CMakeFiles/WM8960-TEST.elf.dir/FATFS/Target/bsp_driver_sd.c.obj
                0x08007e88                HAL_SD_TxCpltCallback
 .text.BSP_SD_ReadCpltCallback
                0x08007e90        0x2 CMakeFiles/WM8960-TEST.elf.dir/FATFS/Target/bsp_driver_sd.c.obj
                0x08007e90                BSP_SD_ReadCpltCallback
 .text.HAL_SD_RxCpltCallback
                0x08007e92        0x8 CMakeFiles/WM8960-TEST.elf.dir/FATFS/Target/bsp_driver_sd.c.obj
                0x08007e92                HAL_SD_RxCpltCallback
 .text.BSP_SD_IsDetected
                0x08007e9a       0x10 CMakeFiles/WM8960-TEST.elf.dir/FATFS/Target/bsp_driver_sd.c.obj
                0x08007e9a                BSP_SD_IsDetected
 *fill*         0x08007eaa        0x2 
 .text.BSP_SD_Init
                0x08007eac       0x34 CMakeFiles/WM8960-TEST.elf.dir/FATFS/Target/bsp_driver_sd.c.obj
                0x08007eac                BSP_SD_Init
 .text.USBD_MSC_GetHSCfgDesc
                0x08007ee0        0xc CMakeFiles/WM8960-TEST.elf.dir/Middlewares/ST/STM32_USB_Device_Library/Class/MSC/Src/usbd_msc.c.obj
                0x08007ee0                USBD_MSC_GetHSCfgDesc
 .text.USBD_MSC_GetFSCfgDesc
                0x08007eec        0xc CMakeFiles/WM8960-TEST.elf.dir/Middlewares/ST/STM32_USB_Device_Library/Class/MSC/Src/usbd_msc.c.obj
                0x08007eec                USBD_MSC_GetFSCfgDesc
 .text.USBD_MSC_GetOtherSpeedCfgDesc
                0x08007ef8        0xc CMakeFiles/WM8960-TEST.elf.dir/Middlewares/ST/STM32_USB_Device_Library/Class/MSC/Src/usbd_msc.c.obj
                0x08007ef8                USBD_MSC_GetOtherSpeedCfgDesc
 .text.USBD_MSC_GetDeviceQualifierDescriptor
                0x08007f04        0xc CMakeFiles/WM8960-TEST.elf.dir/Middlewares/ST/STM32_USB_Device_Library/Class/MSC/Src/usbd_msc.c.obj
                0x08007f04                USBD_MSC_GetDeviceQualifierDescriptor
 .text.USBD_MSC_Init
                0x08007f10       0x66 CMakeFiles/WM8960-TEST.elf.dir/Middlewares/ST/STM32_USB_Device_Library/Class/MSC/Src/usbd_msc.c.obj
                0x08007f10                USBD_MSC_Init
 .text.USBD_MSC_DeInit
                0x08007f76       0x32 CMakeFiles/WM8960-TEST.elf.dir/Middlewares/ST/STM32_USB_Device_Library/Class/MSC/Src/usbd_msc.c.obj
                0x08007f76                USBD_MSC_DeInit
 .text.USBD_MSC_Setup
                0x08007fa8      0x198 CMakeFiles/WM8960-TEST.elf.dir/Middlewares/ST/STM32_USB_Device_Library/Class/MSC/Src/usbd_msc.c.obj
                0x08007fa8                USBD_MSC_Setup
 .text.USBD_MSC_DataIn
                0x08008140        0xa CMakeFiles/WM8960-TEST.elf.dir/Middlewares/ST/STM32_USB_Device_Library/Class/MSC/Src/usbd_msc.c.obj
                0x08008140                USBD_MSC_DataIn
 .text.USBD_MSC_DataOut
                0x0800814a        0xa CMakeFiles/WM8960-TEST.elf.dir/Middlewares/ST/STM32_USB_Device_Library/Class/MSC/Src/usbd_msc.c.obj
                0x0800814a                USBD_MSC_DataOut
 .text.USBD_MSC_RegisterStorage
                0x08008154        0xa CMakeFiles/WM8960-TEST.elf.dir/Middlewares/ST/STM32_USB_Device_Library/Class/MSC/Src/usbd_msc.c.obj
                0x08008154                USBD_MSC_RegisterStorage
 .text.MSC_BOT_SendData
                0x0800815e       0x34 CMakeFiles/WM8960-TEST.elf.dir/Middlewares/ST/STM32_USB_Device_Library/Class/MSC/Src/usbd_msc_bot.c.obj
 .text.MSC_BOT_Abort
                0x08008192       0x40 CMakeFiles/WM8960-TEST.elf.dir/Middlewares/ST/STM32_USB_Device_Library/Class/MSC/Src/usbd_msc_bot.c.obj
 .text.MSC_BOT_Init
                0x080081d2       0x3e CMakeFiles/WM8960-TEST.elf.dir/Middlewares/ST/STM32_USB_Device_Library/Class/MSC/Src/usbd_msc_bot.c.obj
                0x080081d2                MSC_BOT_Init
 .text.MSC_BOT_Reset
                0x08008210       0x1a CMakeFiles/WM8960-TEST.elf.dir/Middlewares/ST/STM32_USB_Device_Library/Class/MSC/Src/usbd_msc_bot.c.obj
                0x08008210                MSC_BOT_Reset
 .text.MSC_BOT_DeInit
                0x0800822a        0xa CMakeFiles/WM8960-TEST.elf.dir/Middlewares/ST/STM32_USB_Device_Library/Class/MSC/Src/usbd_msc_bot.c.obj
                0x0800822a                MSC_BOT_DeInit
 .text.MSC_BOT_SendCSW
                0x08008234       0x38 CMakeFiles/WM8960-TEST.elf.dir/Middlewares/ST/STM32_USB_Device_Library/Class/MSC/Src/usbd_msc_bot.c.obj
                0x08008234                MSC_BOT_SendCSW
 .text.MSC_BOT_DataIn
                0x0800826c       0x3a CMakeFiles/WM8960-TEST.elf.dir/Middlewares/ST/STM32_USB_Device_Library/Class/MSC/Src/usbd_msc_bot.c.obj
                0x0800826c                MSC_BOT_DataIn
 *fill*         0x080082a6        0x2 
 .text.MSC_BOT_CBW_Decode
                0x080082a8       0xa8 CMakeFiles/WM8960-TEST.elf.dir/Middlewares/ST/STM32_USB_Device_Library/Class/MSC/Src/usbd_msc_bot.c.obj
 .text.MSC_BOT_DataOut
                0x08008350       0x32 CMakeFiles/WM8960-TEST.elf.dir/Middlewares/ST/STM32_USB_Device_Library/Class/MSC/Src/usbd_msc_bot.c.obj
                0x08008350                MSC_BOT_DataOut
 .text.MSC_BOT_CplClrFeature
                0x08008382       0x2a CMakeFiles/WM8960-TEST.elf.dir/Middlewares/ST/STM32_USB_Device_Library/Class/MSC/Src/usbd_msc_bot.c.obj
                0x08008382                MSC_BOT_CplClrFeature
 .text.SCSI_Inquiry
                0x080083ac       0x5c CMakeFiles/WM8960-TEST.elf.dir/Middlewares/ST/STM32_USB_Device_Library/Class/MSC/Src/usbd_msc_scsi.c.obj
 .text.SCSI_ModeSense6
                0x08008408       0x24 CMakeFiles/WM8960-TEST.elf.dir/Middlewares/ST/STM32_USB_Device_Library/Class/MSC/Src/usbd_msc_scsi.c.obj
 .text.SCSI_ModeSense10
                0x0800842c       0x24 CMakeFiles/WM8960-TEST.elf.dir/Middlewares/ST/STM32_USB_Device_Library/Class/MSC/Src/usbd_msc_scsi.c.obj
 .text.SCSI_RequestSense
                0x08008450       0x66 CMakeFiles/WM8960-TEST.elf.dir/Middlewares/ST/STM32_USB_Device_Library/Class/MSC/Src/usbd_msc_scsi.c.obj
 .text.SCSI_StartStopUnit
                0x080084b6        0xa CMakeFiles/WM8960-TEST.elf.dir/Middlewares/ST/STM32_USB_Device_Library/Class/MSC/Src/usbd_msc_scsi.c.obj
 .text.SCSI_SenseCode
                0x080084c0       0x2a CMakeFiles/WM8960-TEST.elf.dir/Middlewares/ST/STM32_USB_Device_Library/Class/MSC/Src/usbd_msc_scsi.c.obj
                0x080084c0                SCSI_SenseCode
 .text.SCSI_TestUnitReady
                0x080084ea       0x4a CMakeFiles/WM8960-TEST.elf.dir/Middlewares/ST/STM32_USB_Device_Library/Class/MSC/Src/usbd_msc_scsi.c.obj
 .text.SCSI_ReadFormatCapacity
                0x08008534       0x7c CMakeFiles/WM8960-TEST.elf.dir/Middlewares/ST/STM32_USB_Device_Library/Class/MSC/Src/usbd_msc_scsi.c.obj
 .text.SCSI_ReadCapacity10
                0x080085b0       0x60 CMakeFiles/WM8960-TEST.elf.dir/Middlewares/ST/STM32_USB_Device_Library/Class/MSC/Src/usbd_msc_scsi.c.obj
 .text.SCSI_CheckAddressRange
                0x08008610       0x22 CMakeFiles/WM8960-TEST.elf.dir/Middlewares/ST/STM32_USB_Device_Library/Class/MSC/Src/usbd_msc_scsi.c.obj
 .text.SCSI_ProcessRead
                0x08008632       0x96 CMakeFiles/WM8960-TEST.elf.dir/Middlewares/ST/STM32_USB_Device_Library/Class/MSC/Src/usbd_msc_scsi.c.obj
 .text.SCSI_Read10
                0x080086c8       0xba CMakeFiles/WM8960-TEST.elf.dir/Middlewares/ST/STM32_USB_Device_Library/Class/MSC/Src/usbd_msc_scsi.c.obj
 .text.SCSI_ProcessWrite
                0x08008782       0xa8 CMakeFiles/WM8960-TEST.elf.dir/Middlewares/ST/STM32_USB_Device_Library/Class/MSC/Src/usbd_msc_scsi.c.obj
 .text.SCSI_Write10
                0x0800882a       0xf6 CMakeFiles/WM8960-TEST.elf.dir/Middlewares/ST/STM32_USB_Device_Library/Class/MSC/Src/usbd_msc_scsi.c.obj
 .text.SCSI_Verify10
                0x08008920       0x38 CMakeFiles/WM8960-TEST.elf.dir/Middlewares/ST/STM32_USB_Device_Library/Class/MSC/Src/usbd_msc_scsi.c.obj
 .text.SCSI_ProcessCmd
                0x08008958       0xd6 CMakeFiles/WM8960-TEST.elf.dir/Middlewares/ST/STM32_USB_Device_Library/Class/MSC/Src/usbd_msc_scsi.c.obj
                0x08008958                SCSI_ProcessCmd
 .text.USBD_Init
                0x08008a2e       0x2e CMakeFiles/WM8960-TEST.elf.dir/Middlewares/ST/STM32_USB_Device_Library/Core/Src/usbd_core.c.obj
                0x08008a2e                USBD_Init
 .text.USBD_RegisterClass
                0x08008a5c        0xe CMakeFiles/WM8960-TEST.elf.dir/Middlewares/ST/STM32_USB_Device_Library/Core/Src/usbd_core.c.obj
                0x08008a5c                USBD_RegisterClass
 .text.USBD_Start
                0x08008a6a        0xa CMakeFiles/WM8960-TEST.elf.dir/Middlewares/ST/STM32_USB_Device_Library/Core/Src/usbd_core.c.obj
                0x08008a6a                USBD_Start
 .text.USBD_SetClassConfig
                0x08008a74       0x18 CMakeFiles/WM8960-TEST.elf.dir/Middlewares/ST/STM32_USB_Device_Library/Core/Src/usbd_core.c.obj
                0x08008a74                USBD_SetClassConfig
 .text.USBD_ClrClassConfig
                0x08008a8c        0xe CMakeFiles/WM8960-TEST.elf.dir/Middlewares/ST/STM32_USB_Device_Library/Core/Src/usbd_core.c.obj
                0x08008a8c                USBD_ClrClassConfig
 .text.USBD_LL_SetupStage
                0x08008a9a       0x5a CMakeFiles/WM8960-TEST.elf.dir/Middlewares/ST/STM32_USB_Device_Library/Core/Src/usbd_core.c.obj
                0x08008a9a                USBD_LL_SetupStage
 .text.USBD_LL_DataOutStage
                0x08008af4       0x8c CMakeFiles/WM8960-TEST.elf.dir/Middlewares/ST/STM32_USB_Device_Library/Core/Src/usbd_core.c.obj
                0x08008af4                USBD_LL_DataOutStage
 .text.USBD_LL_DataInStage
                0x08008b80       0xd0 CMakeFiles/WM8960-TEST.elf.dir/Middlewares/ST/STM32_USB_Device_Library/Core/Src/usbd_core.c.obj
                0x08008b80                USBD_LL_DataInStage
 .text.USBD_LL_Reset
                0x08008c50       0x50 CMakeFiles/WM8960-TEST.elf.dir/Middlewares/ST/STM32_USB_Device_Library/Core/Src/usbd_core.c.obj
                0x08008c50                USBD_LL_Reset
 .text.USBD_LL_SetSpeed
                0x08008ca0        0x6 CMakeFiles/WM8960-TEST.elf.dir/Middlewares/ST/STM32_USB_Device_Library/Core/Src/usbd_core.c.obj
                0x08008ca0                USBD_LL_SetSpeed
 .text.USBD_LL_Suspend
                0x08008ca6       0x12 CMakeFiles/WM8960-TEST.elf.dir/Middlewares/ST/STM32_USB_Device_Library/Core/Src/usbd_core.c.obj
                0x08008ca6                USBD_LL_Suspend
 .text.USBD_LL_Resume
                0x08008cb8       0x16 CMakeFiles/WM8960-TEST.elf.dir/Middlewares/ST/STM32_USB_Device_Library/Core/Src/usbd_core.c.obj
                0x08008cb8                USBD_LL_Resume
 .text.USBD_LL_SOF
                0x08008cce       0x1c CMakeFiles/WM8960-TEST.elf.dir/Middlewares/ST/STM32_USB_Device_Library/Core/Src/usbd_core.c.obj
                0x08008cce                USBD_LL_SOF
 .text.USBD_GetLen
                0x08008cea       0x14 CMakeFiles/WM8960-TEST.elf.dir/Middlewares/ST/STM32_USB_Device_Library/Core/Src/usbd_ctlreq.c.obj
 .text.USBD_SetFeature
                0x08008cfe       0x14 CMakeFiles/WM8960-TEST.elf.dir/Middlewares/ST/STM32_USB_Device_Library/Core/Src/usbd_ctlreq.c.obj
 .text.USBD_ParseSetupRequest
                0x08008d12       0x28 CMakeFiles/WM8960-TEST.elf.dir/Middlewares/ST/STM32_USB_Device_Library/Core/Src/usbd_ctlreq.c.obj
                0x08008d12                USBD_ParseSetupRequest
 .text.USBD_CtlError
                0x08008d3a       0x14 CMakeFiles/WM8960-TEST.elf.dir/Middlewares/ST/STM32_USB_Device_Library/Core/Src/usbd_ctlreq.c.obj
                0x08008d3a                USBD_CtlError
 .text.USBD_GetDescriptor
                0x08008d4e      0x186 CMakeFiles/WM8960-TEST.elf.dir/Middlewares/ST/STM32_USB_Device_Library/Core/Src/usbd_ctlreq.c.obj
 .text.USBD_SetAddress
                0x08008ed4       0x4e CMakeFiles/WM8960-TEST.elf.dir/Middlewares/ST/STM32_USB_Device_Library/Core/Src/usbd_ctlreq.c.obj
 *fill*         0x08008f22        0x2 
 .text.USBD_SetConfig
                0x08008f24       0xb0 CMakeFiles/WM8960-TEST.elf.dir/Middlewares/ST/STM32_USB_Device_Library/Core/Src/usbd_ctlreq.c.obj
 .text.USBD_GetConfig
                0x08008fd4       0x3e CMakeFiles/WM8960-TEST.elf.dir/Middlewares/ST/STM32_USB_Device_Library/Core/Src/usbd_ctlreq.c.obj
 .text.USBD_GetStatus
                0x08009012       0x38 CMakeFiles/WM8960-TEST.elf.dir/Middlewares/ST/STM32_USB_Device_Library/Core/Src/usbd_ctlreq.c.obj
 .text.USBD_ClrFeature
                0x0800904a       0x26 CMakeFiles/WM8960-TEST.elf.dir/Middlewares/ST/STM32_USB_Device_Library/Core/Src/usbd_ctlreq.c.obj
 .text.USBD_StdDevReq
                0x08009070       0x68 CMakeFiles/WM8960-TEST.elf.dir/Middlewares/ST/STM32_USB_Device_Library/Core/Src/usbd_ctlreq.c.obj
                0x08009070                USBD_StdDevReq
 .text.USBD_StdItfReq
                0x080090d8       0x60 CMakeFiles/WM8960-TEST.elf.dir/Middlewares/ST/STM32_USB_Device_Library/Core/Src/usbd_ctlreq.c.obj
                0x080090d8                USBD_StdItfReq
 .text.USBD_StdEPReq
                0x08009138      0x1e2 CMakeFiles/WM8960-TEST.elf.dir/Middlewares/ST/STM32_USB_Device_Library/Core/Src/usbd_ctlreq.c.obj
                0x08009138                USBD_StdEPReq
 .text.USBD_GetString
                0x0800931a       0x3a CMakeFiles/WM8960-TEST.elf.dir/Middlewares/ST/STM32_USB_Device_Library/Core/Src/usbd_ctlreq.c.obj
                0x0800931a                USBD_GetString
 .text.USBD_CtlSendData
                0x08009354       0x1a CMakeFiles/WM8960-TEST.elf.dir/Middlewares/ST/STM32_USB_Device_Library/Core/Src/usbd_ioreq.c.obj
                0x08009354                USBD_CtlSendData
 .text.USBD_CtlContinueSendData
                0x0800936e       0x10 CMakeFiles/WM8960-TEST.elf.dir/Middlewares/ST/STM32_USB_Device_Library/Core/Src/usbd_ioreq.c.obj
                0x0800936e                USBD_CtlContinueSendData
 .text.USBD_CtlContinueRx
                0x0800937e       0x10 CMakeFiles/WM8960-TEST.elf.dir/Middlewares/ST/STM32_USB_Device_Library/Core/Src/usbd_ioreq.c.obj
                0x0800937e                USBD_CtlContinueRx
 .text.USBD_CtlSendStatus
                0x0800938e       0x16 CMakeFiles/WM8960-TEST.elf.dir/Middlewares/ST/STM32_USB_Device_Library/Core/Src/usbd_ioreq.c.obj
                0x0800938e                USBD_CtlSendStatus
 .text.USBD_CtlReceiveStatus
                0x080093a4       0x16 CMakeFiles/WM8960-TEST.elf.dir/Middlewares/ST/STM32_USB_Device_Library/Core/Src/usbd_ioreq.c.obj
                0x080093a4                USBD_CtlReceiveStatus
 *fill*         0x080093ba        0x2 
 .text.disk_status
                0x080093bc       0x18 CMakeFiles/WM8960-TEST.elf.dir/Middlewares/Third_Party/FatFs/src/diskio.c.obj
                0x080093bc                disk_status
 .text.disk_initialize
                0x080093d4       0x28 CMakeFiles/WM8960-TEST.elf.dir/Middlewares/Third_Party/FatFs/src/diskio.c.obj
                0x080093d4                disk_initialize
 .text.disk_read
                0x080093fc       0x18 CMakeFiles/WM8960-TEST.elf.dir/Middlewares/Third_Party/FatFs/src/diskio.c.obj
                0x080093fc                disk_read
 .text.disk_write
                0x08009414       0x18 CMakeFiles/WM8960-TEST.elf.dir/Middlewares/Third_Party/FatFs/src/diskio.c.obj
                0x08009414                disk_write
 .text.disk_ioctl
                0x0800942c       0x18 CMakeFiles/WM8960-TEST.elf.dir/Middlewares/Third_Party/FatFs/src/diskio.c.obj
                0x0800942c                disk_ioctl
 .text.SD_initialize
                0x08009444       0x24 CMakeFiles/WM8960-TEST.elf.dir/Middlewares/Third_Party/FatFs/src/drivers/sd_diskio.c.obj
                0x08009444                SD_initialize
 .text.SD_status
                0x08009468       0x24 CMakeFiles/WM8960-TEST.elf.dir/Middlewares/Third_Party/FatFs/src/drivers/sd_diskio.c.obj
                0x08009468                SD_status
 .text.SD_read  0x0800948c       0x38 CMakeFiles/WM8960-TEST.elf.dir/Middlewares/Third_Party/FatFs/src/drivers/sd_diskio.c.obj
                0x0800948c                SD_read
 .text.SD_write
                0x080094c4       0x38 CMakeFiles/WM8960-TEST.elf.dir/Middlewares/Third_Party/FatFs/src/drivers/sd_diskio.c.obj
                0x080094c4                SD_write
 .text.SD_ioctl
                0x080094fc       0x54 CMakeFiles/WM8960-TEST.elf.dir/Middlewares/Third_Party/FatFs/src/drivers/sd_diskio.c.obj
                0x080094fc                SD_ioctl
 .text.mem_cpy  0x08009550       0x14 CMakeFiles/WM8960-TEST.elf.dir/Middlewares/Third_Party/FatFs/src/ff.c.obj
 .text.mem_set  0x08009564       0x10 CMakeFiles/WM8960-TEST.elf.dir/Middlewares/Third_Party/FatFs/src/ff.c.obj
 .text.mem_cmp  0x08009574       0x1e CMakeFiles/WM8960-TEST.elf.dir/Middlewares/Third_Party/FatFs/src/ff.c.obj
 .text.chk_chr  0x08009592       0x10 CMakeFiles/WM8960-TEST.elf.dir/Middlewares/Third_Party/FatFs/src/ff.c.obj
 *fill*         0x080095a2        0x2 
 .text.chk_lock
                0x080095a4       0x88 CMakeFiles/WM8960-TEST.elf.dir/Middlewares/Third_Party/FatFs/src/ff.c.obj
 .text.enq_lock
                0x0800962c       0x24 CMakeFiles/WM8960-TEST.elf.dir/Middlewares/Third_Party/FatFs/src/ff.c.obj
 .text.inc_lock
                0x08009650       0xcc CMakeFiles/WM8960-TEST.elf.dir/Middlewares/Third_Party/FatFs/src/ff.c.obj
 .text.dec_lock
                0x0800971c       0x4c CMakeFiles/WM8960-TEST.elf.dir/Middlewares/Third_Party/FatFs/src/ff.c.obj
 .text.clear_lock
                0x08009768       0x44 CMakeFiles/WM8960-TEST.elf.dir/Middlewares/Third_Party/FatFs/src/ff.c.obj
 .text.clmt_clust
                0x080097ac       0x28 CMakeFiles/WM8960-TEST.elf.dir/Middlewares/Third_Party/FatFs/src/ff.c.obj
 .text.ld_clust
                0x080097d4       0x22 CMakeFiles/WM8960-TEST.elf.dir/Middlewares/Third_Party/FatFs/src/ff.c.obj
 .text.st_clust
                0x080097f6       0x14 CMakeFiles/WM8960-TEST.elf.dir/Middlewares/Third_Party/FatFs/src/ff.c.obj
 *fill*         0x0800980a        0x2 
 .text.pick_lfn
                0x0800980c       0x80 CMakeFiles/WM8960-TEST.elf.dir/Middlewares/Third_Party/FatFs/src/ff.c.obj
 .text.fit_lfn  0x0800988c       0x78 CMakeFiles/WM8960-TEST.elf.dir/Middlewares/Third_Party/FatFs/src/ff.c.obj
 .text.gen_numname
                0x08009904       0xbc CMakeFiles/WM8960-TEST.elf.dir/Middlewares/Third_Party/FatFs/src/ff.c.obj
 .text.sum_sfn  0x080099c0       0x20 CMakeFiles/WM8960-TEST.elf.dir/Middlewares/Third_Party/FatFs/src/ff.c.obj
 .text.get_ldnumber
                0x080099e0       0x52 CMakeFiles/WM8960-TEST.elf.dir/Middlewares/Third_Party/FatFs/src/ff.c.obj
 .text.sync_window
                0x08009a32       0x5e CMakeFiles/WM8960-TEST.elf.dir/Middlewares/Third_Party/FatFs/src/ff.c.obj
 .text.move_window
                0x08009a90       0x3a CMakeFiles/WM8960-TEST.elf.dir/Middlewares/Third_Party/FatFs/src/ff.c.obj
 *fill*         0x08009aca        0x2 
 .text.check_fs
                0x08009acc       0x90 CMakeFiles/WM8960-TEST.elf.dir/Middlewares/Third_Party/FatFs/src/ff.c.obj
 .text.validate
                0x08009b5c       0x34 CMakeFiles/WM8960-TEST.elf.dir/Middlewares/Third_Party/FatFs/src/ff.c.obj
 .text.find_volume
                0x08009b90      0x3ac CMakeFiles/WM8960-TEST.elf.dir/Middlewares/Third_Party/FatFs/src/ff.c.obj
 .text.get_fileinfo
                0x08009f3c       0xf2 CMakeFiles/WM8960-TEST.elf.dir/Middlewares/Third_Party/FatFs/src/ff.c.obj
 *fill*         0x0800a02e        0x2 
 .text.create_name
                0x0800a030      0x27c CMakeFiles/WM8960-TEST.elf.dir/Middlewares/Third_Party/FatFs/src/ff.c.obj
 .text.cmp_lfn  0x0800a2ac       0x88 CMakeFiles/WM8960-TEST.elf.dir/Middlewares/Third_Party/FatFs/src/ff.c.obj
 .text.sync_fs  0x0800a334       0xc2 CMakeFiles/WM8960-TEST.elf.dir/Middlewares/Third_Party/FatFs/src/ff.c.obj
 .text.clust2sect
                0x0800a3f6       0x1e CMakeFiles/WM8960-TEST.elf.dir/Middlewares/Third_Party/FatFs/src/ff.c.obj
                0x0800a3f6                clust2sect
 .text.get_fat  0x0800a414       0xdc CMakeFiles/WM8960-TEST.elf.dir/Middlewares/Third_Party/FatFs/src/ff.c.obj
                0x0800a414                get_fat
 .text.dir_sdi  0x0800a4f0       0xb6 CMakeFiles/WM8960-TEST.elf.dir/Middlewares/Third_Party/FatFs/src/ff.c.obj
 .text.put_fat  0x0800a5a6      0x116 CMakeFiles/WM8960-TEST.elf.dir/Middlewares/Third_Party/FatFs/src/ff.c.obj
                0x0800a5a6                put_fat
 .text.create_chain
                0x0800a6bc       0xce CMakeFiles/WM8960-TEST.elf.dir/Middlewares/Third_Party/FatFs/src/ff.c.obj
 .text.dir_next
                0x0800a78a      0x140 CMakeFiles/WM8960-TEST.elf.dir/Middlewares/Third_Party/FatFs/src/ff.c.obj
 .text.dir_find
                0x0800a8ca       0xe8 CMakeFiles/WM8960-TEST.elf.dir/Middlewares/Third_Party/FatFs/src/ff.c.obj
 .text.follow_path
                0x0800a9b2       0x88 CMakeFiles/WM8960-TEST.elf.dir/Middlewares/Third_Party/FatFs/src/ff.c.obj
 .text.dir_alloc
                0x0800aa3a       0x54 CMakeFiles/WM8960-TEST.elf.dir/Middlewares/Third_Party/FatFs/src/ff.c.obj
 *fill*         0x0800aa8e        0x2 
 .text.dir_register
                0x0800aa90      0x154 CMakeFiles/WM8960-TEST.elf.dir/Middlewares/Third_Party/FatFs/src/ff.c.obj
 .text.dir_read
                0x0800abe4       0xc8 CMakeFiles/WM8960-TEST.elf.dir/Middlewares/Third_Party/FatFs/src/ff.c.obj
 .text.dir_remove
                0x0800acac       0x72 CMakeFiles/WM8960-TEST.elf.dir/Middlewares/Third_Party/FatFs/src/ff.c.obj
 .text.remove_chain
                0x0800ad1e       0x74 CMakeFiles/WM8960-TEST.elf.dir/Middlewares/Third_Party/FatFs/src/ff.c.obj
 *fill*         0x0800ad92        0x2 
 .text.f_mount  0x0800ad94       0x60 CMakeFiles/WM8960-TEST.elf.dir/Middlewares/Third_Party/FatFs/src/ff.c.obj
                0x0800ad94                f_mount
 .text.f_open   0x0800adf4      0x1e6 CMakeFiles/WM8960-TEST.elf.dir/Middlewares/Third_Party/FatFs/src/ff.c.obj
                0x0800adf4                f_open
 .text.f_read   0x0800afda      0x1ec CMakeFiles/WM8960-TEST.elf.dir/Middlewares/Third_Party/FatFs/src/ff.c.obj
                0x0800afda                f_read
 .text.f_write  0x0800b1c6      0x23a CMakeFiles/WM8960-TEST.elf.dir/Middlewares/Third_Party/FatFs/src/ff.c.obj
                0x0800b1c6                f_write
 .text.f_sync   0x0800b400       0xbe CMakeFiles/WM8960-TEST.elf.dir/Middlewares/Third_Party/FatFs/src/ff.c.obj
                0x0800b400                f_sync
 .text.f_close  0x0800b4be       0x28 CMakeFiles/WM8960-TEST.elf.dir/Middlewares/Third_Party/FatFs/src/ff.c.obj
                0x0800b4be                f_close
 .text.f_lseek  0x0800b4e6      0x310 CMakeFiles/WM8960-TEST.elf.dir/Middlewares/Third_Party/FatFs/src/ff.c.obj
                0x0800b4e6                f_lseek
 .text.f_opendir
                0x0800b7f6       0xa6 CMakeFiles/WM8960-TEST.elf.dir/Middlewares/Third_Party/FatFs/src/ff.c.obj
                0x0800b7f6                f_opendir
 .text.f_closedir
                0x0800b89c       0x22 CMakeFiles/WM8960-TEST.elf.dir/Middlewares/Third_Party/FatFs/src/ff.c.obj
                0x0800b89c                f_closedir
 .text.f_readdir
                0x0800b8be       0x64 CMakeFiles/WM8960-TEST.elf.dir/Middlewares/Third_Party/FatFs/src/ff.c.obj
                0x0800b8be                f_readdir
 .text.f_unlink
                0x0800b922       0xd4 CMakeFiles/WM8960-TEST.elf.dir/Middlewares/Third_Party/FatFs/src/ff.c.obj
                0x0800b922                f_unlink
 *fill*         0x0800b9f6        0x2 
 .text.FATFS_LinkDriverEx
                0x0800b9f8       0x54 CMakeFiles/WM8960-TEST.elf.dir/Middlewares/Third_Party/FatFs/src/ff_gen_drv.c.obj
                0x0800b9f8                FATFS_LinkDriverEx
 .text.FATFS_LinkDriver
                0x0800ba4c        0xa CMakeFiles/WM8960-TEST.elf.dir/Middlewares/Third_Party/FatFs/src/ff_gen_drv.c.obj
                0x0800ba4c                FATFS_LinkDriver
 *fill*         0x0800ba56        0x2 
 .text.ff_convert
                0x0800ba58       0x54 CMakeFiles/WM8960-TEST.elf.dir/Middlewares/Third_Party/FatFs/src/option/cc936.c.obj
                0x0800ba58                ff_convert
 .text.ff_wtoupper
                0x0800baac       0x24 CMakeFiles/WM8960-TEST.elf.dir/Middlewares/Third_Party/FatFs/src/option/cc936.c.obj
                0x0800baac                ff_wtoupper
 .text.makeFreeRtosPriority
                0x0800bad0        0xc CMakeFiles/WM8960-TEST.elf.dir/Middlewares/Third_Party/FreeRTOS/Source/CMSIS_RTOS/cmsis_os.c.obj
 .text.osKernelStart
                0x0800badc        0xa CMakeFiles/WM8960-TEST.elf.dir/Middlewares/Third_Party/FreeRTOS/Source/CMSIS_RTOS/cmsis_os.c.obj
                0x0800badc                osKernelStart
 .text.osThreadCreate
                0x0800bae6       0x36 CMakeFiles/WM8960-TEST.elf.dir/Middlewares/Third_Party/FreeRTOS/Source/CMSIS_RTOS/cmsis_os.c.obj
                0x0800bae6                osThreadCreate
 .text.vListInitialise
                0x0800bb1c       0x16 CMakeFiles/WM8960-TEST.elf.dir/Middlewares/Third_Party/FreeRTOS/Source/list.c.obj
                0x0800bb1c                vListInitialise
 .text.vListInitialiseItem
                0x0800bb32        0x6 CMakeFiles/WM8960-TEST.elf.dir/Middlewares/Third_Party/FreeRTOS/Source/list.c.obj
                0x0800bb32                vListInitialiseItem
 .text.vListInsertEnd
                0x0800bb38       0x16 CMakeFiles/WM8960-TEST.elf.dir/Middlewares/Third_Party/FreeRTOS/Source/list.c.obj
                0x0800bb38                vListInsertEnd
 .text.vListInsert
                0x0800bb4e       0x32 CMakeFiles/WM8960-TEST.elf.dir/Middlewares/Third_Party/FreeRTOS/Source/list.c.obj
                0x0800bb4e                vListInsert
 .text.uxListRemove
                0x0800bb80       0x26 CMakeFiles/WM8960-TEST.elf.dir/Middlewares/Third_Party/FreeRTOS/Source/list.c.obj
                0x0800bb80                uxListRemove
 *fill*         0x0800bba6        0x2 
 .text.prvTaskExitError
                0x0800bba8       0x40 CMakeFiles/WM8960-TEST.elf.dir/Middlewares/Third_Party/FreeRTOS/Source/portable/GCC/ARM_CM3/port.c.obj
 .text.prvPortStartFirstTask
                0x0800bbe8       0x20 CMakeFiles/WM8960-TEST.elf.dir/Middlewares/Third_Party/FreeRTOS/Source/portable/GCC/ARM_CM3/port.c.obj
 .text.pxPortInitialiseStack
                0x0800bc08       0x24 CMakeFiles/WM8960-TEST.elf.dir/Middlewares/Third_Party/FreeRTOS/Source/portable/GCC/ARM_CM3/port.c.obj
                0x0800bc08                pxPortInitialiseStack
 *fill*         0x0800bc2c        0x4 
 .text.SVC_Handler
                0x0800bc30       0x24 CMakeFiles/WM8960-TEST.elf.dir/Middlewares/Third_Party/FreeRTOS/Source/portable/GCC/ARM_CM3/port.c.obj
                0x0800bc30                SVC_Handler
 .text.vPortEnterCritical
                0x0800bc54       0x44 CMakeFiles/WM8960-TEST.elf.dir/Middlewares/Third_Party/FreeRTOS/Source/portable/GCC/ARM_CM3/port.c.obj
                0x0800bc54                vPortEnterCritical
 .text.vPortExitCritical
                0x0800bc98       0x2c CMakeFiles/WM8960-TEST.elf.dir/Middlewares/Third_Party/FreeRTOS/Source/portable/GCC/ARM_CM3/port.c.obj
                0x0800bc98                vPortExitCritical
 *fill*         0x0800bcc4        0xc 
 .text.PendSV_Handler
                0x0800bcd0       0x44 CMakeFiles/WM8960-TEST.elf.dir/Middlewares/Third_Party/FreeRTOS/Source/portable/GCC/ARM_CM3/port.c.obj
                0x0800bcd0                PendSV_Handler
 .text.SysTick_Handler
                0x0800bd14       0x2c CMakeFiles/WM8960-TEST.elf.dir/Middlewares/Third_Party/FreeRTOS/Source/portable/GCC/ARM_CM3/port.c.obj
                0x0800bd14                SysTick_Handler
 .text.vPortSetupTimerInterrupt
                0x0800bd40       0x28 CMakeFiles/WM8960-TEST.elf.dir/Middlewares/Third_Party/FreeRTOS/Source/portable/GCC/ARM_CM3/port.c.obj
                0x0800bd40                vPortSetupTimerInterrupt
 .text.xPortStartScheduler
                0x0800bd68       0xc0 CMakeFiles/WM8960-TEST.elf.dir/Middlewares/Third_Party/FreeRTOS/Source/portable/GCC/ARM_CM3/port.c.obj
                0x0800bd68                xPortStartScheduler
 .text.prvTaskIsTaskSuspended
                0x0800be28       0x40 CMakeFiles/WM8960-TEST.elf.dir/Middlewares/Third_Party/FreeRTOS/Source/tasks.c.obj
 .text.prvResetNextTaskUnblockTime
                0x0800be68       0x2c CMakeFiles/WM8960-TEST.elf.dir/Middlewares/Third_Party/FreeRTOS/Source/tasks.c.obj
 .text.prvInitialiseNewTask
                0x0800be94       0x90 CMakeFiles/WM8960-TEST.elf.dir/Middlewares/Third_Party/FreeRTOS/Source/tasks.c.obj
 .text.prvInitialiseTaskLists
                0x0800bf24       0x68 CMakeFiles/WM8960-TEST.elf.dir/Middlewares/Third_Party/FreeRTOS/Source/tasks.c.obj
 .text.prvAddNewTaskToReadyList
                0x0800bf8c       0xa8 CMakeFiles/WM8960-TEST.elf.dir/Middlewares/Third_Party/FreeRTOS/Source/tasks.c.obj
 .text.prvCheckTasksWaitingTermination
                0x0800c034       0x40 CMakeFiles/WM8960-TEST.elf.dir/Middlewares/Third_Party/FreeRTOS/Source/tasks.c.obj
 .text.prvIdleTask
                0x0800c074       0x28 CMakeFiles/WM8960-TEST.elf.dir/Middlewares/Third_Party/FreeRTOS/Source/tasks.c.obj
 .text.prvAddCurrentTaskToDelayedList
                0x0800c09c       0x98 CMakeFiles/WM8960-TEST.elf.dir/Middlewares/Third_Party/FreeRTOS/Source/tasks.c.obj
 .text.xTaskCreateStatic
                0x0800c134       0x6e CMakeFiles/WM8960-TEST.elf.dir/Middlewares/Third_Party/FreeRTOS/Source/tasks.c.obj
                0x0800c134                xTaskCreateStatic
 *fill*         0x0800c1a2        0x2 
 .text.vTaskResume
                0x0800c1a4       0x88 CMakeFiles/WM8960-TEST.elf.dir/Middlewares/Third_Party/FreeRTOS/Source/tasks.c.obj
                0x0800c1a4                vTaskResume
 .text.vTaskStartScheduler
                0x0800c22c       0x74 CMakeFiles/WM8960-TEST.elf.dir/Middlewares/Third_Party/FreeRTOS/Source/tasks.c.obj
                0x0800c22c                vTaskStartScheduler
 .text.vTaskSuspendAll
                0x0800c2a0       0x10 CMakeFiles/WM8960-TEST.elf.dir/Middlewares/Third_Party/FreeRTOS/Source/tasks.c.obj
                0x0800c2a0                vTaskSuspendAll
 .text.xTaskGetTickCount
                0x0800c2b0        0xc CMakeFiles/WM8960-TEST.elf.dir/Middlewares/Third_Party/FreeRTOS/Source/tasks.c.obj
                0x0800c2b0                xTaskGetTickCount
 .text.xTaskIncrementTick
                0x0800c2bc      0x118 CMakeFiles/WM8960-TEST.elf.dir/Middlewares/Third_Party/FreeRTOS/Source/tasks.c.obj
                0x0800c2bc                xTaskIncrementTick
 .text.xTaskResumeAll
                0x0800c3d4       0xf8 CMakeFiles/WM8960-TEST.elf.dir/Middlewares/Third_Party/FreeRTOS/Source/tasks.c.obj
                0x0800c3d4                xTaskResumeAll
 .text.vTaskDelayUntil
                0x0800c4cc       0xa4 CMakeFiles/WM8960-TEST.elf.dir/Middlewares/Third_Party/FreeRTOS/Source/tasks.c.obj
                0x0800c4cc                vTaskDelayUntil
 .text.vTaskSwitchContext
                0x0800c570       0x98 CMakeFiles/WM8960-TEST.elf.dir/Middlewares/Third_Party/FreeRTOS/Source/tasks.c.obj
                0x0800c570                vTaskSwitchContext
 .text.vTaskSuspend
                0x0800c608       0xec CMakeFiles/WM8960-TEST.elf.dir/Middlewares/Third_Party/FreeRTOS/Source/tasks.c.obj
                0x0800c608                vTaskSuspend
 .text.MX_USB_DEVICE_Init
                0x0800c6f4       0x54 CMakeFiles/WM8960-TEST.elf.dir/USB_DEVICE/App/usb_device.c.obj
                0x0800c6f4                MX_USB_DEVICE_Init
 .text.USBD_FS_DeviceDescriptor
                0x0800c748        0xc CMakeFiles/WM8960-TEST.elf.dir/USB_DEVICE/App/usbd_desc.c.obj
                0x0800c748                USBD_FS_DeviceDescriptor
 .text.USBD_FS_LangIDStrDescriptor
                0x0800c754        0xc CMakeFiles/WM8960-TEST.elf.dir/USB_DEVICE/App/usbd_desc.c.obj
                0x0800c754                USBD_FS_LangIDStrDescriptor
 .text.IntToUnicode
                0x0800c760       0x46 CMakeFiles/WM8960-TEST.elf.dir/USB_DEVICE/App/usbd_desc.c.obj
 *fill*         0x0800c7a6        0x2 
 .text.Get_SerialNum
                0x0800c7a8       0x38 CMakeFiles/WM8960-TEST.elf.dir/USB_DEVICE/App/usbd_desc.c.obj
 .text.USBD_FS_SerialStrDescriptor
                0x0800c7e0       0x14 CMakeFiles/WM8960-TEST.elf.dir/USB_DEVICE/App/usbd_desc.c.obj
                0x0800c7e0                USBD_FS_SerialStrDescriptor
 .text.USBD_FS_ProductStrDescriptor
                0x0800c7f4       0x24 CMakeFiles/WM8960-TEST.elf.dir/USB_DEVICE/App/usbd_desc.c.obj
                0x0800c7f4                USBD_FS_ProductStrDescriptor
 .text.USBD_FS_ManufacturerStrDescriptor
                0x0800c818       0x1c CMakeFiles/WM8960-TEST.elf.dir/USB_DEVICE/App/usbd_desc.c.obj
                0x0800c818                USBD_FS_ManufacturerStrDescriptor
 .text.USBD_FS_ConfigStrDescriptor
                0x0800c834       0x24 CMakeFiles/WM8960-TEST.elf.dir/USB_DEVICE/App/usbd_desc.c.obj
                0x0800c834                USBD_FS_ConfigStrDescriptor
 .text.USBD_FS_InterfaceStrDescriptor
                0x0800c858       0x24 CMakeFiles/WM8960-TEST.elf.dir/USB_DEVICE/App/usbd_desc.c.obj
                0x0800c858                USBD_FS_InterfaceStrDescriptor
 .text.STORAGE_Init_FS
                0x0800c87c        0x4 CMakeFiles/WM8960-TEST.elf.dir/USB_DEVICE/App/usbd_storage_if.c.obj
 .text.STORAGE_IsWriteProtected_FS
                0x0800c880        0x4 CMakeFiles/WM8960-TEST.elf.dir/USB_DEVICE/App/usbd_storage_if.c.obj
 .text.STORAGE_GetMaxLun_FS
                0x0800c884        0x4 CMakeFiles/WM8960-TEST.elf.dir/USB_DEVICE/App/usbd_storage_if.c.obj
 .text.STORAGE_Write_FS
                0x0800c888       0x34 CMakeFiles/WM8960-TEST.elf.dir/USB_DEVICE/App/usbd_storage_if.c.obj
 .text.STORAGE_Read_FS
                0x0800c8bc       0x34 CMakeFiles/WM8960-TEST.elf.dir/USB_DEVICE/App/usbd_storage_if.c.obj
 .text.STORAGE_IsReady_FS
                0x0800c8f0       0x18 CMakeFiles/WM8960-TEST.elf.dir/USB_DEVICE/App/usbd_storage_if.c.obj
 .text.STORAGE_GetCapacity_FS
                0x0800c908       0x30 CMakeFiles/WM8960-TEST.elf.dir/USB_DEVICE/App/usbd_storage_if.c.obj
 .text.USBD_Get_USB_Status
                0x0800c938       0x14 CMakeFiles/WM8960-TEST.elf.dir/USB_DEVICE/Target/usbd_conf.c.obj
 .text.HAL_PCD_MspInit
                0x0800c94c       0x40 CMakeFiles/WM8960-TEST.elf.dir/USB_DEVICE/Target/usbd_conf.c.obj
                0x0800c94c                HAL_PCD_MspInit
 .text.HAL_PCD_SetupStageCallback
                0x0800c98c       0x10 CMakeFiles/WM8960-TEST.elf.dir/USB_DEVICE/Target/usbd_conf.c.obj
                0x0800c98c                HAL_PCD_SetupStageCallback
 .text.HAL_PCD_DataOutStageCallback
                0x0800c99c       0x18 CMakeFiles/WM8960-TEST.elf.dir/USB_DEVICE/Target/usbd_conf.c.obj
                0x0800c99c                HAL_PCD_DataOutStageCallback
 .text.HAL_PCD_DataInStageCallback
                0x0800c9b4       0x16 CMakeFiles/WM8960-TEST.elf.dir/USB_DEVICE/Target/usbd_conf.c.obj
                0x0800c9b4                HAL_PCD_DataInStageCallback
 .text.HAL_PCD_SOFCallback
                0x0800c9ca        0xc CMakeFiles/WM8960-TEST.elf.dir/USB_DEVICE/Target/usbd_conf.c.obj
                0x0800c9ca                HAL_PCD_SOFCallback
 .text.HAL_PCD_ResetCallback
                0x0800c9d6       0x24 CMakeFiles/WM8960-TEST.elf.dir/USB_DEVICE/Target/usbd_conf.c.obj
                0x0800c9d6                HAL_PCD_ResetCallback
 *fill*         0x0800c9fa        0x2 
 .text.HAL_PCD_SuspendCallback
                0x0800c9fc       0x20 CMakeFiles/WM8960-TEST.elf.dir/USB_DEVICE/Target/usbd_conf.c.obj
                0x0800c9fc                HAL_PCD_SuspendCallback
 .text.HAL_PCD_ResumeCallback
                0x0800ca1c        0xc CMakeFiles/WM8960-TEST.elf.dir/USB_DEVICE/Target/usbd_conf.c.obj
                0x0800ca1c                HAL_PCD_ResumeCallback
 .text.USBD_LL_Init
                0x0800ca28       0x74 CMakeFiles/WM8960-TEST.elf.dir/USB_DEVICE/Target/usbd_conf.c.obj
                0x0800ca28                USBD_LL_Init
 .text.USBD_LL_Start
                0x0800ca9c       0x10 CMakeFiles/WM8960-TEST.elf.dir/USB_DEVICE/Target/usbd_conf.c.obj
                0x0800ca9c                USBD_LL_Start