Archive member included to satisfy reference by file (symbol)

e:/_tool/arm-gnu-toolchain-12.2.mpacbti-rel1-mingw-w64-i686-arm-none-eabi/bin/../lib/gcc/arm-none-eabi/12.2.1/thumb/v7-m/nofp\libgcc.a(_arm_mulsf3.o)
                              CMakeFiles/WM8960-TEST.elf.dir/Code/WM8960Apps.obj (__aeabi_fmul)
e:/_tool/arm-gnu-toolchain-12.2.mpacbti-rel1-mingw-w64-i686-arm-none-eabi/bin/../lib/gcc/arm-none-eabi/12.2.1/thumb/v7-m/nofp\libgcc.a(_arm_fixsfsi.o)
                              CMakeFiles/WM8960-TEST.elf.dir/Code/WM8960Apps.obj (__aeabi_f2iz)
e:/_tool/arm-gnu-toolchain-12.2.mpacbti-rel1-mingw-w64-i686-arm-none-eabi/bin/../lib/gcc/arm-none-eabi/12.2.1/thumb/v7-m/nofp\libg.a(libc_a-exit.o)
                              e:/_tool/arm-gnu-toolchain-12.2.mpacbti-rel1-mingw-w64-i686-arm-none-eabi/bin/../lib/gcc/arm-none-eabi/12.2.1/thumb/v7-m/nofp/crt0.o (exit)
e:/_tool/arm-gnu-toolchain-12.2.mpacbti-rel1-mingw-w64-i686-arm-none-eabi/bin/../lib/gcc/arm-none-eabi/12.2.1/thumb/v7-m/nofp\libg.a(libc_a-findfp.o)
                              e:/_tool/arm-gnu-toolchain-12.2.mpacbti-rel1-mingw-w64-i686-arm-none-eabi/bin/../lib/gcc/arm-none-eabi/12.2.1/thumb/v7-m/nofp\libg.a(libc_a-exit.o) (__stdio_exit_handler)
e:/_tool/arm-gnu-toolchain-12.2.mpacbti-rel1-mingw-w64-i686-arm-none-eabi/bin/../lib/gcc/arm-none-eabi/12.2.1/thumb/v7-m/nofp\libg.a(libc_a-fwalk.o)
                              e:/_tool/arm-gnu-toolchain-12.2.mpacbti-rel1-mingw-w64-i686-arm-none-eabi/bin/../lib/gcc/arm-none-eabi/12.2.1/thumb/v7-m/nofp\libg.a(libc_a-findfp.o) (_fwalk_sglue)
e:/_tool/arm-gnu-toolchain-12.2.mpacbti-rel1-mingw-w64-i686-arm-none-eabi/bin/../lib/gcc/arm-none-eabi/12.2.1/thumb/v7-m/nofp\libg.a(libc_a-printf.o)
                              CMakeFiles/WM8960-TEST.elf.dir/Code/WM8960.obj (printf)
e:/_tool/arm-gnu-toolchain-12.2.mpacbti-rel1-mingw-w64-i686-arm-none-eabi/bin/../lib/gcc/arm-none-eabi/12.2.1/thumb/v7-m/nofp\libg.a(libc_a-puts.o)
                              CMakeFiles/WM8960-TEST.elf.dir/Code/WM8960.obj (puts)
e:/_tool/arm-gnu-toolchain-12.2.mpacbti-rel1-mingw-w64-i686-arm-none-eabi/bin/../lib/gcc/arm-none-eabi/12.2.1/thumb/v7-m/nofp\libg.a(libc_a-sprintf.o)
                              CMakeFiles/WM8960-TEST.elf.dir/Code/WM8960Apps.obj (sprintf)
e:/_tool/arm-gnu-toolchain-12.2.mpacbti-rel1-mingw-w64-i686-arm-none-eabi/bin/../lib/gcc/arm-none-eabi/12.2.1/thumb/v7-m/nofp\libg.a(libc_a-stdio.o)
                              e:/_tool/arm-gnu-toolchain-12.2.mpacbti-rel1-mingw-w64-i686-arm-none-eabi/bin/../lib/gcc/arm-none-eabi/12.2.1/thumb/v7-m/nofp\libg.a(libc_a-findfp.o) (__sread)
e:/_tool/arm-gnu-toolchain-12.2.mpacbti-rel1-mingw-w64-i686-arm-none-eabi/bin/../lib/gcc/arm-none-eabi/12.2.1/thumb/v7-m/nofp\libg.a(libc_a-memset.o)
                              e:/_tool/arm-gnu-toolchain-12.2.mpacbti-rel1-mingw-w64-i686-arm-none-eabi/bin/../lib/gcc/arm-none-eabi/12.2.1/thumb/v7-m/nofp/crt0.o (memset)
e:/_tool/arm-gnu-toolchain-12.2.mpacbti-rel1-mingw-w64-i686-arm-none-eabi/bin/../lib/gcc/arm-none-eabi/12.2.1/thumb/v7-m/nofp\libg.a(libc_a-strcat.o)
                              CMakeFiles/WM8960-TEST.elf.dir/Code/WM8960Apps.obj (strcat)
e:/_tool/arm-gnu-toolchain-12.2.mpacbti-rel1-mingw-w64-i686-arm-none-eabi/bin/../lib/gcc/arm-none-eabi/12.2.1/thumb/v7-m/nofp\libg.a(libc_a-closer.o)
                              e:/_tool/arm-gnu-toolchain-12.2.mpacbti-rel1-mingw-w64-i686-arm-none-eabi/bin/../lib/gcc/arm-none-eabi/12.2.1/thumb/v7-m/nofp\libg.a(libc_a-stdio.o) (_close_r)
e:/_tool/arm-gnu-toolchain-12.2.mpacbti-rel1-mingw-w64-i686-arm-none-eabi/bin/../lib/gcc/arm-none-eabi/12.2.1/thumb/v7-m/nofp\libg.a(libc_a-reent.o)
                              e:/_tool/arm-gnu-toolchain-12.2.mpacbti-rel1-mingw-w64-i686-arm-none-eabi/bin/../lib/gcc/arm-none-eabi/12.2.1/thumb/v7-m/nofp\libg.a(libc_a-closer.o) (errno)
e:/_tool/arm-gnu-toolchain-12.2.mpacbti-rel1-mingw-w64-i686-arm-none-eabi/bin/../lib/gcc/arm-none-eabi/12.2.1/thumb/v7-m/nofp\libg.a(libc_a-impure.o)
                              e:/_tool/arm-gnu-toolchain-12.2.mpacbti-rel1-mingw-w64-i686-arm-none-eabi/bin/../lib/gcc/arm-none-eabi/12.2.1/thumb/v7-m/nofp\libg.a(libc_a-printf.o) (_impure_ptr)
e:/_tool/arm-gnu-toolchain-12.2.mpacbti-rel1-mingw-w64-i686-arm-none-eabi/bin/../lib/gcc/arm-none-eabi/12.2.1/thumb/v7-m/nofp\libg.a(libc_a-lseekr.o)
                              e:/_tool/arm-gnu-toolchain-12.2.mpacbti-rel1-mingw-w64-i686-arm-none-eabi/bin/../lib/gcc/arm-none-eabi/12.2.1/thumb/v7-m/nofp\libg.a(libc_a-stdio.o) (_lseek_r)
e:/_tool/arm-gnu-toolchain-12.2.mpacbti-rel1-mingw-w64-i686-arm-none-eabi/bin/../lib/gcc/arm-none-eabi/12.2.1/thumb/v7-m/nofp\libg.a(libc_a-readr.o)
                              e:/_tool/arm-gnu-toolchain-12.2.mpacbti-rel1-mingw-w64-i686-arm-none-eabi/bin/../lib/gcc/arm-none-eabi/12.2.1/thumb/v7-m/nofp\libg.a(libc_a-stdio.o) (_read_r)
[...]
Memory Configuration

Name             Origin             Length             Attributes
RAM              0x20000000         0x00010000         xrw
FLASH            0x08000000         0x00080000         xr
*default*        0x00000000         0xffffffff

Linker script and memory map

LOAD e:/_tool/arm-gnu-toolchain-12.2.mpacbti-rel1-mingw-w64-i686-arm-none-eabi/bin/../lib/gcc/arm-none-eabi/12.2.1/thumb/v7-m/nofp/crti.o
LOAD e:/_tool/arm-gnu-toolchain-12.2.mpacbti-rel1-mingw-w64-i686-arm-none-eabi/bin/../lib/gcc/arm-none-eabi/12.2.1/thumb/v7-m/nofp/crtbegin.o
LOAD e:/_tool/arm-gnu-toolchain-12.2.mpacbti-rel1-mingw-w64-i686-arm-none-eabi/bin/../lib/gcc/arm-none-eabi/12.2.1/thumb/v7-m/nofp/crt0.o
LOAD CMakeFiles/WM8960-TEST.elf.dir/Code/WM8960.obj
LOAD CMakeFiles/WM8960-TEST.elf.dir/Code/WM8960Apps.obj
LOAD CMakeFiles/WM8960-TEST.elf.dir/Code/bsp_key.obj
LOAD CMakeFiles/WM8960-TEST.elf.dir/Core/Src/dma.obj
LOAD CMakeFiles/WM8960-TEST.elf.dir/Core/Src/freertos.obj
LOAD CMakeFiles/WM8960-TEST.elf.dir/Core/Src/gpio.obj
LOAD CMakeFiles/WM8960-TEST.elf.dir/Core/Src/i2s.obj
LOAD CMakeFiles/WM8960-TEST.elf.dir/Core/Src/main.obj
LOAD CMakeFiles/WM8960-TEST.elf.dir/Core/Src/sdio.obj
LOAD CMakeFiles/WM8960-TEST.elf.dir/Core/Src/stm32f1xx_hal_msp.obj
LOAD CMakeFiles/WM8960-TEST.elf.dir/Core/Src/stm32f1xx_hal_timebase_tim.obj
LOAD CMakeFiles/WM8960-TEST.elf.dir/Core/Src/stm32f1xx_it.obj
LOAD CMakeFiles/WM8960-TEST.elf.dir/Core/Src/syscalls.obj
LOAD CMakeFiles/WM8960-TEST.elf.dir/Core/Src/sysmem.obj
LOAD CMakeFiles/WM8960-TEST.elf.dir/Core/Src/system_stm32f1xx.obj
LOAD CMakeFiles/WM8960-TEST.elf.dir/Core/Src/usart.obj
LOAD CMakeFiles/WM8960-TEST.elf.dir/Core/Startup/startup_stm32f103vetx.obj
LOAD CMakeFiles/WM8960-TEST.elf.dir/Drivers/STM32F1xx_HAL_Driver/Src/stm32f1xx_hal.obj
LOAD CMakeFiles/WM8960-TEST.elf.dir/Drivers/STM32F1xx_HAL_Driver/Src/stm32f1xx_hal_cortex.obj
LOAD CMakeFiles/WM8960-TEST.elf.dir/Drivers/STM32F1xx_HAL_Driver/Src/stm32f1xx_hal_dma.obj
LOAD CMakeFiles/WM8960-TEST.elf.dir/Drivers/STM32F1xx_HAL_Driver/Src/stm32f1xx_hal_exti.obj
LOAD CMakeFiles/WM8960-TEST.elf.dir/Drivers/STM32F1xx_HAL_Driver/Src/stm32f1xx_hal_flash.obj
LOAD CMakeFiles/WM8960-TEST.elf.dir/Drivers/STM32F1xx_HAL_Driver/Src/stm32f1xx_hal_flash_ex.obj
LOAD CMakeFiles/WM8960-TEST.elf.dir/Drivers/STM32F1xx_HAL_Driver/Src/stm32f1xx_hal_gpio.obj
LOAD CMakeFiles/WM8960-TEST.elf.dir/Drivers/STM32F1xx_HAL_Driver/Src/stm32f1xx_hal_gpio_ex.obj
LOAD CMakeFiles/WM8960-TEST.elf.dir/Drivers/STM32F1xx_HAL_Driver/Src/stm32f1xx_hal_i2s.obj
LOAD CMakeFiles/WM8960-TEST.elf.dir/Drivers/STM32F1xx_HAL_Driver/Src/stm32f1xx_hal_pcd.obj
LOAD CMakeFiles/WM8960-TEST.elf.dir/Drivers/STM32F1xx_HAL_Driver/Src/stm32f1xx_hal_pcd_ex.obj
LOAD CMakeFiles/WM8960-TEST.elf.dir/Drivers/STM32F1xx_HAL_Driver/Src/stm32f1xx_hal_pwr.obj
LOAD CMakeFiles/WM8960-TEST.elf.dir/Drivers/STM32F1xx_HAL_Driver/Src/stm32f1xx_hal_rcc.obj
LOAD CMakeFiles/WM8960-TEST.elf.dir/Drivers/STM32F1xx_HAL_Driver/Src/stm32f1xx_hal_rcc_ex.obj
LOAD CMakeFiles/WM8960-TEST.elf.dir/Drivers/STM32F1xx_HAL_Driver/Src/stm32f1xx_hal_sd.obj
LOAD CMakeFiles/WM8960-TEST.elf.dir/Drivers/STM32F1xx_HAL_Driver/Src/stm32f1xx_hal_tim.obj
LOAD CMakeFiles/WM8960-TEST.elf.dir/Drivers/STM32F1xx_HAL_Driver/Src/stm32f1xx_hal_tim_ex.obj
LOAD CMakeFiles/WM8960-TEST.elf.dir/Drivers/STM32F1xx_HAL_Driver/Src/stm32f1xx_hal_uart.obj
LOAD CMakeFiles/WM8960-TEST.elf.dir/Drivers/STM32F1xx_HAL_Driver/Src/stm32f1xx_ll_sdmmc.obj
LOAD CMakeFiles/WM8960-TEST.elf.dir/Drivers/STM32F1xx_HAL_Driver/Src/stm32f1xx_ll_usb.obj
LOAD CMakeFiles/WM8960-TEST.elf.dir/FATFS/App/fatfs.obj
LOAD CMakeFiles/WM8960-TEST.elf.dir/FATFS/Target/bsp_driver_sd.obj
LOAD CMakeFiles/WM8960-TEST.elf.dir/Middlewares/ST/STM32_USB_Device_Library/Class/MSC/Src/usbd_msc.obj
LOAD CMakeFiles/WM8960-TEST.elf.dir/Middlewares/ST/STM32_USB_Device_Library/Class/MSC/Src/usbd_msc_bot.obj
LOAD CMakeFiles/WM8960-TEST.elf.dir/Middlewares/ST/STM32_USB_Device_Library/Class/MSC/Src/usbd_msc_data.obj
LOAD CMakeFiles/WM8960-TEST.elf.dir/Middlewares/ST/STM32_USB_Device_Library/Class/MSC/Src/usbd_msc_scsi.obj
LOAD CMakeFiles/WM8960-TEST.elf.dir/Middlewares/ST/STM32_USB_Device_Library/Core/Src/usbd_core.obj
LOAD CMakeFiles/WM8960-TEST.elf.dir/Middlewares/ST/STM32_USB_Device_Library/Core/Src/usbd_ctlreq.obj
LOAD CMakeFiles/WM8960-TEST.elf.dir/Middlewares/ST/STM32_USB_Device_Library/Core/Src/usbd_ioreq.obj
LOAD CMakeFiles/WM8960-TEST.elf.dir/Middlewares/Third_Party/FatFs/src/diskio.obj
LOAD CMakeFiles/WM8960-TEST.elf.dir/Middlewares/Third_Party/FatFs/src/drivers/sd_diskio.obj
LOAD CMakeFiles/WM8960-TEST.elf.dir/Middlewares/Third_Party/FatFs/src/ff.obj
LOAD CMakeFiles/WM8960-TEST.elf.dir/Middlewares/Third_Party/FatFs/src/ff_gen_drv.obj
LOAD CMakeFiles/WM8960-TEST.elf.dir/Middlewares/Third_Party/FatFs/src/option/cc936.obj
LOAD CMakeFiles/WM8960-TEST.elf.dir/Middlewares/Third_Party/FatFs/src/option/syscall.obj
LOAD CMakeFiles/WM8960-TEST.elf.dir/Middlewares/Third_Party/FreeRTOS/Source/CMSIS_RTOS/cmsis_os.obj
LOAD CMakeFiles/WM8960-TEST.elf.dir/Middlewares/Third_Party/FreeRTOS/Source/croutine.obj
LOAD CMakeFiles/WM8960-TEST.elf.dir/Middlewares/Third_Party/FreeRTOS/Source/event_groups.obj
LOAD CMakeFiles/WM8960-TEST.elf.dir/Middlewares/Third_Party/FreeRTOS/Source/list.obj
LOAD CMakeFiles/WM8960-TEST.elf.dir/Middlewares/Third_Party/FreeRTOS/Source/portable/GCC/ARM_CM3/port.obj
LOAD CMakeFiles/WM8960-TEST.elf.dir/Middlewares/Third_Party/FreeRTOS/Source/queue.obj
LOAD CMakeFiles/WM8960-TEST.elf.dir/Middlewares/Third_Party/FreeRTOS/Source/stream_buffer.obj
LOAD CMakeFiles/WM8960-TEST.elf.dir/Middlewares/Third_Party/FreeRTOS/Source/tasks.obj
LOAD CMakeFiles/WM8960-TEST.elf.dir/Middlewares/Third_Party/FreeRTOS/Source/timers.obj
LOAD CMakeFiles/WM8960-TEST.elf.dir/USB_DEVICE/App/usb_device.obj
LOAD CMakeFiles/WM8960-TEST.elf.dir/USB_DEVICE/App/usbd_desc.obj
LOAD CMakeFiles/WM8960-TEST.elf.dir/USB_DEVICE/App/usbd_storage_if.obj
LOAD CMakeFiles/WM8960-TEST.elf.dir/USB_DEVICE/Target/usbd_conf.obj
START GROUP
LOAD e:/_tool/arm-gnu-toolchain-12.2.mpacbti-rel1-mingw-w64-i686-arm-none-eabi/bin/../lib/gcc/arm-none-eabi/12.2.1/thumb/v7-m/nofp\libgcc.a
LOAD e:/_tool/arm-gnu-toolchain-12.2.mpacbti-rel1-mingw-w64-i686-arm-none-eabi/bin/../lib/gcc/arm-none-eabi/12.2.1/thumb/v7-m/nofp\libg.a
LOAD e:/_tool/arm-gnu-toolchain-12.2.mpacbti-rel1-mingw-w64-i686-arm-none-eabi/bin/../lib/gcc/arm-none-eabi/12.2.1/thumb/v7-m/nofp\libc.a
END GROUP
LOAD e:/_tool/arm-gnu-toolchain-12.2.mpacbti-rel1-mingw-w64-i686-arm-none-eabi/bin/../lib/gcc/arm-none-eabi/12.2.1/thumb/v7-m/nofp/crtend.o
LOAD e:/_tool/arm-gnu-toolchain-12.2.mpacbti-rel1-mingw-w64-i686-arm-none-eabi/bin/../lib/gcc/arm-none-eabi/12.2.1/thumb/v7-m/nofp/crtn.o
                0x20010000                        _estack = (ORIGIN (RAM) + LENGTH (RAM))
                0x00001000                        _Min_Heap_Size = 0x1000
                0x00001000                        _Min_Stack_Size = 0x1000

.isr_vector     0x08000000      0x1e4
                0x08000000                        . = ALIGN (0x4)
 *(.isr_vector)
 .isr_vector    0x08000000      0x1e4 CMakeFiles/WM8960-TEST.elf.dir/Core/Startup/startup_stm32f103vetx.obj
                0x08000000                g_pfnVectors
                0x080001e4                        . = ALIGN (0x4)

.text           0x080001f0    0x149c0
                0x080001f0                        . = ALIGN (0x4)
 *(.text)
 .text          0x080001f0      0x168 e:/_tool/arm-gnu-toolchain-12.2.mpacbti-rel1-mingw-w64-i686-arm-none-eabi/bin/../lib/gcc/arm-none-eabi/12.2.1/thumb/v7-m/nofp\libgcc.a(_arm_mulsf3.o)
                0x080001f0                __aeabi_fmul
                0x080001f0                __mulsf3
 .text          0x08000358       0x4c e:/_tool/arm-gnu-toolchain-12.2.mpacbti-rel1-mingw-w64-i686-arm-none-eabi/bin/../lib/gcc/arm-none-eabi/12.2.1/thumb/v7-m/nofp\libgcc.a(_arm_fixsfsi.o)
                0x08000358                __aeabi_f2iz
                0x08000358                __fixsfsi
 .text          0x080003a4       0xec e:/_tool/arm-gnu-toolchain-12.2.mpacbti-rel1-mingw-w64-i686-arm-none-eabi/bin/../lib/gcc/arm-none-eabi/12.2.1/thumb/v7-m/nofp\libg.a(libc_a-memcpy.o)
                0x080003a4                memcpy
 .text          0x08000490      0x378 e:/_tool/arm-gnu-toolchain-12.2.mpacbti-rel1-mingw-w64-i686-arm-none-eabi/bin/../lib/gcc/arm-none-eabi/12.2.1/thumb/v7-m/nofp\libgcc.a(_arm_addsubdf3.o)
                0x08000490                __aeabi_drsub
                0x08000498                __aeabi_dsub
                0x08000498                __subdf3
                0x0800049c                __aeabi_dadd
                0x0800049c                __adddf3
                0x08000714                __floatunsidf
                0x08000714                __aeabi_ui2d
                0x08000734                __floatsidf
                0x08000734                __aeabi_i2d
                0x08000758                __aeabi_f2d
                0x08000758                __extendsfdf2
                0x0800079c                __floatundidf
                0x0800079c                __aeabi_ul2d
                0x080007ac                __floatdidf
                0x080007ac                __aeabi_l2d
 .text          0x08000808      0x424 e:/_tool/arm-gnu-toolchain-12.2.mpacbti-rel1-mingw-w64-i686-arm-none-eabi/bin/../lib/gcc/arm-none-eabi/12.2.1/thumb/v7-m/nofp\libgcc.a(_arm_muldivdf3.o)
                0x08000808                __aeabi_dmul
                0x08000808                __muldf3
                0x08000a5c                __divdf3
                0x08000a5c                __aeabi_ddiv
 .text          0x08000c2c      0x110 e:/_tool/arm-gnu-toolchain-12.2.mpacbti-rel1-mingw-w64-i686-arm-none-eabi/bin/../lib/gcc/arm-none-eabi/12.2.1/thumb/v7-m/nofp\libgcc.a(_arm_cmpdf2.o)
                0x08000c2c                __gtdf2
                0x08000c2c                __gedf2
                0x08000c34                __ltdf2
                0x08000c34                __ledf2
                0x08000c3c                __nedf2
                0x08000c3c                __eqdf2
                0x08000c3c                __cmpdf2
                0x08000cb8                __aeabi_cdrcmple
                0x08000cc8                __aeabi_cdcmpeq
                0x08000cc8                __aeabi_cdcmple
                0x08000cd8                __aeabi_dcmpeq
                0x08000cec                __aeabi_dcmplt
                0x08000d00                __aeabi_dcmple
                0x08000d14                __aeabi_dcmpge
                0x08000d28                __aeabi_dcmpgt
 .text          0x08000d3c       0x2c e:/_tool/arm-gnu-toolchain-12.2.mpacbti-rel1-mingw-w64-i686-arm-none-eabi/bin/../lib/gcc/arm-none-eabi/12.2.1/thumb/v7-m/nofp\libgcc.a(_arm_unorddf2.o)
                0x08000d3c                __unorddf2
                0x08000d3c                __aeabi_dcmpun
 .text          0x08000d68       0x50 e:/_tool/arm-gnu-toolchain-12.2.mpacbti-rel1-mingw-w64-i686-arm-none-eabi/bin/../lib/gcc/arm-none-eabi/12.2.1/thumb/v7-m/nofp\libgcc.a(_arm_fixdfsi.o)
                0x08000d68                __aeabi_d2iz
                0x08000d68                __fixdfsi
 *(.text*)
 .text.deregister_tm_clones
                0x08000db8       0x1c e:/_tool/arm-gnu-toolchain-12.2.mpacbti-rel1-mingw-w64-i686-arm-none-eabi/bin/../lib/gcc/arm-none-eabi/12.2.1/thumb/v7-m/nofp/crtbegin.o
 .text.register_tm_clones
                0x08000dd4       0x24 e:/_tool/arm-gnu-toolchain-12.2.mpacbti-rel1-mingw-w64-i686-arm-none-eabi/bin/../lib/gcc/arm-none-eabi/12.2.1/thumb/v7-m/nofp/crtbegin.o
 .text.__do_global_dtors_aux
                0x08000df8       0x28 e:/_tool/arm-gnu-toolchain-12.2.mpacbti-rel1-mingw-w64-i686-arm-none-eabi/bin/../lib/gcc/arm-none-eabi/12.2.1/thumb/v7-m/nofp/crtbegin.o
 .text.frame_dummy
                0x08000e20       0x24 e:/_tool/arm-gnu-toolchain-12.2.mpacbti-rel1-mingw-w64-i686-arm-none-eabi/bin/../lib/gcc/arm-none-eabi/12.2.1/thumb/v7-m/nofp/crtbegin.o
 .text.delay_us
                0x08000e44        0xe CMakeFiles/WM8960-TEST.elf.dir/Code/WM8960.obj
                0x08000e44                delay_us
 *fill*         0x08000e52        0x2 
 .text.IIC_Init
                0x08000e54       0x50 CMakeFiles/WM8960-TEST.elf.dir/Code/WM8960.obj
                0x08000e54                IIC_Init
 .text.SDA_OUT  0x08000ea4       0x28 CMakeFiles/WM8960-TEST.elf.dir/Code/WM8960.obj
                0x08000ea4                SDA_OUT
 .text.SDA_IN   0x08000ecc       0x28 CMakeFiles/WM8960-TEST.elf.dir/Code/WM8960.obj
                0x08000ecc                SDA_IN
 .text.IIC_Start
                0x08000ef4       0x3c CMakeFiles/WM8960-TEST.elf.dir/Code/WM8960.obj
                0x08000ef4                IIC_Start
 .text.IIC_Stop
                0x08000f30       0x3c CMakeFiles/WM8960-TEST.elf.dir/Code/WM8960.obj
                0x08000f30                IIC_Stop
 .text.IIC_Wait_Ack
                0x08000f6c       0x38 CMakeFiles/WM8960-TEST.elf.dir/Code/WM8960.obj
                0x08000f6c                IIC_Wait_Ack
 .text.IIC_Send_Byte
                0x08000fa4       0x5c CMakeFiles/WM8960-TEST.elf.dir/Code/WM8960.obj
                0x08000fa4                IIC_Send_Byte
 .text.IIC_Write_Bytes
                0x08001000       0x5a CMakeFiles/WM8960-TEST.elf.dir/Code/WM8960.obj
                0x08001000                IIC_Write_Bytes
 *fill*         0x0800105a        0x2 
 .text.WM8960_Write_Reg
                0x0800105c       0x30 CMakeFiles/WM8960-TEST.elf.dir/Code/WM8960.obj
                0x0800105c                WM8960_Write_Reg
 .text.WM89060_Init
                0x0800108c      0x1a4 CMakeFiles/WM8960-TEST.elf.dir/Code/WM8960.obj
                0x0800108c                WM89060_Init
 .text.ScanWavefiles
                0x08001230      0x10c CMakeFiles/WM8960-TEST.elf.dir/Code/WM8960Apps.obj
                0x08001230                ScanWavefiles
 .text.Get_WAV_Message
                0x0800133c      0x15c CMakeFiles/WM8960-TEST.elf.dir/Code/WM8960Apps.obj
                0x0800133c                Get_WAV_Message
 .text.Fill_WAV_Buffer
                0x08001498      0x2d4 CMakeFiles/WM8960-TEST.elf.dir/Code/WM8960Apps.obj
                0x08001498                Fill_WAV_Buffer
 .text.IIS_FreqModify
                0x0800176c       0x24 CMakeFiles/WM8960-TEST.elf.dir/Code/WM8960Apps.obj
                0x0800176c                IIS_FreqModify
 .text.IIS_ModeModify
                0x08001790       0x58 CMakeFiles/WM8960-TEST.elf.dir/Code/WM8960Apps.obj
                0x08001790                IIS_ModeModify
 .text.PlayWaveFile
                0x080017e8      0x1e8 CMakeFiles/WM8960-TEST.elf.dir/Code/WM8960Apps.obj
                0x080017e8                PlayWaveFile
 .text.WAV_File_Init
                0x080019d0      0x120 CMakeFiles/WM8960-TEST.elf.dir/Code/WM8960Apps.obj
                0x080019d0                WAV_File_Init
 .text.RecordWaveFile
                0x08001af0      0x230 CMakeFiles/WM8960-TEST.elf.dir/Code/WM8960Apps.obj
                0x08001af0                RecordWaveFile
 .text.HAL_I2S_TxHalfCpltCallback
                0x08001d20        0xc CMakeFiles/WM8960-TEST.elf.dir/Code/WM8960Apps.obj
                0x08001d20                HAL_I2S_TxHalfCpltCallback
 .text.HAL_I2S_RxHalfCpltCallback
                0x08001d2c        0xc CMakeFiles/WM8960-TEST.elf.dir/Code/WM8960Apps.obj
                0x08001d2c                HAL_I2S_RxHalfCpltCallback
 .text.HAL_I2S_TxCpltCallback
                0x08001d38       0x38 CMakeFiles/WM8960-TEST.elf.dir/Code/WM8960Apps.obj
                0x08001d38                HAL_I2S_TxCpltCallback
 .text.HAL_I2S_RxCpltCallback
                0x08001d70       0x2c CMakeFiles/WM8960-TEST.elf.dir/Code/WM8960Apps.obj
                0x08001d70                HAL_I2S_RxCpltCallback
 .text.KeyHandlerCore
                0x08001d9c      0x108 CMakeFiles/WM8960-TEST.elf.dir/Code/bsp_key.obj
                0x08001d9c                KeyHandlerCore
 .text.MX_DMA_Init
                0x08001ea4       0x34 CMakeFiles/WM8960-TEST.elf.dir/Core/Src/dma.obj
                0x08001ea4                MX_DMA_Init
 .text.StartDefaultTask
                0x08001ed8       0x2c CMakeFiles/WM8960-TEST.elf.dir/Core/Src/freertos.obj
                0x08001ed8                StartDefaultTask
 .text.StartMainTask
                0x08001f04       0x3c CMakeFiles/WM8960-TEST.elf.dir/Core/Src/freertos.obj
                0x08001f04                StartMainTask
 .text.vApplicationGetIdleTaskMemory
                0x08001f40       0x18 CMakeFiles/WM8960-TEST.elf.dir/Core/Src/freertos.obj
                0x08001f40                vApplicationGetIdleTaskMemory
 .text.MX_FREERTOS_Init
                0x08001f58       0x60 CMakeFiles/WM8960-TEST.elf.dir/Core/Src/freertos.obj
                0x08001f58                MX_FREERTOS_Init
 .text.KeyProcessHandler
                0x08001fb8      0x228 CMakeFiles/WM8960-TEST.elf.dir/Core/Src/freertos.obj
                0x08001fb8                KeyProcessHandler
 .text.MX_GPIO_Init
                0x080021e0       0xd8 CMakeFiles/WM8960-TEST.elf.dir/Core/Src/gpio.obj
                0x080021e0                MX_GPIO_Init
 .text.MX_I2S2_Init
                0x080022b8       0x34 CMakeFiles/WM8960-TEST.elf.dir/Core/Src/i2s.obj
                0x080022b8                MX_I2S2_Init
 .text.HAL_I2S_MspInit
                0x080022ec       0xf8 CMakeFiles/WM8960-TEST.elf.dir/Core/Src/i2s.obj
                0x080022ec                HAL_I2S_MspInit
 .text._write   0x080023e4       0x18 CMakeFiles/WM8960-TEST.elf.dir/Core/Src/main.obj
                0x080023e4                _write
 .text.HAL_TIM_PeriodElapsedCallback
                0x080023fc       0x18 CMakeFiles/WM8960-TEST.elf.dir/Core/Src/main.obj
                0x080023fc                HAL_TIM_PeriodElapsedCallback
 .text.Error_Handler
                0x08002414        0x4 CMakeFiles/WM8960-TEST.elf.dir/Core/Src/main.obj
                0x08002414                Error_Handler
 .text.SystemClock_Config
                0x08002418       0x86 CMakeFiles/WM8960-TEST.elf.dir/Core/Src/main.obj
                0x08002418                SystemClock_Config
 *fill*         0x0800249e        0x2 
 .text.main     0x080024a0       0x64 CMakeFiles/WM8960-TEST.elf.dir/Core/Src/main.obj
                0x080024a0                main
 .text.MX_SDIO_SD_Init
                0x08002504       0x24 CMakeFiles/WM8960-TEST.elf.dir/Core/Src/sdio.obj
                0x08002504                MX_SDIO_SD_Init
 .text.HAL_SD_MspInit
                0x08002528       0x98 CMakeFiles/WM8960-TEST.elf.dir/Core/Src/sdio.obj
                0x08002528                HAL_SD_MspInit
 .text.HAL_MspInit
                0x080025c0       0x54 CMakeFiles/WM8960-TEST.elf.dir/Core/Src/stm32f1xx_hal_msp.obj
                0x080025c0                HAL_MspInit
 .text.HAL_InitTick
                0x08002614       0x94 CMakeFiles/WM8960-TEST.elf.dir/Core/Src/stm32f1xx_hal_timebase_tim.obj
                0x08002614                HAL_InitTick
 .text.NMI_Handler
                0x080026a8        0x2 CMakeFiles/WM8960-TEST.elf.dir/Core/Src/stm32f1xx_it.obj
                0x080026a8                NMI_Handler
 .text.HardFault_Handler
                0x080026aa        0x2 CMakeFiles/WM8960-TEST.elf.dir/Core/Src/stm32f1xx_it.obj
                0x080026aa                HardFault_Handler
 .text.MemManage_Handler
                0x080026ac        0x2 CMakeFiles/WM8960-TEST.elf.dir/Core/Src/stm32f1xx_it.obj
                0x080026ac                MemManage_Handler
 .text.BusFault_Handler
                0x080026ae        0x2 CMakeFiles/WM8960-TEST.elf.dir/Core/Src/stm32f1xx_it.obj
                0x080026ae                BusFault_Handler
 .text.UsageFault_Handler
                0x080026b0        0x2 CMakeFiles/WM8960-TEST.elf.dir/Core/Src/stm32f1xx_it.obj
                0x080026b0                UsageFault_Handler
 .text.DebugMon_Handler
                0x080026b2        0x2 CMakeFiles/WM8960-TEST.elf.dir/Core/Src/stm32f1xx_it.obj
                0x080026b2                DebugMon_Handler
 .text.DMA1_Channel5_IRQHandler
                0x080026b4       0x10 CMakeFiles/WM8960-TEST.elf.dir/Core/Src/stm32f1xx_it.obj
                0x080026b4                DMA1_Channel5_IRQHandler
 .text.USB_LP_CAN1_RX0_IRQHandler
                0x080026c4       0x10 CMakeFiles/WM8960-TEST.elf.dir/Core/Src/stm32f1xx_it.obj
                0x080026c4                USB_LP_CAN1_RX0_IRQHandler
 .text.TIM1_UP_IRQHandler
                0x080026d4       0x10 CMakeFiles/WM8960-TEST.elf.dir/Core/Src/stm32f1xx_it.obj
                0x080026d4                TIM1_UP_IRQHandler
 .text.SDIO_IRQHandler
                0x080026e4       0x10 CMakeFiles/WM8960-TEST.elf.dir/Core/Src/stm32f1xx_it.obj
                0x080026e4                SDIO_IRQHandler
 .text.DMA1_Channel4_IRQHandler
                0x080026f4       0x10 CMakeFiles/WM8960-TEST.elf.dir/Core/Src/stm32f1xx_it.obj
                0x080026f4                DMA1_Channel4_IRQHandler
 .text._getpid  0x08002704        0x4 CMakeFiles/WM8960-TEST.elf.dir/Core/Src/syscalls.obj
                0x08002704                _getpid
 .text._kill    0x08002708       0x10 CMakeFiles/WM8960-TEST.elf.dir/Core/Src/syscalls.obj
                0x08002708                _kill
 .text._exit    0x08002718        0xc CMakeFiles/WM8960-TEST.elf.dir/Core/Src/syscalls.obj
                0x08002718                _exit
 .text._read    0x08002724       0x20 CMakeFiles/WM8960-TEST.elf.dir/Core/Src/syscalls.obj
                0x08002724                _read
 .text._close   0x08002744        0x6 CMakeFiles/WM8960-TEST.elf.dir/Core/Src/syscalls.obj
                0x08002744                _close
 .text._fstat   0x0800274a        0xa CMakeFiles/WM8960-TEST.elf.dir/Core/Src/syscalls.obj
                0x0800274a                _fstat
 .text._isatty  0x08002754        0x4 CMakeFiles/WM8960-TEST.elf.dir/Core/Src/syscalls.obj
                0x08002754                _isatty
 .text._lseek   0x08002758        0x4 CMakeFiles/WM8960-TEST.elf.dir/Core/Src/syscalls.obj
                0x08002758                _lseek
 .text._sbrk    0x0800275c       0x48 CMakeFiles/WM8960-TEST.elf.dir/Core/Src/sysmem.obj
                0x0800275c                _sbrk
 .text.SystemInit
                0x080027a4        0x2 CMakeFiles/WM8960-TEST.elf.dir/Core/Src/system_stm32f1xx.obj
                0x080027a4                SystemInit
 *fill*         0x080027a6        0x2 
 .text.MX_USART1_UART_Init
                0x080027a8       0x34 CMakeFiles/WM8960-TEST.elf.dir/Core/Src/usart.obj
                0x080027a8                MX_USART1_UART_Init
 .text.HAL_UART_MspInit
                0x080027dc       0x78 CMakeFiles/WM8960-TEST.elf.dir/Core/Src/usart.obj
                0x080027dc                HAL_UART_MspInit
 .text.Reset_Handler
                0x08002854       0x48 CMakeFiles/WM8960-TEST.elf.dir/Core/Startup/startup_stm32f103vetx.obj
                0x08002854                Reset_Handler
 .text.Default_Handler
                0x0800289c        0x2 CMakeFiles/WM8960-TEST.elf.dir/Core/Startup/startup_stm32f103vetx.obj
                0x0800289c                RTC_Alarm_IRQHandler
                0x0800289c                EXTI2_IRQHandler
                0x0800289c                TIM8_TRG_COM_IRQHandler
                0x0800289c                TIM8_CC_IRQHandler
                0x0800289c                TIM1_CC_IRQHandler
                0x0800289c                TIM6_IRQHandler
                0x0800289c                PVD_IRQHandler
                0x0800289c                EXTI3_IRQHandler
                0x0800289c                EXTI0_IRQHandler
                0x0800289c                I2C2_EV_IRQHandler
                0x0800289c                ADC1_2_IRQHandler
                0x0800289c                SPI1_IRQHandler
                0x0800289c                TAMPER_IRQHandler
                0x0800289c                TIM8_UP_IRQHandler
                0x0800289c                DMA2_Channel2_IRQHandler
                0x0800289c                USART3_IRQHandler
                0x0800289c                RTC_IRQHandler
                0x0800289c                DMA1_Channel7_IRQHandler
                0x0800289c                CAN1_RX1_IRQHandler
                0x0800289c                UART5_IRQHandler
                0x0800289c                ADC3_IRQHandler
                0x0800289c                TIM4_IRQHandler
                0x0800289c                DMA2_Channel1_IRQHandler
                0x0800289c                I2C1_EV_IRQHandler
                0x0800289c                DMA1_Channel6_IRQHandler
                0x0800289c                UART4_IRQHandler
                0x0800289c                TIM3_IRQHandler
                0x0800289c                RCC_IRQHandler
                0x0800289c                TIM1_TRG_COM_IRQHandler
                0x0800289c                DMA1_Channel1_IRQHandler
                0x0800289c                Default_Handler
                0x0800289c                EXTI15_10_IRQHandler
                0x0800289c                TIM7_IRQHandler
                0x0800289c                TIM5_IRQHandler
                0x0800289c                EXTI9_5_IRQHandler
                0x0800289c                SPI2_IRQHandler
                0x0800289c                EXTI4_IRQHandler
                0x0800289c                USB_HP_CAN1_TX_IRQHandler
                0x0800289c                DMA1_Channel3_IRQHandler
                0x0800289c                FSMC_IRQHandler
                0x0800289c                WWDG_IRQHandler
                0x0800289c                TIM2_IRQHandler
                0x0800289c                TIM1_BRK_IRQHandler
                0x0800289c                EXTI1_IRQHandler
                0x0800289c                DMA2_Channel4_5_IRQHandler
                0x0800289c                USART2_IRQHandler
                0x0800289c                I2C2_ER_IRQHandler
                0x0800289c                DMA1_Channel2_IRQHandler
                0x0800289c                TIM8_BRK_IRQHandler
                0x0800289c                CAN1_SCE_IRQHandler
                0x0800289c                FLASH_IRQHandler
                0x0800289c                USART1_IRQHandler
                0x0800289c                SPI3_IRQHandler
                0x0800289c                I2C1_ER_IRQHandler
                0x0800289c                USBWakeUp_IRQHandler
                0x0800289c                DMA2_Channel3_IRQHandler
 *fill*         0x0800289e        0x2 
 .text.HAL_Init
                0x080028a0       0x24 CMakeFiles/WM8960-TEST.elf.dir/Drivers/STM32F1xx_HAL_Driver/Src/stm32f1xx_hal.obj
                0x080028a0                HAL_Init
 .text.HAL_IncTick
                0x080028c4       0x18 CMakeFiles/WM8960-TEST.elf.dir/Drivers/STM32F1xx_HAL_Driver/Src/stm32f1xx_hal.obj
                0x080028c4                HAL_IncTick
 .text.HAL_GetTick
                0x080028dc        0xc CMakeFiles/WM8960-TEST.elf.dir/Drivers/STM32F1xx_HAL_Driver/Src/stm32f1xx_hal.obj
                0x080028dc                HAL_GetTick
 .text.HAL_Delay
                0x080028e8       0x28 CMakeFiles/WM8960-TEST.elf.dir/Drivers/STM32F1xx_HAL_Driver/Src/stm32f1xx_hal.obj
                0x080028e8                HAL_Delay
 .text.__NVIC_SetPriority
                0x08002910       0x28 CMakeFiles/WM8960-TEST.elf.dir/Drivers/STM32F1xx_HAL_Driver/Src/stm32f1xx_hal_cortex.obj
 .text.NVIC_EncodePriority
                0x08002938       0x3e CMakeFiles/WM8960-TEST.elf.dir/Drivers/STM32F1xx_HAL_Driver/Src/stm32f1xx_hal_cortex.obj
 *fill*         0x08002976        0x2 
 .text.HAL_NVIC_SetPriorityGrouping
                0x08002978       0x24 CMakeFiles/WM8960-TEST.elf.dir/Drivers/STM32F1xx_HAL_Driver/Src/stm32f1xx_hal_cortex.obj
                0x08002978                HAL_NVIC_SetPriorityGrouping
 .text.HAL_NVIC_SetPriority
                0x0800299c       0x20 CMakeFiles/WM8960-TEST.elf.dir/Drivers/STM32F1xx_HAL_Driver/Src/stm32f1xx_hal_cortex.obj
                0x0800299c                HAL_NVIC_SetPriority
 .text.HAL_NVIC_EnableIRQ
                0x080029bc       0x1c CMakeFiles/WM8960-TEST.elf.dir/Drivers/STM32F1xx_HAL_Driver/Src/stm32f1xx_hal_cortex.obj
                0x080029bc                HAL_NVIC_EnableIRQ
 .text.DMA_SetConfig
                0x080029d8       0x2c CMakeFiles/WM8960-TEST.elf.dir/Drivers/STM32F1xx_HAL_Driver/Src/stm32f1xx_hal_dma.obj
 .text.HAL_DMA_Init
                0x08002a04       0x98 CMakeFiles/WM8960-TEST.elf.dir/Drivers/STM32F1xx_HAL_Driver/Src/stm32f1xx_hal_dma.obj
                0x08002a04                HAL_DMA_Init
 .text.HAL_DMA_Start_IT
                0x08002a9c       0x76 CMakeFiles/WM8960-TEST.elf.dir/Drivers/STM32F1xx_HAL_Driver/Src/stm32f1xx_hal_dma.obj
                0x08002a9c                HAL_DMA_Start_IT
 .text.HAL_DMA_Abort
                0x08002b12       0x46 CMakeFiles/WM8960-TEST.elf.dir/Drivers/STM32F1xx_HAL_Driver/Src/stm32f1xx_hal_dma.obj
                0x08002b12                HAL_DMA_Abort
 .text.HAL_DMA_Abort_IT
                0x08002b58      0x16c CMakeFiles/WM8960-TEST.elf.dir/Drivers/STM32F1xx_HAL_Driver/Src/stm32f1xx_hal_dma.obj
                0x08002b58                HAL_DMA_Abort_IT
 .text.HAL_DMA_IRQHandler
                0x08002cc4      0x2ec CMakeFiles/WM8960-TEST.elf.dir/Drivers/STM32F1xx_HAL_Driver/Src/stm32f1xx_hal_dma.obj
                0x08002cc4                HAL_DMA_IRQHandler
 .text.HAL_GPIO_Init
                0x08002fb0      0x238 CMakeFiles/WM8960-TEST.elf.dir/Drivers/STM32F1xx_HAL_Driver/Src/stm32f1xx_hal_gpio.obj
                0x08002fb0                HAL_GPIO_Init
 .text.HAL_GPIO_WritePin
                0x080031e8        0xc CMakeFiles/WM8960-TEST.elf.dir/Drivers/STM32F1xx_HAL_Driver/Src/stm32f1xx_hal_gpio.obj
                0x080031e8                HAL_GPIO_WritePin
 .text.I2S_WaitFlagStateUntilTimeout
                0x080031f4       0x50 CMakeFiles/WM8960-TEST.elf.dir/Drivers/STM32F1xx_HAL_Driver/Src/stm32f1xx_hal_i2s.obj
 .text.HAL_I2S_Init
                0x08003244      0x12c CMakeFiles/WM8960-TEST.elf.dir/Drivers/STM32F1xx_HAL_Driver/Src/stm32f1xx_hal_i2s.obj
                0x08003244                HAL_I2S_Init
 .text.HAL_I2S_Transmit
                0x08003370      0x154 CMakeFiles/WM8960-TEST.elf.dir/Drivers/STM32F1xx_HAL_Driver/Src/stm32f1xx_hal_i2s.obj
                0x08003370                HAL_I2S_Transmit
 .text.HAL_I2S_Transmit_DMA
                0x080034c4       0xdc CMakeFiles/WM8960-TEST.elf.dir/Drivers/STM32F1xx_HAL_Driver/Src/stm32f1xx_hal_i2s.obj
                0x080034c4                HAL_I2S_Transmit_DMA
 .text.HAL_I2S_Receive_DMA
                0x080035a0       0xfc CMakeFiles/WM8960-TEST.elf.dir/Drivers/STM32F1xx_HAL_Driver/Src/stm32f1xx_hal_i2s.obj
                0x080035a0                HAL_I2S_Receive_DMA
 .text.HAL_I2S_DMAPause
                0x0800369c       0x4a CMakeFiles/WM8960-TEST.elf.dir/Drivers/STM32F1xx_HAL_Driver/Src/stm32f1xx_hal_i2s.obj
                0x0800369c                HAL_I2S_DMAPause
 .text.HAL_I2S_DMAResume
                0x080036e6       0x5c CMakeFiles/WM8960-TEST.elf.dir/Drivers/STM32F1xx_HAL_Driver/Src/stm32f1xx_hal_i2s.obj
                0x080036e6                HAL_I2S_DMAResume
 .text.HAL_I2S_DMAStop
                0x08003742       0xf8 CMakeFiles/WM8960-TEST.elf.dir/Drivers/STM32F1xx_HAL_Driver/Src/stm32f1xx_hal_i2s.obj
                0x08003742                HAL_I2S_DMAStop
 .text.I2S_DMATxHalfCplt
                0x0800383a        0xa CMakeFiles/WM8960-TEST.elf.dir/Drivers/STM32F1xx_HAL_Driver/Src/stm32f1xx_hal_i2s.obj
 .text.I2S_DMATxCplt
                0x08003844       0x24 CMakeFiles/WM8960-TEST.elf.dir/Drivers/STM32F1xx_HAL_Driver/Src/stm32f1xx_hal_i2s.obj
 .text.I2S_DMARxHalfCplt
                0x08003868        0xa CMakeFiles/WM8960-TEST.elf.dir/Drivers/STM32F1xx_HAL_Driver/Src/stm32f1xx_hal_i2s.obj
 .text.I2S_DMARxCplt
                0x08003872       0x24 CMakeFiles/WM8960-TEST.elf.dir/Drivers/STM32F1xx_HAL_Driver/Src/stm32f1xx_hal_i2s.obj
 .text.HAL_I2S_ErrorCallback
                0x08003896        0x2 CMakeFiles/WM8960-TEST.elf.dir/Drivers/STM32F1xx_HAL_Driver/Src/stm32f1xx_hal_i2s.obj
                0x08003896                HAL_I2S_ErrorCallback
 .text.I2S_DMAError
                0x08003898       0x28 CMakeFiles/WM8960-TEST.elf.dir/Drivers/STM32F1xx_HAL_Driver/Src/stm32f1xx_hal_i2s.obj
 .text.HAL_PCD_EP_DB_Receive
                0x080038c0      0x11c CMakeFiles/WM8960-TEST.elf.dir/Drivers/STM32F1xx_HAL_Driver/Src/stm32f1xx_hal_pcd.obj
 .text.HAL_PCD_Init
                0x080039dc      0x110 CMakeFiles/WM8960-TEST.elf.dir/Drivers/STM32F1xx_HAL_Driver/Src/stm32f1xx_hal_pcd.obj
                0x080039dc                HAL_PCD_Init
 .text.HAL_PCD_Start
                0x08003aec       0x32 CMakeFiles/WM8960-TEST.elf.dir/Drivers/STM32F1xx_HAL_Driver/Src/stm32f1xx_hal_pcd.obj
                0x08003aec                HAL_PCD_Start
 .text.HAL_PCD_EP_DB_Transmit
                0x08003b1e      0x424 CMakeFiles/WM8960-TEST.elf.dir/Drivers/STM32F1xx_HAL_Driver/Src/stm32f1xx_hal_pcd.obj
 .text.PCD_EP_ISR_Handler
                0x08003f42      0x53e CMakeFiles/WM8960-TEST.elf.dir/Drivers/STM32F1xx_HAL_Driver/Src/stm32f1xx_hal_pcd.obj
 .text.HAL_PCD_SetAddress
                0x08004480       0x28 CMakeFiles/WM8960-TEST.elf.dir/Drivers/STM32F1xx_HAL_Driver/Src/stm32f1xx_hal_pcd.obj
                0x08004480                HAL_PCD_SetAddress
 .text.HAL_PCD_IRQHandler
                0x080044a8      0x1b0 CMakeFiles/WM8960-TEST.elf.dir/Drivers/STM32F1xx_HAL_Driver/Src/stm32f1xx_hal_pcd.obj
                0x080044a8                HAL_PCD_IRQHandler
 .text.HAL_PCD_EP_Open
                0x08004658       0x7c CMakeFiles/WM8960-TEST.elf.dir/Drivers/STM32F1xx_HAL_Driver/Src/stm32f1xx_hal_pcd.obj
                0x08004658                HAL_PCD_EP_Open
 .text.HAL_PCD_EP_Close
                0x080046d4       0x64 CMakeFiles/WM8960-TEST.elf.dir/Drivers/STM32F1xx_HAL_Driver/Src/stm32f1xx_hal_pcd.obj
                0x080046d4                HAL_PCD_EP_Close
 .text.HAL_PCD_EP_Receive
                0x08004738       0x3a CMakeFiles/WM8960-TEST.elf.dir/Drivers/STM32F1xx_HAL_Driver/Src/stm32f1xx_hal_pcd.obj
                0x08004738                HAL_PCD_EP_Receive
 .text.HAL_PCD_EP_GetRxCount
                0x08004772       0x12 CMakeFiles/WM8960-TEST.elf.dir/Drivers/STM32F1xx_HAL_Driver/Src/stm32f1xx_hal_pcd.obj
                0x08004772                HAL_PCD_EP_GetRxCount
 .text.HAL_PCD_EP_Transmit
                0x08004784       0x44 CMakeFiles/WM8960-TEST.elf.dir/Drivers/STM32F1xx_HAL_Driver/Src/stm32f1xx_hal_pcd.obj
                0x08004784                HAL_PCD_EP_Transmit
 .text.HAL_PCD_EP_SetStall
                0x080047c8       0x78 CMakeFiles/WM8960-TEST.elf.dir/Drivers/STM32F1xx_HAL_Driver/Src/stm32f1xx_hal_pcd.obj
                0x080047c8                HAL_PCD_EP_SetStall
 .text.HAL_PCD_EP_ClrStall
                0x08004840       0x76 CMakeFiles/WM8960-TEST.elf.dir/Drivers/STM32F1xx_HAL_Driver/Src/stm32f1xx_hal_pcd.obj
                0x08004840                HAL_PCD_EP_ClrStall
 .text.HAL_PCD_EP_Flush
                0x080048b6       0x36 CMakeFiles/WM8960-TEST.elf.dir/Drivers/STM32F1xx_HAL_Driver/Src/stm32f1xx_hal_pcd.obj
                0x080048b6                HAL_PCD_EP_Flush
 .text.HAL_PCDEx_PMAConfig
                0x080048ec       0x38 CMakeFiles/WM8960-TEST.elf.dir/Drivers/STM32F1xx_HAL_Driver/Src/stm32f1xx_hal_pcd_ex.obj
                0x080048ec                HAL_PCDEx_PMAConfig
 .text.RCC_Delay
                0x08004924       0x2c CMakeFiles/WM8960-TEST.elf.dir/Drivers/STM32F1xx_HAL_Driver/Src/stm32f1xx_hal_rcc.obj
 .text.HAL_RCC_OscConfig
                0x08004950      0x410 CMakeFiles/WM8960-TEST.elf.dir/Drivers/STM32F1xx_HAL_Driver/Src/stm32f1xx_hal_rcc.obj
                0x08004950                HAL_RCC_OscConfig
 .text.HAL_RCC_GetSysClockFreq
                0x08004d60       0x54 CMakeFiles/WM8960-TEST.elf.dir/Drivers/STM32F1xx_HAL_Driver/Src/stm32f1xx_hal_rcc.obj
                0x08004d60                HAL_RCC_GetSysClockFreq
 .text.HAL_RCC_ClockConfig
                0x08004db4      0x16c CMakeFiles/WM8960-TEST.elf.dir/Drivers/STM32F1xx_HAL_Driver/Src/stm32f1xx_hal_rcc.obj
                0x08004db4                HAL_RCC_ClockConfig
 .text.HAL_RCC_GetHCLKFreq
                0x08004f20        0xc CMakeFiles/WM8960-TEST.elf.dir/Drivers/STM32F1xx_HAL_Driver/Src/stm32f1xx_hal_rcc.obj
                0x08004f20                HAL_RCC_GetHCLKFreq
 .text.HAL_RCC_GetPCLK1Freq
                0x08004f2c       0x20 CMakeFiles/WM8960-TEST.elf.dir/Drivers/STM32F1xx_HAL_Driver/Src/stm32f1xx_hal_rcc.obj
                0x08004f2c                HAL_RCC_GetPCLK1Freq
 .text.HAL_RCC_GetPCLK2Freq
                0x08004f4c       0x20 CMakeFiles/WM8960-TEST.elf.dir/Drivers/STM32F1xx_HAL_Driver/Src/stm32f1xx_hal_rcc.obj
                0x08004f4c                HAL_RCC_GetPCLK2Freq
 .text.HAL_RCC_GetClockConfig
                0x08004f6c       0x3c CMakeFiles/WM8960-TEST.elf.dir/Drivers/STM32F1xx_HAL_Driver/Src/stm32f1xx_hal_rcc.obj
                0x08004f6c                HAL_RCC_GetClockConfig
 .text.HAL_RCCEx_PeriphCLKConfig
                0x08004fa8      0x118 CMakeFiles/WM8960-TEST.elf.dir/Drivers/STM32F1xx_HAL_Driver/Src/stm32f1xx_hal_rcc_ex.obj
                0x08004fa8                HAL_RCCEx_PeriphCLKConfig
 .text.HAL_RCCEx_GetPeriphCLKFreq
                0x080050c0       0xf4 CMakeFiles/WM8960-TEST.elf.dir/Drivers/STM32F1xx_HAL_Driver/Src/stm32f1xx_hal_rcc_ex.obj
                0x080050c0                HAL_RCCEx_GetPeriphCLKFreq
 .text.SD_PowerON
                0x080051b4       0xc0 CMakeFiles/WM8960-TEST.elf.dir/Drivers/STM32F1xx_HAL_Driver/Src/stm32f1xx_hal_sd.obj
 .text.SD_Read_IT
                0x08005274       0x38 CMakeFiles/WM8960-TEST.elf.dir/Drivers/STM32F1xx_HAL_Driver/Src/stm32f1xx_hal_sd.obj
 .text.SD_Write_IT
                0x080052ac       0x48 CMakeFiles/WM8960-TEST.elf.dir/Drivers/STM32F1xx_HAL_Driver/Src/stm32f1xx_hal_sd.obj
 .text.SD_FindSCR
                0x080052f4      0x100 CMakeFiles/WM8960-TEST.elf.dir/Drivers/STM32F1xx_HAL_Driver/Src/stm32f1xx_hal_sd.obj
 .text.SD_WideBus_Enable
                0x080053f4       0x4e CMakeFiles/WM8960-TEST.elf.dir/Drivers/STM32F1xx_HAL_Driver/Src/stm32f1xx_hal_sd.obj
 .text.SD_WideBus_Disable
                0x08005442       0x4e CMakeFiles/WM8960-TEST.elf.dir/Drivers/STM32F1xx_HAL_Driver/Src/stm32f1xx_hal_sd.obj
 .text.SD_SendStatus
                0x08005490       0x2c CMakeFiles/WM8960-TEST.elf.dir/Drivers/STM32F1xx_HAL_Driver/Src/stm32f1xx_hal_sd.obj
 .text.HAL_SD_ReadBlocks
                0x080054bc      0x248 CMakeFiles/WM8960-TEST.elf.dir/Drivers/STM32F1xx_HAL_Driver/Src/stm32f1xx_hal_sd.obj
                0x080054bc                HAL_SD_ReadBlocks
 .text.HAL_SD_WriteBlocks
                0x08005704      0x204 CMakeFiles/WM8960-TEST.elf.dir/Drivers/STM32F1xx_HAL_Driver/Src/stm32f1xx_hal_sd.obj
                0x08005704                HAL_SD_WriteBlocks
 .text.HAL_SD_GetState
                0x08005908        0x6 CMakeFiles/WM8960-TEST.elf.dir/Drivers/STM32F1xx_HAL_Driver/Src/stm32f1xx_hal_sd.obj
                0x08005908                HAL_SD_GetState
 .text.HAL_SD_ErrorCallback
                0x0800590e        0x2 CMakeFiles/WM8960-TEST.elf.dir/Drivers/STM32F1xx_HAL_Driver/Src/stm32f1xx_hal_sd.obj
                0x0800590e                HAL_SD_ErrorCallback
 .text.HAL_SD_GetCardCSD
                0x08005910      0x1b8 CMakeFiles/WM8960-TEST.elf.dir/Drivers/STM32F1xx_HAL_Driver/Src/stm32f1xx_hal_sd.obj
                0x08005910                HAL_SD_GetCardCSD
 .text.SD_InitCard
                0x08005ac8      0x100 CMakeFiles/WM8960-TEST.elf.dir/Drivers/STM32F1xx_HAL_Driver/Src/stm32f1xx_hal_sd.obj
 .text.HAL_SD_InitCard
                0x08005bc8       0xa8 CMakeFiles/WM8960-TEST.elf.dir/Drivers/STM32F1xx_HAL_Driver/Src/stm32f1xx_hal_sd.obj
                0x08005bc8                HAL_SD_InitCard
 .text.HAL_SD_Init
                0x08005c70       0x36 CMakeFiles/WM8960-TEST.elf.dir/Drivers/STM32F1xx_HAL_Driver/Src/stm32f1xx_hal_sd.obj
                0x08005c70                HAL_SD_Init
 .text.HAL_SD_GetCardInfo
                0x08005ca6       0x24 CMakeFiles/WM8960-TEST.elf.dir/Drivers/STM32F1xx_HAL_Driver/Src/stm32f1xx_hal_sd.obj
                0x08005ca6                HAL_SD_GetCardInfo
 *fill*         0x08005cca        0x2 
 .text.HAL_SD_ConfigWideBusOperation
                0x08005ccc       0xc0 CMakeFiles/WM8960-TEST.elf.dir/Drivers/STM32F1xx_HAL_Driver/Src/stm32f1xx_hal_sd.obj
                0x08005ccc                HAL_SD_ConfigWideBusOperation
 .text.HAL_SD_GetCardState
                0x08005d8c       0x22 CMakeFiles/WM8960-TEST.elf.dir/Drivers/STM32F1xx_HAL_Driver/Src/stm32f1xx_hal_sd.obj
                0x08005d8c                HAL_SD_GetCardState
 .text.SD_DMATxAbort
                0x08005dae       0x44 CMakeFiles/WM8960-TEST.elf.dir/Drivers/STM32F1xx_HAL_Driver/Src/stm32f1xx_hal_sd.obj
 .text.SD_DMARxAbort
                0x08005df2       0x44 CMakeFiles/WM8960-TEST.elf.dir/Drivers/STM32F1xx_HAL_Driver/Src/stm32f1xx_hal_sd.obj
 *fill*         0x08005e36        0x2 
 .text.HAL_SD_IRQHandler
                0x08005e38      0x1cc CMakeFiles/WM8960-TEST.elf.dir/Drivers/STM32F1xx_HAL_Driver/Src/stm32f1xx_hal_sd.obj
                0x08005e38                HAL_SD_IRQHandler
 .text.HAL_TIM_Base_MspInit
                0x08006004        0x2 CMakeFiles/WM8960-TEST.elf.dir/Drivers/STM32F1xx_HAL_Driver/Src/stm32f1xx_hal_tim.obj
                0x08006004                HAL_TIM_Base_MspInit
 *fill*         0x08006006        0x2 
 .text.HAL_TIM_Base_Start_IT
                0x08006008       0x78 CMakeFiles/WM8960-TEST.elf.dir/Drivers/STM32F1xx_HAL_Driver/Src/stm32f1xx_hal_tim.obj
                0x08006008                HAL_TIM_Base_Start_IT
 .text.HAL_TIM_OC_DelayElapsedCallback
                0x08006080        0x2 CMakeFiles/WM8960-TEST.elf.dir/Drivers/STM32F1xx_HAL_Driver/Src/stm32f1xx_hal_tim.obj
                0x08006080                HAL_TIM_OC_DelayElapsedCallback
 .text.HAL_TIM_IC_CaptureCallback
                0x08006082        0x2 CMakeFiles/WM8960-TEST.elf.dir/Drivers/STM32F1xx_HAL_Driver/Src/stm32f1xx_hal_tim.obj
                0x08006082                HAL_TIM_IC_CaptureCallback
 .text.HAL_TIM_PWM_PulseFinishedCallback
                0x08006084        0x2 CMakeFiles/WM8960-TEST.elf.dir/Drivers/STM32F1xx_HAL_Driver/Src/stm32f1xx_hal_tim.obj
                0x08006084                HAL_TIM_PWM_PulseFinishedCallback
 .text.HAL_TIM_TriggerCallback
                0x08006086        0x2 CMakeFiles/WM8960-TEST.elf.dir/Drivers/STM32F1xx_HAL_Driver/Src/stm32f1xx_hal_tim.obj
                0x08006086                HAL_TIM_TriggerCallback
 .text.HAL_TIM_IRQHandler
                0x08006088      0x17a CMakeFiles/WM8960-TEST.elf.dir/Drivers/STM32F1xx_HAL_Driver/Src/stm32f1xx_hal_tim.obj
                0x08006088                HAL_TIM_IRQHandler
 *fill*         0x08006202        0x2 
 .text.TIM_Base_SetConfig
                0x08006204       0x98 CMakeFiles/WM8960-TEST.elf.dir/Drivers/STM32F1xx_HAL_Driver/Src/stm32f1xx_hal_tim.obj
                0x08006204                TIM_Base_SetConfig
 .text.HAL_TIM_Base_Init
                0x0800629c       0x58 CMakeFiles/WM8960-TEST.elf.dir/Drivers/STM32F1xx_HAL_Driver/Src/stm32f1xx_hal_tim.obj
                0x0800629c                HAL_TIM_Base_Init
 .text.HAL_TIMEx_CommutCallback
                0x080062f4        0x2 CMakeFiles/WM8960-TEST.elf.dir/Drivers/STM32F1xx_HAL_Driver/Src/stm32f1xx_hal_tim_ex.obj
                0x080062f4                HAL_TIMEx_CommutCallback
 .text.HAL_TIMEx_BreakCallback
                0x080062f6        0x2 CMakeFiles/WM8960-TEST.elf.dir/Drivers/STM32F1xx_HAL_Driver/Src/stm32f1xx_hal_tim_ex.obj
                0x080062f6                HAL_TIMEx_BreakCallback
 .text.UART_SetConfig
                0x080062f8       0x94 CMakeFiles/WM8960-TEST.elf.dir/Drivers/STM32F1xx_HAL_Driver/Src/stm32f1xx_hal_uart.obj
 .text.UART_WaitOnFlagUntilTimeout
                0x0800638c       0x84 CMakeFiles/WM8960-TEST.elf.dir/Drivers/STM32F1xx_HAL_Driver/Src/stm32f1xx_hal_uart.obj
 .text.HAL_UART_Init
                0x08006410       0x60 CMakeFiles/WM8960-TEST.elf.dir/Drivers/STM32F1xx_HAL_Driver/Src/stm32f1xx_hal_uart.obj
                0x08006410                HAL_UART_Init
 .text.HAL_UART_Transmit
                0x08006470       0xbe CMakeFiles/WM8960-TEST.elf.dir/Drivers/STM32F1xx_HAL_Driver/Src/stm32f1xx_hal_uart.obj
                0x08006470                HAL_UART_Transmit
 *fill*         0x0800652e        0x2 
 .text.SDMMC_GetCmdError
                0x08006530       0x38 CMakeFiles/WM8960-TEST.elf.dir/Drivers/STM32F1xx_HAL_Driver/Src/stm32f1xx_ll_sdmmc.obj
 .text.SDIO_Init
                0x08006568       0x32 CMakeFiles/WM8960-TEST.elf.dir/Drivers/STM32F1xx_HAL_Driver/Src/stm32f1xx_ll_sdmmc.obj
                0x08006568                SDIO_Init
 .text.SDIO_ReadFIFO
                0x0800659a        0x6 CMakeFiles/WM8960-TEST.elf.dir/Drivers/STM32F1xx_HAL_Driver/Src/stm32f1xx_ll_sdmmc.obj
                0x0800659a                SDIO_ReadFIFO
 .text.SDIO_WriteFIFO
                0x080065a0        0xa CMakeFiles/WM8960-TEST.elf.dir/Drivers/STM32F1xx_HAL_Driver/Src/stm32f1xx_ll_sdmmc.obj
                0x080065a0                SDIO_WriteFIFO
 .text.SDIO_PowerState_ON
                0x080065aa        0x8 CMakeFiles/WM8960-TEST.elf.dir/Drivers/STM32F1xx_HAL_Driver/Src/stm32f1xx_ll_sdmmc.obj
                0x080065aa                SDIO_PowerState_ON
 .text.SDIO_GetPowerState
                0x080065b2        0x8 CMakeFiles/WM8960-TEST.elf.dir/Drivers/STM32F1xx_HAL_Driver/Src/stm32f1xx_ll_sdmmc.obj
                0x080065b2                SDIO_GetPowerState
 .text.SDIO_SendCommand
                0x080065ba       0x24 CMakeFiles/WM8960-TEST.elf.dir/Drivers/STM32F1xx_HAL_Driver/Src/stm32f1xx_ll_sdmmc.obj
                0x080065ba                SDIO_SendCommand
 .text.SDIO_GetCommandResponse
                0x080065de        0x6 CMakeFiles/WM8960-TEST.elf.dir/Drivers/STM32F1xx_HAL_Driver/Src/stm32f1xx_ll_sdmmc.obj
                0x080065de                SDIO_GetCommandResponse
 .text.SDIO_GetResponse
                0x080065e4        0x6 CMakeFiles/WM8960-TEST.elf.dir/Drivers/STM32F1xx_HAL_Driver/Src/stm32f1xx_ll_sdmmc.obj
                0x080065e4                SDIO_GetResponse
 .text.SDIO_ConfigData
                0x080065ea       0x24 CMakeFiles/WM8960-TEST.elf.dir/Drivers/STM32F1xx_HAL_Driver/Src/stm32f1xx_ll_sdmmc.obj
                0x080065ea                SDIO_ConfigData
 .text.SDMMC_CmdGoIdleState
                0x0800660e       0x26 CMakeFiles/WM8960-TEST.elf.dir/Drivers/STM32F1xx_HAL_Driver/Src/stm32f1xx_ll_sdmmc.obj
                0x0800660e                SDMMC_CmdGoIdleState
 .text.SDMMC_GetCmdResp1
                0x08006634      0x154 CMakeFiles/WM8960-TEST.elf.dir/Drivers/STM32F1xx_HAL_Driver/Src/stm32f1xx_ll_sdmmc.obj
                0x08006634                SDMMC_GetCmdResp1
 .text.SDMMC_CmdBlockLength
                0x08006788       0x30 CMakeFiles/WM8960-TEST.elf.dir/Drivers/STM32F1xx_HAL_Driver/Src/stm32f1xx_ll_sdmmc.obj
                0x08006788                SDMMC_CmdBlockLength
 .text.SDMMC_CmdReadSingleBlock
                0x080067b8       0x30 CMakeFiles/WM8960-TEST.elf.dir/Drivers/STM32F1xx_HAL_Driver/Src/stm32f1xx_ll_sdmmc.obj
                0x080067b8                SDMMC_CmdReadSingleBlock
 .text.SDMMC_CmdReadMultiBlock
                0x080067e8       0x30 CMakeFiles/WM8960-TEST.elf.dir/Drivers/STM32F1xx_HAL_Driver/Src/stm32f1xx_ll_sdmmc.obj
                0x080067e8                SDMMC_CmdReadMultiBlock
 .text.SDMMC_CmdWriteSingleBlock
                0x08006818       0x30 CMakeFiles/WM8960-TEST.elf.dir/Drivers/STM32F1xx_HAL_Driver/Src/stm32f1xx_ll_sdmmc.obj
                0x08006818                SDMMC_CmdWriteSingleBlock
 .text.SDMMC_CmdWriteMultiBlock
                0x08006848       0x30 CMakeFiles/WM8960-TEST.elf.dir/Drivers/STM32F1xx_HAL_Driver/Src/stm32f1xx_ll_sdmmc.obj
                0x08006848                SDMMC_CmdWriteMultiBlock
 .text.SDMMC_CmdStopTransfer
                0x08006878       0x34 CMakeFiles/WM8960-TEST.elf.dir/Drivers/STM32F1xx_HAL_Driver/Src/stm32f1xx_ll_sdmmc.obj
                0x08006878                SDMMC_CmdStopTransfer
 .text.SDMMC_CmdSelDesel
                0x080068ac       0x30 CMakeFiles/WM8960-TEST.elf.dir/Drivers/STM32F1xx_HAL_Driver/Src/stm32f1xx_ll_sdmmc.obj
                0x080068ac                SDMMC_CmdSelDesel
 .text.SDMMC_CmdAppCommand
                0x080068dc       0x30 CMakeFiles/WM8960-TEST.elf.dir/Drivers/STM32F1xx_HAL_Driver/Src/stm32f1xx_ll_sdmmc.obj
                0x080068dc                SDMMC_CmdAppCommand
 .text.SDMMC_CmdBusWidth
                0x0800690c       0x30 CMakeFiles/WM8960-TEST.elf.dir/Drivers/STM32F1xx_HAL_Driver/Src/stm32f1xx_ll_sdmmc.obj
                0x0800690c                SDMMC_CmdBusWidth
 .text.SDMMC_CmdSendSCR
                0x0800693c       0x30 CMakeFiles/WM8960-TEST.elf.dir/Drivers/STM32F1xx_HAL_Driver/Src/stm32f1xx_ll_sdmmc.obj
                0x0800693c                SDMMC_CmdSendSCR
 .text.SDMMC_CmdSendStatus
                0x0800696c       0x30 CMakeFiles/WM8960-TEST.elf.dir/Drivers/STM32F1xx_HAL_Driver/Src/stm32f1xx_ll_sdmmc.obj
                0x0800696c                SDMMC_CmdSendStatus
 .text.SDMMC_GetCmdResp2
                0x0800699c       0x5c CMakeFiles/WM8960-TEST.elf.dir/Drivers/STM32F1xx_HAL_Driver/Src/stm32f1xx_ll_sdmmc.obj
                0x0800699c                SDMMC_GetCmdResp2
 .text.SDMMC_CmdSendCID
                0x080069f8       0x2a CMakeFiles/WM8960-TEST.elf.dir/Drivers/STM32F1xx_HAL_Driver/Src/stm32f1xx_ll_sdmmc.obj
                0x080069f8                SDMMC_CmdSendCID
 .text.SDMMC_CmdSendCSD
                0x08006a22       0x2a CMakeFiles/WM8960-TEST.elf.dir/Drivers/STM32F1xx_HAL_Driver/Src/stm32f1xx_ll_sdmmc.obj
                0x08006a22                SDMMC_CmdSendCSD
 .text.SDMMC_GetCmdResp3
                0x08006a4c       0x4c CMakeFiles/WM8960-TEST.elf.dir/Drivers/STM32F1xx_HAL_Driver/Src/stm32f1xx_ll_sdmmc.obj
                0x08006a4c                SDMMC_GetCmdResp3
 .text.SDMMC_CmdAppOperCommand
                0x08006a98       0x32 CMakeFiles/WM8960-TEST.elf.dir/Drivers/STM32F1xx_HAL_Driver/Src/stm32f1xx_ll_sdmmc.obj
                0x08006a98                SDMMC_CmdAppOperCommand
 *fill*         0x08006aca        0x2 
 .text.SDMMC_GetCmdResp6
                0x08006acc       0xa0 CMakeFiles/WM8960-TEST.elf.dir/Drivers/STM32F1xx_HAL_Driver/Src/stm32f1xx_ll_sdmmc.obj
                0x08006acc                SDMMC_GetCmdResp6
 .text.SDMMC_CmdSetRelAdd
                0x08006b6c       0x30 CMakeFiles/WM8960-TEST.elf.dir/Drivers/STM32F1xx_HAL_Driver/Src/stm32f1xx_ll_sdmmc.obj
                0x08006b6c                SDMMC_CmdSetRelAdd
 .text.SDMMC_GetCmdResp7
                0x08006b9c       0x64 CMakeFiles/WM8960-TEST.elf.dir/Drivers/STM32F1xx_HAL_Driver/Src/stm32f1xx_ll_sdmmc.obj
                0x08006b9c                SDMMC_GetCmdResp7
 .text.SDMMC_CmdOperCond
                0x08006c00       0x2e CMakeFiles/WM8960-TEST.elf.dir/Drivers/STM32F1xx_HAL_Driver/Src/stm32f1xx_ll_sdmmc.obj
                0x08006c00                SDMMC_CmdOperCond
 .text.USB_CoreInit
                0x08006c2e        0xe CMakeFiles/WM8960-TEST.elf.dir/Drivers/STM32F1xx_HAL_Driver/Src/stm32f1xx_ll_usb.obj
                0x08006c2e                USB_CoreInit
 .text.USB_EnableGlobalInt
                0x08006c3c       0x12 CMakeFiles/WM8960-TEST.elf.dir/Drivers/STM32F1xx_HAL_Driver/Src/stm32f1xx_ll_usb.obj
                0x08006c3c                USB_EnableGlobalInt
 .text.USB_DisableGlobalInt
                0x08006c4e       0x14 CMakeFiles/WM8960-TEST.elf.dir/Drivers/STM32F1xx_HAL_Driver/Src/stm32f1xx_ll_usb.obj
                0x08006c4e                USB_DisableGlobalInt
 .text.USB_SetCurrentMode
                0x08006c62        0x4 CMakeFiles/WM8960-TEST.elf.dir/Drivers/STM32F1xx_HAL_Driver/Src/stm32f1xx_ll_usb.obj
                0x08006c62                USB_SetCurrentMode
 .text.USB_DevInit
                0x08006c66       0x22 CMakeFiles/WM8960-TEST.elf.dir/Drivers/STM32F1xx_HAL_Driver/Src/stm32f1xx_ll_usb.obj
                0x08006c66                USB_DevInit
 .text.USB_FlushTxFifo
                0x08006c88        0x4 CMakeFiles/WM8960-TEST.elf.dir/Drivers/STM32F1xx_HAL_Driver/Src/stm32f1xx_ll_usb.obj
                0x08006c88                USB_FlushTxFifo
 .text.USB_FlushRxFifo
                0x08006c8c        0x4 CMakeFiles/WM8960-TEST.elf.dir/Drivers/STM32F1xx_HAL_Driver/Src/stm32f1xx_ll_usb.obj
                0x08006c8c                USB_FlushRxFifo
 .text.USB_ActivateEndpoint
                0x08006c90      0x3ca CMakeFiles/WM8960-TEST.elf.dir/Drivers/STM32F1xx_HAL_Driver/Src/stm32f1xx_ll_usb.obj
                0x08006c90                USB_ActivateEndpoint
 .text.USB_DeactivateEndpoint
                0x0800705a      0x1d6 CMakeFiles/WM8960-TEST.elf.dir/Drivers/STM32F1xx_HAL_Driver/Src/stm32f1xx_ll_usb.obj
                0x0800705a                USB_DeactivateEndpoint
 .text.USB_EPSetStall
                0x08007230       0x4a CMakeFiles/WM8960-TEST.elf.dir/Drivers/STM32F1xx_HAL_Driver/Src/stm32f1xx_ll_usb.obj
                0x08007230                USB_EPSetStall
 .text.USB_EPClearStall
                0x0800727a       0xa2 CMakeFiles/WM8960-TEST.elf.dir/Drivers/STM32F1xx_HAL_Driver/Src/stm32f1xx_ll_usb.obj
                0x0800727a                USB_EPClearStall
 .text.USB_SetDevAddress
                0x0800731c        0xc CMakeFiles/WM8960-TEST.elf.dir/Drivers/STM32F1xx_HAL_Driver/Src/stm32f1xx_ll_usb.obj
                0x0800731c                USB_SetDevAddress
 .text.USB_DevConnect
                0x08007328        0x4 CMakeFiles/WM8960-TEST.elf.dir/Drivers/STM32F1xx_HAL_Driver/Src/stm32f1xx_ll_usb.obj
                0x08007328                USB_DevConnect
 .text.USB_DevDisconnect
                0x0800732c        0x4 CMakeFiles/WM8960-TEST.elf.dir/Drivers/STM32F1xx_HAL_Driver/Src/stm32f1xx_ll_usb.obj
                0x0800732c                USB_DevDisconnect
 .text.USB_ReadInterrupts
                0x08007330        0x8 CMakeFiles/WM8960-TEST.elf.dir/Drivers/STM32F1xx_HAL_Driver/Src/stm32f1xx_ll_usb.obj
                0x08007330                USB_ReadInterrupts
 .text.USB_EP0_OutStart
                0x08007338        0x4 CMakeFiles/WM8960-TEST.elf.dir/Drivers/STM32F1xx_HAL_Driver/Src/stm32f1xx_ll_usb.obj
                0x08007338                USB_EP0_OutStart
 .text.USB_WritePMA
                0x0800733c       0x26 CMakeFiles/WM8960-TEST.elf.dir/Drivers/STM32F1xx_HAL_Driver/Src/stm32f1xx_ll_usb.obj
                0x0800733c                USB_WritePMA
 .text.USB_EPStartXfer
                0x08007362      0x7ce CMakeFiles/WM8960-TEST.elf.dir/Drivers/STM32F1xx_HAL_Driver/Src/stm32f1xx_ll_usb.obj
                0x08007362                USB_EPStartXfer
 .text.USB_ReadPMA
                0x08007b30       0x30 CMakeFiles/WM8960-TEST.elf.dir/Drivers/STM32F1xx_HAL_Driver/Src/stm32f1xx_ll_usb.obj
                0x08007b30                USB_ReadPMA
 .text.MX_FATFS_Init
                0x08007b60       0x1c CMakeFiles/WM8960-TEST.elf.dir/FATFS/App/fatfs.obj
                0x08007b60                MX_FATFS_Init
 .text.get_fattime
                0x08007b7c        0x4 CMakeFiles/WM8960-TEST.elf.dir/FATFS/App/fatfs.obj
                0x08007b7c                get_fattime
 .text.BSP_SD_ReadBlocks
                0x08007b80       0x20 CMakeFiles/WM8960-TEST.elf.dir/FATFS/Target/bsp_driver_sd.obj
                0x08007b80                BSP_SD_ReadBlocks
 .text.BSP_SD_WriteBlocks
                0x08007ba0       0x20 CMakeFiles/WM8960-TEST.elf.dir/FATFS/Target/bsp_driver_sd.obj
                0x08007ba0                BSP_SD_WriteBlocks
 .text.BSP_SD_GetCardState
                0x08007bc0       0x14 CMakeFiles/WM8960-TEST.elf.dir/FATFS/Target/bsp_driver_sd.obj
                0x08007bc0                BSP_SD_GetCardState
 .text.BSP_SD_GetCardInfo
                0x08007bd4       0x10 CMakeFiles/WM8960-TEST.elf.dir/FATFS/Target/bsp_driver_sd.obj
                0x08007bd4                BSP_SD_GetCardInfo
 .text.BSP_SD_AbortCallback
                0x08007be4        0x2 CMakeFiles/WM8960-TEST.elf.dir/FATFS/Target/bsp_driver_sd.obj
                0x08007be4                BSP_SD_AbortCallback
 .text.HAL_SD_AbortCallback
                0x08007be6        0x8 CMakeFiles/WM8960-TEST.elf.dir/FATFS/Target/bsp_driver_sd.obj
                0x08007be6                HAL_SD_AbortCallback
 .text.BSP_SD_WriteCpltCallback
                0x08007bee        0x2 CMakeFiles/WM8960-TEST.elf.dir/FATFS/Target/bsp_driver_sd.obj
                0x08007bee                BSP_SD_WriteCpltCallback
 .text.HAL_SD_TxCpltCallback
                0x08007bf0        0x8 CMakeFiles/WM8960-TEST.elf.dir/FATFS/Target/bsp_driver_sd.obj
                0x08007bf0                HAL_SD_TxCpltCallback
 .text.BSP_SD_ReadCpltCallback
                0x08007bf8        0x2 CMakeFiles/WM8960-TEST.elf.dir/FATFS/Target/bsp_driver_sd.obj
                0x08007bf8                BSP_SD_ReadCpltCallback
 .text.HAL_SD_RxCpltCallback
                0x08007bfa        0x8 CMakeFiles/WM8960-TEST.elf.dir/FATFS/Target/bsp_driver_sd.obj
                0x08007bfa                HAL_SD_RxCpltCallback
 .text.BSP_SD_IsDetected
                0x08007c02       0x10 CMakeFiles/WM8960-TEST.elf.dir/FATFS/Target/bsp_driver_sd.obj
                0x08007c02                BSP_SD_IsDetected
 *fill*         0x08007c12        0x2 
 .text.BSP_SD_Init
                0x08007c14       0x34 CMakeFiles/WM8960-TEST.elf.dir/FATFS/Target/bsp_driver_sd.obj
                0x08007c14                BSP_SD_Init
 .text.USBD_MSC_GetHSCfgDesc
                0x08007c48        0xc CMakeFiles/WM8960-TEST.elf.dir/Middlewares/ST/STM32_USB_Device_Library/Class/MSC/Src/usbd_msc.obj
                0x08007c48                USBD_MSC_GetHSCfgDesc
 .text.USBD_MSC_GetFSCfgDesc
                0x08007c54        0xc CMakeFiles/WM8960-TEST.elf.dir/Middlewares/ST/STM32_USB_Device_Library/Class/MSC/Src/usbd_msc.obj
                0x08007c54                USBD_MSC_GetFSCfgDesc
 .text.USBD_MSC_GetOtherSpeedCfgDesc
                0x08007c60        0xc CMakeFiles/WM8960-TEST.elf.dir/Middlewares/ST/STM32_USB_Device_Library/Class/MSC/Src/usbd_msc.obj
                0x08007c60                USBD_MSC_GetOtherSpeedCfgDesc
 .text.USBD_MSC_GetDeviceQualifierDescriptor
                0x08007c6c        0xc CMakeFiles/WM8960-TEST.elf.dir/Middlewares/ST/STM32_USB_Device_Library/Class/MSC/Src/usbd_msc.obj
                0x08007c6c                USBD_MSC_GetDeviceQualifierDescriptor
 .text.USBD_MSC_Init
                0x08007c78       0x66 CMakeFiles/WM8960-TEST.elf.dir/Middlewares/ST/STM32_USB_Device_Library/Class/MSC/Src/usbd_msc.obj
                0x08007c78                USBD_MSC_Init
 .text.USBD_MSC_DeInit
                0x08007cde       0x32 CMakeFiles/WM8960-TEST.elf.dir/Middlewares/ST/STM32_USB_Device_Library/Class/MSC/Src/usbd_msc.obj
                0x08007cde                USBD_MSC_DeInit
 .text.USBD_MSC_Setup
                0x08007d10      0x198 CMakeFiles/WM8960-TEST.elf.dir/Middlewares/ST/STM32_USB_Device_Library/Class/MSC/Src/usbd_msc.obj
                0x08007d10                USBD_MSC_Setup
 .text.USBD_MSC_DataIn
                0x08007ea8        0xa CMakeFiles/WM8960-TEST.elf.dir/Middlewares/ST/STM32_USB_Device_Library/Class/MSC/Src/usbd_msc.obj
                0x08007ea8                USBD_MSC_DataIn
 .text.USBD_MSC_DataOut
                0x08007eb2        0xa CMakeFiles/WM8960-TEST.elf.dir/Middlewares/ST/STM32_USB_Device_Library/Class/MSC/Src/usbd_msc.obj
                0x08007eb2                USBD_MSC_DataOut
 .text.USBD_MSC_RegisterStorage
                0x08007ebc        0xa CMakeFiles/WM8960-TEST.elf.dir/Middlewares/ST/STM32_USB_Device_Library/Class/MSC/Src/usbd_msc.obj
                0x08007ebc                USBD_MSC_RegisterStorage
 .text.MSC_BOT_SendData
                0x08007ec6       0x34 CMakeFiles/WM8960-TEST.elf.dir/Middlewares/ST/STM32_USB_Device_Library/Class/MSC/Src/usbd_msc_bot.obj
 .text.MSC_BOT_Abort
                0x08007efa       0x40 CMakeFiles/WM8960-TEST.elf.dir/Middlewares/ST/STM32_USB_Device_Library/Class/MSC/Src/usbd_msc_bot.obj
 .text.MSC_BOT_Init
                0x08007f3a       0x3e CMakeFiles/WM8960-TEST.elf.dir/Middlewares/ST/STM32_USB_Device_Library/Class/MSC/Src/usbd_msc_bot.obj
                0x08007f3a                MSC_BOT_Init
 .text.MSC_BOT_Reset
                0x08007f78       0x1a CMakeFiles/WM8960-TEST.elf.dir/Middlewares/ST/STM32_USB_Device_Library/Class/MSC/Src/usbd_msc_bot.obj
                0x08007f78                MSC_BOT_Reset
 .text.MSC_BOT_DeInit
                0x08007f92        0xa CMakeFiles/WM8960-TEST.elf.dir/Middlewares/ST/STM32_USB_Device_Library/Class/MSC/Src/usbd_msc_bot.obj
                0x08007f92                MSC_BOT_DeInit
 .text.MSC_BOT_SendCSW
                0x08007f9c       0x38 CMakeFiles/WM8960-TEST.elf.dir/Middlewares/ST/STM32_USB_Device_Library/Class/MSC/Src/usbd_msc_bot.obj
                0x08007f9c                MSC_BOT_SendCSW
 .text.MSC_BOT_DataIn
                0x08007fd4       0x3a CMakeFiles/WM8960-TEST.elf.dir/Middlewares/ST/STM32_USB_Device_Library/Class/MSC/Src/usbd_msc_bot.obj
                0x08007fd4                MSC_BOT_DataIn
 *fill*         0x0800800e        0x2 
 .text.MSC_BOT_CBW_Decode
                0x08008010       0xa8 CMakeFiles/WM8960-TEST.elf.dir/Middlewares/ST/STM32_USB_Device_Library/Class/MSC/Src/usbd_msc_bot.obj
 .text.MSC_BOT_DataOut
                0x080080b8       0x32 CMakeFiles/WM8960-TEST.elf.dir/Middlewares/ST/STM32_USB_Device_Library/Class/MSC/Src/usbd_msc_bot.obj
                0x080080b8                MSC_BOT_DataOut
 .text.MSC_BOT_CplClrFeature
                0x080080ea       0x2a CMakeFiles/WM8960-TEST.elf.dir/Middlewares/ST/STM32_USB_Device_Library/Class/MSC/Src/usbd_msc_bot.obj
                0x080080ea                MSC_BOT_CplClrFeature
 .text.SCSI_Inquiry
                0x08008114       0x5c CMakeFiles/WM8960-TEST.elf.dir/Middlewares/ST/STM32_USB_Device_Library/Class/MSC/Src/usbd_msc_scsi.obj
 .text.SCSI_ModeSense6
                0x08008170       0x24 CMakeFiles/WM8960-TEST.elf.dir/Middlewares/ST/STM32_USB_Device_Library/Class/MSC/Src/usbd_msc_scsi.obj
 .text.SCSI_ModeSense10
                0x08008194       0x24 CMakeFiles/WM8960-TEST.elf.dir/Middlewares/ST/STM32_USB_Device_Library/Class/MSC/Src/usbd_msc_scsi.obj
 .text.SCSI_RequestSense
                0x080081b8       0x66 CMakeFiles/WM8960-TEST.elf.dir/Middlewares/ST/STM32_USB_Device_Library/Class/MSC/Src/usbd_msc_scsi.obj
 .text.SCSI_StartStopUnit
                0x0800821e        0xa CMakeFiles/WM8960-TEST.elf.dir/Middlewares/ST/STM32_USB_Device_Library/Class/MSC/Src/usbd_msc_scsi.obj
 .text.SCSI_SenseCode
                0x08008228       0x2a CMakeFiles/WM8960-TEST.elf.dir/Middlewares/ST/STM32_USB_Device_Library/Class/MSC/Src/usbd_msc_scsi.obj
                0x08008228                SCSI_SenseCode
 .text.SCSI_TestUnitReady
                0x08008252       0x4a CMakeFiles/WM8960-TEST.elf.dir/Middlewares/ST/STM32_USB_Device_Library/Class/MSC/Src/usbd_msc_scsi.obj
 .text.SCSI_ReadFormatCapacity
                0x0800829c       0x7c CMakeFiles/WM8960-TEST.elf.dir/Middlewares/ST/STM32_USB_Device_Library/Class/MSC/Src/usbd_msc_scsi.obj
 .text.SCSI_ReadCapacity10
                0x08008318       0x60 CMakeFiles/WM8960-TEST.elf.dir/Middlewares/ST/STM32_USB_Device_Library/Class/MSC/Src/usbd_msc_scsi.obj
 .text.SCSI_CheckAddressRange
                0x08008378       0x22 CMakeFiles/WM8960-TEST.elf.dir/Middlewares/ST/STM32_USB_Device_Library/Class/MSC/Src/usbd_msc_scsi.obj
 .text.SCSI_ProcessRead
                0x0800839a       0x96 CMakeFiles/WM8960-TEST.elf.dir/Middlewares/ST/STM32_USB_Device_Library/Class/MSC/Src/usbd_msc_scsi.obj
 .text.SCSI_Read10
                0x08008430       0xba CMakeFiles/WM8960-TEST.elf.dir/Middlewares/ST/STM32_USB_Device_Library/Class/MSC/Src/usbd_msc_scsi.obj
 .text.SCSI_ProcessWrite
                0x080084ea       0xa8 CMakeFiles/WM8960-TEST.elf.dir/Middlewares/ST/STM32_USB_Device_Library/Class/MSC/Src/usbd_msc_scsi.obj
 .text.SCSI_Write10
                0x08008592       0xf6 CMakeFiles/WM8960-TEST.elf.dir/Middlewares/ST/STM32_USB_Device_Library/Class/MSC/Src/usbd_msc_scsi.obj
 .text.SCSI_Verify10
                0x08008688       0x38 CMakeFiles/WM8960-TEST.elf.dir/Middlewares/ST/STM32_USB_Device_Library/Class/MSC/Src/usbd_msc_scsi.obj
 .text.SCSI_ProcessCmd
                0x080086c0       0xd6 CMakeFiles/WM8960-TEST.elf.dir/Middlewares/ST/STM32_USB_Device_Library/Class/MSC/Src/usbd_msc_scsi.obj
                0x080086c0                SCSI_ProcessCmd
 .text.USBD_Init
                0x08008796       0x2e CMakeFiles/WM8960-TEST.elf.dir/Middlewares/ST/STM32_USB_Device_Library/Core/Src/usbd_core.obj
                0x08008796                USBD_Init
 .text.USBD_RegisterClass
                0x080087c4        0xe CMakeFiles/WM8960-TEST.elf.dir/Middlewares/ST/STM32_USB_Device_Library/Core/Src/usbd_core.obj
                0x080087c4                USBD_RegisterClass
 .text.USBD_Start
                0x080087d2        0xa CMakeFiles/WM8960-TEST.elf.dir/Middlewares/ST/STM32_USB_Device_Library/Core/Src/usbd_core.obj
                0x080087d2                USBD_Start
 .text.USBD_SetClassConfig
                0x080087dc       0x18 CMakeFiles/WM8960-TEST.elf.dir/Middlewares/ST/STM32_USB_Device_Library/Core/Src/usbd_core.obj
                0x080087dc                USBD_SetClassConfig
 .text.USBD_ClrClassConfig
                0x080087f4        0xe CMakeFiles/WM8960-TEST.elf.dir/Middlewares/ST/STM32_USB_Device_Library/Core/Src/usbd_core.obj
                0x080087f4                USBD_ClrClassConfig
 .text.USBD_LL_SetupStage
                0x08008802       0x5a CMakeFiles/WM8960-TEST.elf.dir/Middlewares/ST/STM32_USB_Device_Library/Core/Src/usbd_core.obj
                0x08008802                USBD_LL_SetupStage
 .text.USBD_LL_DataOutStage
                0x0800885c       0x8c CMakeFiles/WM8960-TEST.elf.dir/Middlewares/ST/STM32_USB_Device_Library/Core/Src/usbd_core.obj
                0x0800885c                USBD_LL_DataOutStage
 .text.USBD_LL_DataInStage
                0x080088e8       0xd0 CMakeFiles/WM8960-TEST.elf.dir/Middlewares/ST/STM32_USB_Device_Library/Core/Src/usbd_core.obj
                0x080088e8                USBD_LL_DataInStage
 .text.USBD_LL_Reset
                0x080089b8       0x50 CMakeFiles/WM8960-TEST.elf.dir/Middlewares/ST/STM32_USB_Device_Library/Core/Src/usbd_core.obj
                0x080089b8                USBD_LL_Reset
 .text.USBD_LL_SetSpeed
                0x08008a08        0x6 CMakeFiles/WM8960-TEST.elf.dir/Middlewares/ST/STM32_USB_Device_Library/Core/Src/usbd_core.obj
                0x08008a08                USBD_LL_SetSpeed
 .text.USBD_LL_Suspend
                0x08008a0e       0x12 CMakeFiles/WM8960-TEST.elf.dir/Middlewares/ST/STM32_USB_Device_Library/Core/Src/usbd_core.obj
                0x08008a0e                USBD_LL_Suspend
 .text.USBD_LL_Resume
                0x08008a20       0x16 CMakeFiles/WM8960-TEST.elf.dir/Middlewares/ST/STM32_USB_Device_Library/Core/Src/usbd_core.obj
                0x08008a20                USBD_LL_Resume
 .text.USBD_LL_SOF
                0x08008a36       0x1c CMakeFiles/WM8960-TEST.elf.dir/Middlewares/ST/STM32_USB_Device_Library/Core/Src/usbd_core.obj
                0x08008a36                USBD_LL_SOF
 .text.USBD_GetLen
                0x08008a52       0x14 CMakeFiles/WM8960-TEST.elf.dir/Middlewares/ST/STM32_USB_Device_Library/Core/Src/usbd_ctlreq.obj
 .text.USBD_SetFeature
                0x08008a66       0x14 CMakeFiles/WM8960-TEST.elf.dir/Middlewares/ST/STM32_USB_Device_Library/Core/Src/usbd_ctlreq.obj
 .text.USBD_ParseSetupRequest
                0x08008a7a       0x28 CMakeFiles/WM8960-TEST.elf.dir/Middlewares/ST/STM32_USB_Device_Library/Core/Src/usbd_ctlreq.obj
                0x08008a7a                USBD_ParseSetupRequest
 .text.USBD_CtlError
                0x08008aa2       0x14 CMakeFiles/WM8960-TEST.elf.dir/Middlewares/ST/STM32_USB_Device_Library/Core/Src/usbd_ctlreq.obj
                0x08008aa2                USBD_CtlError
 .text.USBD_GetDescriptor
                0x08008ab6      0x186 CMakeFiles/WM8960-TEST.elf.dir/Middlewares/ST/STM32_USB_Device_Library/Core/Src/usbd_ctlreq.obj
 .text.USBD_SetAddress
                0x08008c3c       0x4e CMakeFiles/WM8960-TEST.elf.dir/Middlewares/ST/STM32_USB_Device_Library/Core/Src/usbd_ctlreq.obj
 *fill*         0x08008c8a        0x2 
 .text.USBD_SetConfig
                0x08008c8c       0xb0 CMakeFiles/WM8960-TEST.elf.dir/Middlewares/ST/STM32_USB_Device_Library/Core/Src/usbd_ctlreq.obj
 .text.USBD_GetConfig
                0x08008d3c       0x3e CMakeFiles/WM8960-TEST.elf.dir/Middlewares/ST/STM32_USB_Device_Library/Core/Src/usbd_ctlreq.obj
 .text.USBD_GetStatus
                0x08008d7a       0x38 CMakeFiles/WM8960-TEST.elf.dir/Middlewares/ST/STM32_USB_Device_Library/Core/Src/usbd_ctlreq.obj
 .text.USBD_ClrFeature
                0x08008db2       0x26 CMakeFiles/WM8960-TEST.elf.dir/Middlewares/ST/STM32_USB_Device_Library/Core/Src/usbd_ctlreq.obj
 .text.USBD_StdDevReq
                0x08008dd8       0x68 CMakeFiles/WM8960-TEST.elf.dir/Middlewares/ST/STM32_USB_Device_Library/Core/Src/usbd_ctlreq.obj
                0x08008dd8                USBD_StdDevReq
 .text.USBD_StdItfReq
                0x08008e40       0x60 CMakeFiles/WM8960-TEST.elf.dir/Middlewares/ST/STM32_USB_Device_Library/Core/Src/usbd_ctlreq.obj
                0x08008e40                USBD_StdItfReq
 .text.USBD_StdEPReq
                0x08008ea0      0x1e2 CMakeFiles/WM8960-TEST.elf.dir/Middlewares/ST/STM32_USB_Device_Library/Core/Src/usbd_ctlreq.obj
                0x08008ea0                USBD_StdEPReq
 .text.USBD_GetString
                0x08009082       0x3a CMakeFiles/WM8960-TEST.elf.dir/Middlewares/ST/STM32_USB_Device_Library/Core/Src/usbd_ctlreq.obj
                0x08009082                USBD_GetString
 .text.USBD_CtlSendData
                0x080090bc       0x1a CMakeFiles/WM8960-TEST.elf.dir/Middlewares/ST/STM32_USB_Device_Library/Core/Src/usbd_ioreq.obj
                0x080090bc                USBD_CtlSendData
 .text.USBD_CtlContinueSendData
                0x080090d6       0x10 CMakeFiles/WM8960-TEST.elf.dir/Middlewares/ST/STM32_USB_Device_Library/Core/Src/usbd_ioreq.obj
                0x080090d6                USBD_CtlContinueSendData
 .text.USBD_CtlContinueRx
                0x080090e6       0x10 CMakeFiles/WM8960-TEST.elf.dir/Middlewares/ST/STM32_USB_Device_Library/Core/Src/usbd_ioreq.obj
                0x080090e6                USBD_CtlContinueRx
 .text.USBD_CtlSendStatus
                0x080090f6       0x16 CMakeFiles/WM8960-TEST.elf.dir/Middlewares/ST/STM32_USB_Device_Library/Core/Src/usbd_ioreq.obj
                0x080090f6                USBD_CtlSendStatus
 .text.USBD_CtlReceiveStatus
                0x0800910c       0x16 CMakeFiles/WM8960-TEST.elf.dir/Middlewares/ST/STM32_USB_Device_Library/Core/Src/usbd_ioreq.obj
                0x0800910c                USBD_CtlReceiveStatus
 *fill*         0x08009122        0x2 
 .text.disk_status
                0x08009124       0x18 CMakeFiles/WM8960-TEST.elf.dir/Middlewares/Third_Party/FatFs/src/diskio.obj
                0x08009124                disk_status
 .text.disk_initialize
                0x0800913c       0x28 CMakeFiles/WM8960-TEST.elf.dir/Middlewares/Third_Party/FatFs/src/diskio.obj
                0x0800913c                disk_initialize
 .text.disk_read
                0x08009164       0x18 CMakeFiles/WM8960-TEST.elf.dir/Middlewares/Third_Party/FatFs/src/diskio.obj
                0x08009164                disk_read
 .text.disk_write
                0x0800917c       0x18 CMakeFiles/WM8960-TEST.elf.dir/Middlewares/Third_Party/FatFs/src/diskio.obj
                0x0800917c                disk_write
 .text.disk_ioctl
                0x08009194       0x18 CMakeFiles/WM8960-TEST.elf.dir/Middlewares/Third_Party/FatFs/src/diskio.obj
                0x08009194                disk_ioctl
 .text.SD_initialize
                0x080091ac       0x24 CMakeFiles/WM8960-TEST.elf.dir/Middlewares/Third_Party/FatFs/src/drivers/sd_diskio.obj
                0x080091ac                SD_initialize
 .text.SD_status
                0x080091d0       0x24 CMakeFiles/WM8960-TEST.elf.dir/Middlewares/Third_Party/FatFs/src/drivers/sd_diskio.obj
                0x080091d0                SD_status
 .text.SD_read  0x080091f4       0x38 CMakeFiles/WM8960-TEST.elf.dir/Middlewares/Third_Party/FatFs/src/drivers/sd_diskio.obj
                0x080091f4                SD_read
 .text.SD_write
                0x0800922c       0x38 CMakeFiles/WM8960-TEST.elf.dir/Middlewares/Third_Party/FatFs/src/drivers/sd_diskio.obj
                0x0800922c                SD_write
 .text.SD_ioctl
                0x08009264       0x54 CMakeFiles/WM8960-TEST.elf.dir/Middlewares/Third_Party/FatFs/src/drivers/sd_diskio.obj
                0x08009264                SD_ioctl
 .text.mem_cpy  0x080092b8       0x14 CMakeFiles/WM8960-TEST.elf.dir/Middlewares/Third_Party/FatFs/src/ff.obj
 .text.mem_set  0x080092cc       0x10 CMakeFiles/WM8960-TEST.elf.dir/Middlewares/Third_Party/FatFs/src/ff.obj
 .text.mem_cmp  0x080092dc       0x1e CMakeFiles/WM8960-TEST.elf.dir/Middlewares/Third_Party/FatFs/src/ff.obj
 .text.chk_chr  0x080092fa       0x10 CMakeFiles/WM8960-TEST.elf.dir/Middlewares/Third_Party/FatFs/src/ff.obj
 *fill*         0x0800930a        0x2 
 .text.chk_lock
                0x0800930c       0x88 CMakeFiles/WM8960-TEST.elf.dir/Middlewares/Third_Party/FatFs/src/ff.obj
 .text.enq_lock
                0x08009394       0x24 CMakeFiles/WM8960-TEST.elf.dir/Middlewares/Third_Party/FatFs/src/ff.obj
 .text.inc_lock
                0x080093b8       0xcc CMakeFiles/WM8960-TEST.elf.dir/Middlewares/Third_Party/FatFs/src/ff.obj
 .text.dec_lock
                0x08009484       0x4c CMakeFiles/WM8960-TEST.elf.dir/Middlewares/Third_Party/FatFs/src/ff.obj
 .text.clear_lock
                0x080094d0       0x44 CMakeFiles/WM8960-TEST.elf.dir/Middlewares/Third_Party/FatFs/src/ff.obj
 .text.clmt_clust
                0x08009514       0x28 CMakeFiles/WM8960-TEST.elf.dir/Middlewares/Third_Party/FatFs/src/ff.obj
 .text.ld_clust
                0x0800953c       0x22 CMakeFiles/WM8960-TEST.elf.dir/Middlewares/Third_Party/FatFs/src/ff.obj
 .text.st_clust
                0x0800955e       0x14 CMakeFiles/WM8960-TEST.elf.dir/Middlewares/Third_Party/FatFs/src/ff.obj
 *fill*         0x08009572        0x2 
 .text.pick_lfn
                0x08009574       0x80 CMakeFiles/WM8960-TEST.elf.dir/Middlewares/Third_Party/FatFs/src/ff.obj
 .text.fit_lfn  0x080095f4       0x78 CMakeFiles/WM8960-TEST.elf.dir/Middlewares/Third_Party/FatFs/src/ff.obj
 .text.gen_numname
                0x0800966c       0xbc CMakeFiles/WM8960-TEST.elf.dir/Middlewares/Third_Party/FatFs/src/ff.obj
 .text.sum_sfn  0x08009728       0x20 CMakeFiles/WM8960-TEST.elf.dir/Middlewares/Third_Party/FatFs/src/ff.obj
 .text.get_ldnumber
                0x08009748       0x52 CMakeFiles/WM8960-TEST.elf.dir/Middlewares/Third_Party/FatFs/src/ff.obj
 .text.sync_window
                0x0800979a       0x5e CMakeFiles/WM8960-TEST.elf.dir/Middlewares/Third_Party/FatFs/src/ff.obj
 .text.move_window
                0x080097f8       0x3a CMakeFiles/WM8960-TEST.elf.dir/Middlewares/Third_Party/FatFs/src/ff.obj
 *fill*         0x08009832        0x2 
 .text.check_fs
                0x08009834       0x90 CMakeFiles/WM8960-TEST.elf.dir/Middlewares/Third_Party/FatFs/src/ff.obj
 .text.validate
                0x080098c4       0x34 CMakeFiles/WM8960-TEST.elf.dir/Middlewares/Third_Party/FatFs/src/ff.obj
 .text.find_volume
                0x080098f8      0x3ac CMakeFiles/WM8960-TEST.elf.dir/Middlewares/Third_Party/FatFs/src/ff.obj
 .text.get_fileinfo
                0x08009ca4       0xf2 CMakeFiles/WM8960-TEST.elf.dir/Middlewares/Third_Party/FatFs/src/ff.obj
 *fill*         0x08009d96        0x2 
 .text.create_name
                0x08009d98      0x27c CMakeFiles/WM8960-TEST.elf.dir/Middlewares/Third_Party/FatFs/src/ff.obj
 .text.cmp_lfn  0x0800a014       0x88 CMakeFiles/WM8960-TEST.elf.dir/Middlewares/Third_Party/FatFs/src/ff.obj
 .text.sync_fs  0x0800a09c       0xc2 CMakeFiles/WM8960-TEST.elf.dir/Middlewares/Third_Party/FatFs/src/ff.obj
 .text.clust2sect
                0x0800a15e       0x1e CMakeFiles/WM8960-TEST.elf.dir/Middlewares/Third_Party/FatFs/src/ff.obj
                0x0800a15e                clust2sect
 .text.get_fat  0x0800a17c       0xdc CMakeFiles/WM8960-TEST.elf.dir/Middlewares/Third_Party/FatFs/src/ff.obj
                0x0800a17c                get_fat
 .text.dir_sdi  0x0800a258       0xb6 CMakeFiles/WM8960-TEST.elf.dir/Middlewares/Third_Party/FatFs/src/ff.obj
 .text.put_fat  0x0800a30e      0x116 CMakeFiles/WM8960-TEST.elf.dir/Middlewares/Third_Party/FatFs/src/ff.obj
                0x0800a30e                put_fat
 .text.create_chain
                0x0800a424       0xce CMakeFiles/WM8960-TEST.elf.dir/Middlewares/Third_Party/FatFs/src/ff.obj
 .text.dir_next
                0x0800a4f2      0x140 CMakeFiles/WM8960-TEST.elf.dir/Middlewares/Third_Party/FatFs/src/ff.obj
 .text.dir_find
                0x0800a632       0xe8 CMakeFiles/WM8960-TEST.elf.dir/Middlewares/Third_Party/FatFs/src/ff.obj
 .text.follow_path
                0x0800a71a       0x88 CMakeFiles/WM8960-TEST.elf.dir/Middlewares/Third_Party/FatFs/src/ff.obj
 .text.dir_alloc
                0x0800a7a2       0x54 CMakeFiles/WM8960-TEST.elf.dir/Middlewares/Third_Party/FatFs/src/ff.obj
 *fill*         0x0800a7f6        0x2 
 .text.dir_register
                0x0800a7f8      0x154 CMakeFiles/WM8960-TEST.elf.dir/Middlewares/Third_Party/FatFs/src/ff.obj
 .text.dir_read
                0x0800a94c       0xc8 CMakeFiles/WM8960-TEST.elf.dir/Middlewares/Third_Party/FatFs/src/ff.obj
 .text.dir_remove
                0x0800aa14       0x72 CMakeFiles/WM8960-TEST.elf.dir/Middlewares/Third_Party/FatFs/src/ff.obj
 .text.remove_chain
                0x0800aa86       0x74 CMakeFiles/WM8960-TEST.elf.dir/Middlewares/Third_Party/FatFs/src/ff.obj
 *fill*         0x0800aafa        0x2 
 .text.f_mount  0x0800aafc       0x60 CMakeFiles/WM8960-TEST.elf.dir/Middlewares/Third_Party/FatFs/src/ff.obj
                0x0800aafc                f_mount
 .text.f_open   0x0800ab5c      0x1e6 CMakeFiles/WM8960-TEST.elf.dir/Middlewares/Third_Party/FatFs/src/ff.obj
                0x0800ab5c                f_open
 .text.f_read   0x0800ad42      0x1ec CMakeFiles/WM8960-TEST.elf.dir/Middlewares/Third_Party/FatFs/src/ff.obj
                0x0800ad42                f_read
 .text.f_write  0x0800af2e      0x23a CMakeFiles/WM8960-TEST.elf.dir/Middlewares/Third_Party/FatFs/src/ff.obj
                0x0800af2e                f_write
 .text.f_sync   0x0800b168       0xbe CMakeFiles/WM8960-TEST.elf.dir/Middlewares/Third_Party/FatFs/src/ff.obj
                0x0800b168                f_sync
 .text.f_close  0x0800b226       0x28 CMakeFiles/WM8960-TEST.elf.dir/Middlewares/Third_Party/FatFs/src/ff.obj
                0x0800b226                f_close
 .text.f_lseek  0x0800b24e      0x310 CMakeFiles/WM8960-TEST.elf.dir/Middlewares/Third_Party/FatFs/src/ff.obj
                0x0800b24e                f_lseek
 .text.f_opendir
                0x0800b55e       0xa6 CMakeFiles/WM8960-TEST.elf.dir/Middlewares/Third_Party/FatFs/src/ff.obj
                0x0800b55e                f_opendir
 .text.f_closedir
                0x0800b604       0x22 CMakeFiles/WM8960-TEST.elf.dir/Middlewares/Third_Party/FatFs/src/ff.obj
                0x0800b604                f_closedir
 .text.f_readdir
                0x0800b626       0x64 CMakeFiles/WM8960-TEST.elf.dir/Middlewares/Third_Party/FatFs/src/ff.obj
                0x0800b626                f_readdir
 .text.f_unlink
                0x0800b68a       0xd4 CMakeFiles/WM8960-TEST.elf.dir/Middlewares/Third_Party/FatFs/src/ff.obj
                0x0800b68a                f_unlink
 *fill*         0x0800b75e        0x2 
 .text.FATFS_LinkDriverEx
                0x0800b760       0x54 CMakeFiles/WM8960-TEST.elf.dir/Middlewares/Third_Party/FatFs/src/ff_gen_drv.obj
                0x0800b760                FATFS_LinkDriverEx
 .text.FATFS_LinkDriver
                0x0800b7b4        0xa CMakeFiles/WM8960-TEST.elf.dir/Middlewares/Third_Party/FatFs/src/ff_gen_drv.obj
                0x0800b7b4                FATFS_LinkDriver
 *fill*         0x0800b7be        0x2 
 .text.ff_convert
                0x0800b7c0       0x54 CMakeFiles/WM8960-TEST.elf.dir/Middlewares/Third_Party/FatFs/src/option/cc936.obj
                0x0800b7c0                ff_convert
 .text.ff_wtoupper
                0x0800b814       0x24 CMakeFiles/WM8960-TEST.elf.dir/Middlewares/Third_Party/FatFs/src/option/cc936.obj
                0x0800b814                ff_wtoupper
 .text.makeFreeRtosPriority
                0x0800b838        0xc CMakeFiles/WM8960-TEST.elf.dir/Middlewares/Third_Party/FreeRTOS/Source/CMSIS_RTOS/cmsis_os.obj
 .text.osKernelStart
                0x0800b844        0xa CMakeFiles/WM8960-TEST.elf.dir/Middlewares/Third_Party/FreeRTOS/Source/CMSIS_RTOS/cmsis_os.obj
                0x0800b844                osKernelStart
 .text.osThreadCreate
                0x0800b84e       0x36 CMakeFiles/WM8960-TEST.elf.dir/Middlewares/Third_Party/FreeRTOS/Source/CMSIS_RTOS/cmsis_os.obj
                0x0800b84e                osThreadCreate
 .text.vListInitialise
                0x0800b884       0x16 CMakeFiles/WM8960-TEST.elf.dir/Middlewares/Third_Party/FreeRTOS/Source/list.obj
                0x0800b884                vListInitialise
 .text.vListInitialiseItem
                0x0800b89a        0x6 CMakeFiles/WM8960-TEST.elf.dir/Middlewares/Third_Party/FreeRTOS/Source/list.obj
                0x0800b89a                vListInitialiseItem
 .text.vListInsertEnd
                0x0800b8a0       0x16 CMakeFiles/WM8960-TEST.elf.dir/Middlewares/Third_Party/FreeRTOS/Source/list.obj
                0x0800b8a0                vListInsertEnd
 .text.vListInsert
                0x0800b8b6       0x32 CMakeFiles/WM8960-TEST.elf.dir/Middlewares/Third_Party/FreeRTOS/Source/list.obj
                0x0800b8b6                vListInsert
 .text.uxListRemove
                0x0800b8e8       0x26 CMakeFiles/WM8960-TEST.elf.dir/Middlewares/Third_Party/FreeRTOS/Source/list.obj
                0x0800b8e8                uxListRemove
 *fill*         0x0800b90e        0x2 
 .text.prvTaskExitError
                0x0800b910       0x40 CMakeFiles/WM8960-TEST.elf.dir/Middlewares/Third_Party/FreeRTOS/Source/portable/GCC/ARM_CM3/port.obj
 .text.prvPortStartFirstTask
                0x0800b950       0x20 CMakeFiles/WM8960-TEST.elf.dir/Middlewares/Third_Party/FreeRTOS/Source/portable/GCC/ARM_CM3/port.obj
 .text.pxPortInitialiseStack
                0x0800b970       0x24 CMakeFiles/WM8960-TEST.elf.dir/Middlewares/Third_Party/FreeRTOS/Source/portable/GCC/ARM_CM3/port.obj
                0x0800b970                pxPortInitialiseStack
 *fill*         0x0800b994        0xc 
 .text.SVC_Handler
                0x0800b9a0       0x24 CMakeFiles/WM8960-TEST.elf.dir/Middlewares/Third_Party/FreeRTOS/Source/portable/GCC/ARM_CM3/port.obj
                0x0800b9a0                SVC_Handler
 .text.vPortEnterCritical
                0x0800b9c4       0x44 CMakeFiles/WM8960-TEST.elf.dir/Middlewares/Third_Party/FreeRTOS/Source/portable/GCC/ARM_CM3/port.obj
                0x0800b9c4                vPortEnterCritical
 .text.vPortExitCritical
                0x0800ba08       0x2c CMakeFiles/WM8960-TEST.elf.dir/Middlewares/Third_Party/FreeRTOS/Source/portable/GCC/ARM_CM3/port.obj
                0x0800ba08                vPortExitCritical
 *fill*         0x0800ba34        0xc 
 .text.PendSV_Handler
                0x0800ba40       0x44 CMakeFiles/WM8960-TEST.elf.dir/Middlewares/Third_Party/FreeRTOS/Source/portable/GCC/ARM_CM3/port.obj
                0x0800ba40                PendSV_Handler
 .text.SysTick_Handler
                0x0800ba84       0x2c CMakeFiles/WM8960-TEST.elf.dir/Middlewares/Third_Party/FreeRTOS/Source/portable/GCC/ARM_CM3/port.obj
                0x0800ba84                SysTick_Handler
 .text.vPortSetupTimerInterrupt
                0x0800bab0       0x28 CMakeFiles/WM8960-TEST.elf.dir/Middlewares/Third_Party/FreeRTOS/Source/portable/GCC/ARM_CM3/port.obj
                0x0800bab0                vPortSetupTimerInterrupt
 .text.xPortStartScheduler
                0x0800bad8       0xc0 CMakeFiles/WM8960-TEST.elf.dir/Middlewares/Third_Party/FreeRTOS/Source/portable/GCC/ARM_CM3/port.obj
                0x0800bad8                xPortStartScheduler
 .text.prvTaskIsTaskSuspended
                0x0800bb98       0x40 CMakeFiles/WM8960-TEST.elf.dir/Middlewares/Third_Party/FreeRTOS/Source/tasks.obj
 .text.prvResetNextTaskUnblockTime
                0x0800bbd8       0x2c CMakeFiles/WM8960-TEST.elf.dir/Middlewares/Third_Party/FreeRTOS/Source/tasks.obj
 .text.prvInitialiseNewTask
                0x0800bc04       0x90 CMakeFiles/WM8960-TEST.elf.dir/Middlewares/Third_Party/FreeRTOS/Source/tasks.obj
 .text.prvInitialiseTaskLists
                0x0800bc94       0x68 CMakeFiles/WM8960-TEST.elf.dir/Middlewares/Third_Party/FreeRTOS/Source/tasks.obj
 .text.prvAddNewTaskToReadyList
                0x0800bcfc       0xa8 CMakeFiles/WM8960-TEST.elf.dir/Middlewares/Third_Party/FreeRTOS/Source/tasks.obj
 .text.prvCheckTasksWaitingTermination
                0x0800bda4       0x40 CMakeFiles/WM8960-TEST.elf.dir/Middlewares/Third_Party/FreeRTOS/Source/tasks.obj
 .text.prvIdleTask
                0x0800bde4       0x28 CMakeFiles/WM8960-TEST.elf.dir/Middlewares/Third_Party/FreeRTOS/Source/tasks.obj
 .text.prvAddCurrentTaskToDelayedList
                0x0800be0c       0x98 CMakeFiles/WM8960-TEST.elf.dir/Middlewares/Third_Party/FreeRTOS/Source/tasks.obj
 .text.xTaskCreateStatic
                0x0800bea4       0x6e CMakeFiles/WM8960-TEST.elf.dir/Middlewares/Third_Party/FreeRTOS/Source/tasks.obj
                0x0800bea4                xTaskCreateStatic
 *fill*         0x0800bf12        0x2 
 .text.vTaskResume
                0x0800bf14       0x88 CMakeFiles/WM8960-TEST.elf.dir/Middlewares/Third_Party/FreeRTOS/Source/tasks.obj
                0x0800bf14                vTaskResume
 .text.vTaskStartScheduler
                0x0800bf9c       0x74 CMakeFiles/WM8960-TEST.elf.dir/Middlewares/Third_Party/FreeRTOS/Source/tasks.obj
                0x0800bf9c                vTaskStartScheduler
 .text.vTaskSuspendAll
                0x0800c010       0x10 CMakeFiles/WM8960-TEST.elf.dir/Middlewares/Third_Party/FreeRTOS/Source/tasks.obj
                0x0800c010                vTaskSuspendAll
 .text.xTaskGetTickCount
                0x0800c020        0xc CMakeFiles/WM8960-TEST.elf.dir/Middlewares/Third_Party/FreeRTOS/Source/tasks.obj
                0x0800c020                xTaskGetTickCount
 .text.xTaskIncrementTick
                0x0800c02c      0x118 CMakeFiles/WM8960-TEST.elf.dir/Middlewares/Third_Party/FreeRTOS/Source/tasks.obj
                0x0800c02c                xTaskIncrementTick
 .text.xTaskResumeAll
                0x0800c144       0xf8 CMakeFiles/WM8960-TEST.elf.dir/Middlewares/Third_Party/FreeRTOS/Source/tasks.obj
                0x0800c144                xTaskResumeAll
 .text.vTaskDelayUntil
                0x0800c23c       0xa4 CMakeFiles/WM8960-TEST.elf.dir/Middlewares/Third_Party/FreeRTOS/Source/tasks.obj
                0x0800c23c                vTaskDelayUntil
 .text.vTaskSwitchContext
                0x0800c2e0       0x98 CMakeFiles/WM8960-TEST.elf.dir/Middlewares/Third_Party/FreeRTOS/Source/tasks.obj
                0x0800c2e0                vTaskSwitchContext
 .text.vTaskSuspend
                0x0800c378       0xec CMakeFiles/WM8960-TEST.elf.dir/Middlewares/Third_Party/FreeRTOS/Source/tasks.obj
                0x0800c378                vTaskSuspend
 .text.MX_USB_DEVICE_Init
                0x0800c464       0x54 CMakeFiles/WM8960-TEST.elf.dir/USB_DEVICE/App/usb_device.obj
                0x0800c464                MX_USB_DEVICE_Init
 .text.USBD_FS_DeviceDescriptor
                0x0800c4b8        0xc CMakeFiles/WM8960-TEST.elf.dir/USB_DEVICE/App/usbd_desc.obj
                0x0800c4b8                USBD_FS_DeviceDescriptor
 .text.USBD_FS_LangIDStrDescriptor
                0x0800c4c4        0xc CMakeFiles/WM8960-TEST.elf.dir/USB_DEVICE/App/usbd_desc.obj
                0x0800c4c4                USBD_FS_LangIDStrDescriptor
 .text.IntToUnicode
                0x0800c4d0       0x46 CMakeFiles/WM8960-TEST.elf.dir/USB_DEVICE/App/usbd_desc.obj
 *fill*         0x0800c516        0x2 
 .text.Get_SerialNum
                0x0800c518       0x38 CMakeFiles/WM8960-TEST.elf.dir/USB_DEVICE/App/usbd_desc.obj
 .text.USBD_FS_SerialStrDescriptor
                0x0800c550       0x14 CMakeFiles/WM8960-TEST.elf.dir/USB_DEVICE/App/usbd_desc.obj
                0x0800c550                USBD_FS_SerialStrDescriptor
 .text.USBD_FS_ProductStrDescriptor
                0x0800c564       0x24 CMakeFiles/WM8960-TEST.elf.dir/USB_DEVICE/App/usbd_desc.obj
                0x0800c564                USBD_FS_ProductStrDescriptor
 .text.USBD_FS_ManufacturerStrDescriptor
                0x0800c588       0x1c CMakeFiles/WM8960-TEST.elf.dir/USB_DEVICE/App/usbd_desc.obj
                0x0800c588                USBD_FS_ManufacturerStrDescriptor
 .text.USBD_FS_ConfigStrDescriptor
                0x0800c5a4       0x24 CMakeFiles/WM8960-TEST.elf.dir/USB_DEVICE/App/usbd_desc.obj
                0x0800c5a4                USBD_FS_ConfigStrDescriptor
 .text.USBD_FS_InterfaceStrDescriptor
                0x0800c5c8       0x24 CMakeFiles/WM8960-TEST.elf.dir/USB_DEVICE/App/usbd_desc.obj
                0x0800c5c8                USBD_FS_InterfaceStrDescriptor
 .text.STORAGE_Init_FS
                0x0800c5ec        0x4 CMakeFiles/WM8960-TEST.elf.dir/USB_DEVICE/App/usbd_storage_if.obj
 .text.STORAGE_IsWriteProtected_FS
                0x0800c5f0        0x4 CMakeFiles/WM8960-TEST.elf.dir/USB_DEVICE/App/usbd_storage_if.obj
 .text.STORAGE_GetMaxLun_FS
                0x0800c5f4        0x4 CMakeFiles/WM8960-TEST.elf.dir/USB_DEVICE/App/usbd_storage_if.obj
 .text.STORAGE_Write_FS
                0x0800c5f8       0x34 CMakeFiles/WM8960-TEST.elf.dir/USB_DEVICE/App/usbd_storage_if.obj
 .text.STORAGE_Read_FS
                0x0800c62c       0x34 CMakeFiles/WM8960-TEST.elf.dir/USB_DEVICE/App/usbd_storage_if.obj
 .text.STORAGE_IsReady_FS
                0x0800c660       0x18 CMakeFiles/WM8960-TEST.elf.dir/USB_DEVICE/App/usbd_storage_if.obj
 .text.STORAGE_GetCapacity_FS
                0x0800c678       0x30 CMakeFiles/WM8960-TEST.elf.dir/USB_DEVICE/App/usbd_storage_if.obj
 .text.USBD_Get_USB_Status
                0x0800c6a8       0x14 CMakeFiles/WM8960-TEST.elf.dir/USB_DEVICE/Target/usbd_conf.obj
 .text.HAL_PCD_MspInit
                0x0800c6bc       0x40 CMakeFiles/WM8960-TEST.elf.dir/USB_DEVICE/Target/usbd_conf.obj
                0x0800c6bc                HAL_PCD_MspInit
 .text.HAL_PCD_SetupStageCallback
                0x0800c6fc       0x10 CMakeFiles/WM8960-TEST.elf.dir/USB_DEVICE/Target/usbd_conf.obj
                0x0800c6fc                HAL_PCD_SetupStageCallback
 .text.HAL_PCD_DataOutStageCallback
                0x0800c70c       0x18 CMakeFiles/WM8960-TEST.elf.dir/USB_DEVICE/Target/usbd_conf.obj
                0x0800c70c                HAL_PCD_DataOutStageCallback
 .text.HAL_PCD_DataInStageCallback
                0x0800c724       0x16 CMakeFiles/WM8960-TEST.elf.dir/USB_DEVICE/Target/usbd_conf.obj
                0x0800c724                HAL_PCD_DataInStageCallback
 .text.HAL_PCD_SOFCallback
                0x0800c73a        0xc CMakeFiles/WM8960-TEST.elf.dir/USB_DEVICE/Target/usbd_conf.obj
                0x0800c73a                HAL_PCD_SOFCallback
 .text.HAL_PCD_ResetCallback
                0x0800c746       0x24 CMakeFiles/WM8960-TEST.elf.dir/USB_DEVICE/Target/usbd_conf.obj
                0x0800c746                HAL_PCD_ResetCallback
 *fill*         0x0800c76a        0x2 
 .text.HAL_PCD_SuspendCallback
                0x0800c76c       0x20 CMakeFiles/WM8960-TEST.elf.dir/USB_DEVICE/Target/usbd_conf.obj
                0x0800c76c                HAL_PCD_SuspendCallback
 .text.HAL_PCD_ResumeCallback
                0x0800c78c        0xc CMakeFiles/WM8960-TEST.elf.dir/USB_DEVICE/Target/usbd_conf.obj
                0x0800c78c                HAL_PCD_ResumeCallback
 .text.USBD_LL_Init
                0x0800c798       0x74 CMakeFiles/WM8960-TEST.elf.dir/USB_DEVICE/Target/usbd_conf.obj
                0x0800c798                USBD_LL_Init
 .text.USBD_LL_Start
                0x0800c80c       0x10 CMakeFiles/WM8960-TEST.elf.dir/USB_DEVICE/Target/usbd_conf.obj
                0x0800c80c                USBD_LL_Start
 .text.USBD_LL_OpenEP
                0x0800c81c       0x16 CMakeFiles/WM8960-TEST.elf.dir/USB_DEVICE/Target/usbd_conf.obj
                0x0800c81c                USBD_LL_OpenEP
 .text.USBD_LL_CloseEP
                0x0800c832       0x10 CMakeFiles/WM8960-TEST.elf.dir/USB_DEVICE/Target/usbd_conf.obj
                0x0800c832                USBD_LL_CloseEP
 .text.USBD_LL_FlushEP
                0x0800c842       0x10 CMakeFiles/WM8960-TEST.elf.dir/USB_DEVICE/Target/usbd_conf.obj
                0x0800c842                USBD_LL_FlushEP
 .text.USBD_LL_StallEP
                0x0800c852       0x10 CMakeFiles/WM8960-TEST.elf.dir/USB_DEVICE/Target/usbd_conf.obj
                0x0800c852                USBD_LL_StallEP
 .text.USBD_LL_ClearStallEP
                0x0800c862       0x10 CMakeFiles/WM8960-TEST.elf.dir/USB_DEVICE/Target/usbd_conf.obj
                0x0800c862                USBD_LL_ClearStallEP
 .text.USBD_LL_IsStallEP
                0x0800c872       0x2e CMakeFiles/WM8960-TEST.elf.dir/USB_DEVICE/Target/usbd_conf.obj
                0x0800c872                USBD_LL_IsStallEP
 .text.USBD_LL_SetUSBAddress
                0x0800c8a0       0x10 CMakeFiles/WM8960-TEST.elf.dir/USB_DEVICE/Target/usbd_conf.obj